Archive member included to satisfy reference by file (symbol)

.\ARM_GCC_541\Debug\StaticSegLCD_Example01.a(LCD_SegStat.o)
                              .\ARM_GCC_541\Debug\main.o (LCD_SegStat_Start)
.\ARM_GCC_541\Debug\StaticSegLCD_Example01.a(LCD_SegStat_INT.o)
                              .\ARM_GCC_541\Debug\StaticSegLCD_Example01.a(LCD_SegStat.o) (LCD_SegStat_ISR)
.\ARM_GCC_541\Debug\StaticSegLCD_Example01.a(LCD_SegStat_Pins.o)
                              .\ARM_GCC_541\Debug\main.o (LCD_SegStat_SegPort_SetDriveMode)
.\ARM_GCC_541\Debug\StaticSegLCD_Example01.a(LCD_SegStat_PM.o)
                              .\ARM_GCC_541\Debug\main.o (LCD_SegStat_Sleep)
.\ARM_GCC_541\Debug\StaticSegLCD_Example01.a(WakeUpIsr.o)
                              .\ARM_GCC_541\Debug\main.o (WakeUpIsr_StartEx)
.\ARM_GCC_541\Debug\StaticSegLCD_Example01.a(Pin_wakeup.o)
                              .\ARM_GCC_541\Debug\main.o (Pin_wakeup_ClearInterrupt)
.\ARM_GCC_541\Debug\StaticSegLCD_Example01.a(LCD_Char.o)
                              .\ARM_GCC_541\Debug\main.o (LCD_Char_Start)
.\ARM_GCC_541\Debug\StaticSegLCD_Example01.a(LCD_SegStat_InClock.o)
                              .\ARM_GCC_541\Debug\StaticSegLCD_Example01.a(LCD_SegStat.o) (LCD_SegStat_InClock_Start)
.\ARM_GCC_541\Debug\StaticSegLCD_Example01.a(LCD_SegStat_Lcd_Dma_dma.o)
                              .\ARM_GCC_541\Debug\StaticSegLCD_Example01.a(LCD_SegStat.o) (LCD_SegStat_Lcd_Dma_DmaInitialize)
.\ARM_GCC_541\Debug\StaticSegLCD_Example01.a(CyDmac.o)
                              .\ARM_GCC_541\Debug\Cm3Start.o (CyDmacConfigure)
.\ARM_GCC_541\Debug\StaticSegLCD_Example01.a(CyLib.o)
                              .\ARM_GCC_541\Debug\Cm3Start.o (CyResetStatus)
.\ARM_GCC_541\Debug\StaticSegLCD_Example01.a(cyPm.o)
                              .\ARM_GCC_541\Debug\main.o (CyPmSleep)
.\ARM_GCC_541\Debug\StaticSegLCD_Example01.a(CyBootAsmGnu.o)
                              .\ARM_GCC_541\Debug\StaticSegLCD_Example01.a(CyLib.o) (CyDelayCycles)
.\ARM_GCC_541\Debug\StaticSegLCD_Example01.a(CyFlash.o)
                              .\ARM_GCC_541\Debug\StaticSegLCD_Example01.a(cyPm.o) (CyFlash_SetWaitCycles)
.\ARM_GCC_541\Debug\StaticSegLCD_Example01.a(CySpc.o)
                              .\ARM_GCC_541\Debug\StaticSegLCD_Example01.a(CyFlash.o) (CySpcStart)
c:/program files (x86)/cypress/psoc creator/4.1/psoc creator/import/gnu/arm/5.4.1/bin/../lib/gcc/arm-none-eabi/5.4.1/../../../../arm-none-eabi/lib/armv7-m\libg_nano.a(lib_a-errno.o)
                              .\ARM_GCC_541\Debug\Cm3Start.o (__errno)
c:/program files (x86)/cypress/psoc creator/4.1/psoc creator/import/gnu/arm/5.4.1/bin/../lib/gcc/arm-none-eabi/5.4.1/../../../../arm-none-eabi/lib/armv7-m\libg_nano.a(lib_a-exit.o)
                              c:/program files (x86)/cypress/psoc creator/4.1/psoc creator/import/gnu/arm/5.4.1/bin/../lib/gcc/arm-none-eabi/5.4.1/../../../../arm-none-eabi/lib/armv7-m/crt0.o (exit)
c:/program files (x86)/cypress/psoc creator/4.1/psoc creator/import/gnu/arm/5.4.1/bin/../lib/gcc/arm-none-eabi/5.4.1/../../../../arm-none-eabi/lib/armv7-m\libg_nano.a(lib_a-impure.o)
                              c:/program files (x86)/cypress/psoc creator/4.1/psoc creator/import/gnu/arm/5.4.1/bin/../lib/gcc/arm-none-eabi/5.4.1/../../../../arm-none-eabi/lib/armv7-m\libg_nano.a(lib_a-exit.o) (_global_impure_ptr)
c:/program files (x86)/cypress/psoc creator/4.1/psoc creator/import/gnu/arm/5.4.1/bin/../lib/gcc/arm-none-eabi/5.4.1/../../../../arm-none-eabi/lib/armv7-m\libg_nano.a(lib_a-init.o)
                              c:/program files (x86)/cypress/psoc creator/4.1/psoc creator/import/gnu/arm/5.4.1/bin/../lib/gcc/arm-none-eabi/5.4.1/../../../../arm-none-eabi/lib/armv7-m/crt0.o (__libc_init_array)
c:/program files (x86)/cypress/psoc creator/4.1/psoc creator/import/gnu/arm/5.4.1/bin/../lib/gcc/arm-none-eabi/5.4.1/../../../../arm-none-eabi/lib/armv7-m\libg_nano.a(lib_a-memcpy-stub.o)
                              .\ARM_GCC_541\Debug\cyfitter_cfg.o (memcpy)
c:/program files (x86)/cypress/psoc creator/4.1/psoc creator/import/gnu/arm/5.4.1/bin/../lib/gcc/arm-none-eabi/5.4.1/../../../../arm-none-eabi/lib/armv7-m\libg_nano.a(lib_a-memset.o)
                              c:/program files (x86)/cypress/psoc creator/4.1/psoc creator/import/gnu/arm/5.4.1/bin/../lib/gcc/arm-none-eabi/5.4.1/../../../../arm-none-eabi/lib/armv7-m/crt0.o (memset)

Allocating common symbols
Common symbol       size              file

dieTemperature      0x2               .\ARM_GCC_541\Debug\StaticSegLCD_Example01.a(CyFlash.o)

Discarded input sections

 .text          0x00000000        0x0 c:/program files (x86)/cypress/psoc creator/4.1/psoc creator/import/gnu/arm/5.4.1/bin/../lib/gcc/arm-none-eabi/5.4.1/armv7-m/crti.o
 .data          0x00000000        0x0 c:/program files (x86)/cypress/psoc creator/4.1/psoc creator/import/gnu/arm/5.4.1/bin/../lib/gcc/arm-none-eabi/5.4.1/armv7-m/crti.o
 .bss           0x00000000        0x0 c:/program files (x86)/cypress/psoc creator/4.1/psoc creator/import/gnu/arm/5.4.1/bin/../lib/gcc/arm-none-eabi/5.4.1/armv7-m/crti.o
 .data          0x00000000        0x4 c:/program files (x86)/cypress/psoc creator/4.1/psoc creator/import/gnu/arm/5.4.1/bin/../lib/gcc/arm-none-eabi/5.4.1/armv7-m/crtbegin.o
 .text          0x00000000       0x74 c:/program files (x86)/cypress/psoc creator/4.1/psoc creator/import/gnu/arm/5.4.1/bin/../lib/gcc/arm-none-eabi/5.4.1/../../../../arm-none-eabi/lib/armv7-m/crt0.o
 .data          0x00000000        0x0 c:/program files (x86)/cypress/psoc creator/4.1/psoc creator/import/gnu/arm/5.4.1/bin/../lib/gcc/arm-none-eabi/5.4.1/../../../../arm-none-eabi/lib/armv7-m/crt0.o
 .bss           0x00000000        0x0 c:/program files (x86)/cypress/psoc creator/4.1/psoc creator/import/gnu/arm/5.4.1/bin/../lib/gcc/arm-none-eabi/5.4.1/../../../../arm-none-eabi/lib/armv7-m/crt0.o
 .ARM.extab     0x00000000        0x0 c:/program files (x86)/cypress/psoc creator/4.1/psoc creator/import/gnu/arm/5.4.1/bin/../lib/gcc/arm-none-eabi/5.4.1/../../../../arm-none-eabi/lib/armv7-m/crt0.o
 .ARM.exidx     0x00000000        0x8 c:/program files (x86)/cypress/psoc creator/4.1/psoc creator/import/gnu/arm/5.4.1/bin/../lib/gcc/arm-none-eabi/5.4.1/../../../../arm-none-eabi/lib/armv7-m/crt0.o
 .text          0x00000000        0x0 .\ARM_GCC_541\Debug\main.o
 .data          0x00000000        0x0 .\ARM_GCC_541\Debug\main.o
 .bss           0x00000000        0x0 .\ARM_GCC_541\Debug\main.o
 .text          0x00000000        0x0 .\ARM_GCC_541\Debug\cyfitter_cfg.o
 .data          0x00000000        0x0 .\ARM_GCC_541\Debug\cyfitter_cfg.o
 .bss           0x00000000        0x0 .\ARM_GCC_541\Debug\cyfitter_cfg.o
 .text.CYCONFIGCPYCODE
                0x00000000       0x20 .\ARM_GCC_541\Debug\cyfitter_cfg.o
 .text.SetAnalogRoutingPumps
                0x00000000       0x28 .\ARM_GCC_541\Debug\cyfitter_cfg.o
 .text          0x00000000        0x0 .\ARM_GCC_541\Debug\cymetadata.o
 .data          0x00000000        0x0 .\ARM_GCC_541\Debug\cymetadata.o
 .bss           0x00000000        0x0 .\ARM_GCC_541\Debug\cymetadata.o
 .text          0x00000000        0x0 .\ARM_GCC_541\Debug\Cm3Start.o
 .data          0x00000000        0x4 .\ARM_GCC_541\Debug\Cm3Start.o
 .bss           0x00000000        0x0 .\ARM_GCC_541\Debug\Cm3Start.o
 .text._exit    0x00000000       0x14 .\ARM_GCC_541\Debug\Cm3Start.o
 .text._sbrk    0x00000000       0x50 .\ARM_GCC_541\Debug\Cm3Start.o
 .text          0x00000000        0x0 .\ARM_GCC_541\Debug\StaticSegLCD_Example01.a(LCD_SegStat.o)
 .text.LCD_SegStat_EnableInt
                0x00000000       0x18 .\ARM_GCC_541\Debug\StaticSegLCD_Example01.a(LCD_SegStat.o)
 .text.LCD_SegStat_DisableInt
                0x00000000       0x18 .\ARM_GCC_541\Debug\StaticSegLCD_Example01.a(LCD_SegStat.o)
 .text.LCD_SegStat_WriteInvertState
                0x00000000       0x48 .\ARM_GCC_541\Debug\StaticSegLCD_Example01.a(LCD_SegStat.o)
 .text.LCD_SegStat_ReadInvertState
                0x00000000       0x2c .\ARM_GCC_541\Debug\StaticSegLCD_Example01.a(LCD_SegStat.o)
 .text          0x00000000        0x0 .\ARM_GCC_541\Debug\StaticSegLCD_Example01.a(LCD_SegStat_INT.o)
 .data          0x00000000        0x0 .\ARM_GCC_541\Debug\StaticSegLCD_Example01.a(LCD_SegStat_INT.o)
 .bss           0x00000000        0x0 .\ARM_GCC_541\Debug\StaticSegLCD_Example01.a(LCD_SegStat_INT.o)
 .text          0x00000000        0x0 .\ARM_GCC_541\Debug\StaticSegLCD_Example01.a(LCD_SegStat_Pins.o)
 .data          0x00000000        0x0 .\ARM_GCC_541\Debug\StaticSegLCD_Example01.a(LCD_SegStat_Pins.o)
 .bss           0x00000000        0x0 .\ARM_GCC_541\Debug\StaticSegLCD_Example01.a(LCD_SegStat_Pins.o)
 .text          0x00000000        0x0 .\ARM_GCC_541\Debug\StaticSegLCD_Example01.a(LCD_SegStat_PM.o)
 .data          0x00000000        0x0 .\ARM_GCC_541\Debug\StaticSegLCD_Example01.a(LCD_SegStat_PM.o)
 .text          0x00000000        0x0 .\ARM_GCC_541\Debug\StaticSegLCD_Example01.a(WakeUpIsr.o)
 .data          0x00000000        0x0 .\ARM_GCC_541\Debug\StaticSegLCD_Example01.a(WakeUpIsr.o)
 .bss           0x00000000        0x0 .\ARM_GCC_541\Debug\StaticSegLCD_Example01.a(WakeUpIsr.o)
 .text.WakeUpIsr_Start
                0x00000000       0x20 .\ARM_GCC_541\Debug\StaticSegLCD_Example01.a(WakeUpIsr.o)
 .text.WakeUpIsr_Stop
                0x00000000       0x18 .\ARM_GCC_541\Debug\StaticSegLCD_Example01.a(WakeUpIsr.o)
 .text.WakeUpIsr_Interrupt
                0x00000000        0xc .\ARM_GCC_541\Debug\StaticSegLCD_Example01.a(WakeUpIsr.o)
 .text.WakeUpIsr_GetVector
                0x00000000       0x20 .\ARM_GCC_541\Debug\StaticSegLCD_Example01.a(WakeUpIsr.o)
 .text.WakeUpIsr_GetPriority
                0x00000000       0x20 .\ARM_GCC_541\Debug\StaticSegLCD_Example01.a(WakeUpIsr.o)
 .text.WakeUpIsr_GetState
                0x00000000       0x24 .\ARM_GCC_541\Debug\StaticSegLCD_Example01.a(WakeUpIsr.o)
 .text.WakeUpIsr_SetPending
                0x00000000       0x18 .\ARM_GCC_541\Debug\StaticSegLCD_Example01.a(WakeUpIsr.o)
 .text.WakeUpIsr_ClearPending
                0x00000000       0x18 .\ARM_GCC_541\Debug\StaticSegLCD_Example01.a(WakeUpIsr.o)
 .text          0x00000000        0x0 .\ARM_GCC_541\Debug\StaticSegLCD_Example01.a(Pin_wakeup.o)
 .data          0x00000000        0x0 .\ARM_GCC_541\Debug\StaticSegLCD_Example01.a(Pin_wakeup.o)
 .bss           0x00000000        0x0 .\ARM_GCC_541\Debug\StaticSegLCD_Example01.a(Pin_wakeup.o)
 .text.Pin_wakeup_Write
                0x00000000       0x3c .\ARM_GCC_541\Debug\StaticSegLCD_Example01.a(Pin_wakeup.o)
 .text.Pin_wakeup_SetDriveMode
                0x00000000       0x3c .\ARM_GCC_541\Debug\StaticSegLCD_Example01.a(Pin_wakeup.o)
 .text.Pin_wakeup_Read
                0x00000000       0x20 .\ARM_GCC_541\Debug\StaticSegLCD_Example01.a(Pin_wakeup.o)
 .text.Pin_wakeup_ReadDataReg
                0x00000000       0x20 .\ARM_GCC_541\Debug\StaticSegLCD_Example01.a(Pin_wakeup.o)
 .text.Pin_wakeup_SetInterruptMode
                0x00000000       0x30 .\ARM_GCC_541\Debug\StaticSegLCD_Example01.a(Pin_wakeup.o)
 .text          0x00000000        0x0 .\ARM_GCC_541\Debug\StaticSegLCD_Example01.a(LCD_Char.o)
 .data          0x00000000        0x0 .\ARM_GCC_541\Debug\StaticSegLCD_Example01.a(LCD_Char.o)
 .text.LCD_Char_Stop
                0x00000000       0x18 .\ARM_GCC_541\Debug\StaticSegLCD_Example01.a(LCD_Char.o)
 .text.LCD_Char_PutChar
                0x00000000       0x1c .\ARM_GCC_541\Debug\StaticSegLCD_Example01.a(LCD_Char.o)
 .text.LCD_Char_PrintInt8
                0x00000000       0x38 .\ARM_GCC_541\Debug\StaticSegLCD_Example01.a(LCD_Char.o)
 .text.LCD_Char_PrintInt16
                0x00000000       0x2c .\ARM_GCC_541\Debug\StaticSegLCD_Example01.a(LCD_Char.o)
 .text.LCD_Char_PrintInt32
                0x00000000       0x34 .\ARM_GCC_541\Debug\StaticSegLCD_Example01.a(LCD_Char.o)
 .text.LCD_Char_PrintU32Number
                0x00000000       0xa4 .\ARM_GCC_541\Debug\StaticSegLCD_Example01.a(LCD_Char.o)
 .rodata        0x00000000       0x10 .\ARM_GCC_541\Debug\StaticSegLCD_Example01.a(LCD_Char.o)
 .text          0x00000000        0x0 .\ARM_GCC_541\Debug\StaticSegLCD_Example01.a(LCD_SegStat_InClock.o)
 .data          0x00000000        0x0 .\ARM_GCC_541\Debug\StaticSegLCD_Example01.a(LCD_SegStat_InClock.o)
 .bss           0x00000000        0x0 .\ARM_GCC_541\Debug\StaticSegLCD_Example01.a(LCD_SegStat_InClock.o)
 .text.LCD_SegStat_InClock_StopBlock
                0x00000000       0xb0 .\ARM_GCC_541\Debug\StaticSegLCD_Example01.a(LCD_SegStat_InClock.o)
 .text.LCD_SegStat_InClock_StandbyPower
                0x00000000       0x40 .\ARM_GCC_541\Debug\StaticSegLCD_Example01.a(LCD_SegStat_InClock.o)
 .text.LCD_SegStat_InClock_SetDividerRegister
                0x00000000      0x164 .\ARM_GCC_541\Debug\StaticSegLCD_Example01.a(LCD_SegStat_InClock.o)
 .text.LCD_SegStat_InClock_GetDividerRegister
                0x00000000       0x18 .\ARM_GCC_541\Debug\StaticSegLCD_Example01.a(LCD_SegStat_InClock.o)
 .text.LCD_SegStat_InClock_SetModeRegister
                0x00000000       0x34 .\ARM_GCC_541\Debug\StaticSegLCD_Example01.a(LCD_SegStat_InClock.o)
 .text.LCD_SegStat_InClock_ClearModeRegister
                0x00000000       0x34 .\ARM_GCC_541\Debug\StaticSegLCD_Example01.a(LCD_SegStat_InClock.o)
 .text.LCD_SegStat_InClock_GetModeRegister
                0x00000000       0x1c .\ARM_GCC_541\Debug\StaticSegLCD_Example01.a(LCD_SegStat_InClock.o)
 .text.LCD_SegStat_InClock_SetSourceRegister
                0x00000000       0xc4 .\ARM_GCC_541\Debug\StaticSegLCD_Example01.a(LCD_SegStat_InClock.o)
 .text.LCD_SegStat_InClock_GetSourceRegister
                0x00000000       0x1c .\ARM_GCC_541\Debug\StaticSegLCD_Example01.a(LCD_SegStat_InClock.o)
 .text          0x00000000        0x0 .\ARM_GCC_541\Debug\StaticSegLCD_Example01.a(LCD_SegStat_Lcd_Dma_dma.o)
 .bss           0x00000000        0x0 .\ARM_GCC_541\Debug\StaticSegLCD_Example01.a(LCD_SegStat_Lcd_Dma_dma.o)
 .text          0x00000000        0x0 .\ARM_GCC_541\Debug\StaticSegLCD_Example01.a(CyDmac.o)
 .bss           0x00000000        0x0 .\ARM_GCC_541\Debug\StaticSegLCD_Example01.a(CyDmac.o)
 .text.CyDmacError
                0x00000000       0x1c .\ARM_GCC_541\Debug\StaticSegLCD_Example01.a(CyDmac.o)
 .text.CyDmacClearError
                0x00000000       0x24 .\ARM_GCC_541\Debug\StaticSegLCD_Example01.a(CyDmac.o)
 .text.CyDmacErrorAddress
                0x00000000       0x14 .\ARM_GCC_541\Debug\StaticSegLCD_Example01.a(CyDmac.o)
 .text.CyDmaChAlloc
                0x00000000       0x64 .\ARM_GCC_541\Debug\StaticSegLCD_Example01.a(CyDmac.o)
 .text.CyDmaClearPendingDrq
                0x00000000       0x60 .\ARM_GCC_541\Debug\StaticSegLCD_Example01.a(CyDmac.o)
 .text.CyDmaChSetRequest
                0x00000000       0x58 .\ARM_GCC_541\Debug\StaticSegLCD_Example01.a(CyDmac.o)
 .text.CyDmaChGetRequest
                0x00000000       0x38 .\ARM_GCC_541\Debug\StaticSegLCD_Example01.a(CyDmac.o)
 .text.CyDmaChStatus
                0x00000000       0x60 .\ARM_GCC_541\Debug\StaticSegLCD_Example01.a(CyDmac.o)
 .text.CyDmaTdFreeCount
                0x00000000       0x18 .\ARM_GCC_541\Debug\StaticSegLCD_Example01.a(CyDmac.o)
 .text.CyDmaTdGetConfiguration
                0x00000000       0x84 .\ARM_GCC_541\Debug\StaticSegLCD_Example01.a(CyDmac.o)
 .text.CyDmaTdGetAddress
                0x00000000       0x6c .\ARM_GCC_541\Debug\StaticSegLCD_Example01.a(CyDmac.o)
 .text.CyDmaChRoundRobin
                0x00000000       0x70 .\ARM_GCC_541\Debug\StaticSegLCD_Example01.a(CyDmac.o)
 .text          0x00000000        0x0 .\ARM_GCC_541\Debug\StaticSegLCD_Example01.a(CyLib.o)
 .bss           0x00000000       0x19 .\ARM_GCC_541\Debug\StaticSegLCD_Example01.a(CyLib.o)
 .text.CyPLL_OUT_Start
                0x00000000       0xb0 .\ARM_GCC_541\Debug\StaticSegLCD_Example01.a(CyLib.o)
 .text.CyPLL_OUT_Stop
                0x00000000       0x20 .\ARM_GCC_541\Debug\StaticSegLCD_Example01.a(CyLib.o)
 .text.CyPLL_OUT_SetPQ
                0x00000000       0x94 .\ARM_GCC_541\Debug\StaticSegLCD_Example01.a(CyLib.o)
 .text.CyPLL_OUT_SetSource
                0x00000000       0x58 .\ARM_GCC_541\Debug\StaticSegLCD_Example01.a(CyLib.o)
 .text.CyIMO_Start
                0x00000000       0x94 .\ARM_GCC_541\Debug\StaticSegLCD_Example01.a(CyLib.o)
 .text.CyIMO_Stop
                0x00000000       0x34 .\ARM_GCC_541\Debug\StaticSegLCD_Example01.a(CyLib.o)
 .text.CyUSB_PowerOnCheck
                0x00000000       0x60 .\ARM_GCC_541\Debug\StaticSegLCD_Example01.a(CyLib.o)
 .text.CyIMO_SetTrimValue
                0x00000000      0x108 .\ARM_GCC_541\Debug\StaticSegLCD_Example01.a(CyLib.o)
 .text.CyIMO_SetFreq
                0x00000000      0x1b0 .\ARM_GCC_541\Debug\StaticSegLCD_Example01.a(CyLib.o)
 .text.CyIMO_SetSource
                0x00000000       0x8c .\ARM_GCC_541\Debug\StaticSegLCD_Example01.a(CyLib.o)
 .text.CyIMO_EnableDoubler
                0x00000000       0x20 .\ARM_GCC_541\Debug\StaticSegLCD_Example01.a(CyLib.o)
 .text.CyIMO_DisableDoubler
                0x00000000       0x20 .\ARM_GCC_541\Debug\StaticSegLCD_Example01.a(CyLib.o)
 .text.CyMasterClk_SetSource
                0x00000000       0x34 .\ARM_GCC_541\Debug\StaticSegLCD_Example01.a(CyLib.o)
 .text.CyMasterClk_SetDivider
                0x00000000       0x20 .\ARM_GCC_541\Debug\StaticSegLCD_Example01.a(CyLib.o)
 .text.CyBusClk_Internal_SetDivider
                0x00000000       0x78 .\ARM_GCC_541\Debug\StaticSegLCD_Example01.a(CyLib.o)
 .text.CyBusClk_SetDivider
                0x00000000       0xb4 .\ARM_GCC_541\Debug\StaticSegLCD_Example01.a(CyLib.o)
 .text.CyUsbClk_SetSource
                0x00000000       0x34 .\ARM_GCC_541\Debug\StaticSegLCD_Example01.a(CyLib.o)
 .text.CyILO_Start1K
                0x00000000       0x20 .\ARM_GCC_541\Debug\StaticSegLCD_Example01.a(CyLib.o)
 .text.CyILO_Stop1K
                0x00000000       0x20 .\ARM_GCC_541\Debug\StaticSegLCD_Example01.a(CyLib.o)
 .text.CyILO_Start100K
                0x00000000       0x20 .\ARM_GCC_541\Debug\StaticSegLCD_Example01.a(CyLib.o)
 .text.CyILO_Stop100K
                0x00000000       0x20 .\ARM_GCC_541\Debug\StaticSegLCD_Example01.a(CyLib.o)
 .text.CyILO_Enable33K
                0x00000000       0x20 .\ARM_GCC_541\Debug\StaticSegLCD_Example01.a(CyLib.o)
 .text.CyILO_Disable33K
                0x00000000       0x20 .\ARM_GCC_541\Debug\StaticSegLCD_Example01.a(CyLib.o)
 .text.CyILO_SetSource
                0x00000000       0x38 .\ARM_GCC_541\Debug\StaticSegLCD_Example01.a(CyLib.o)
 .text.CyILO_SetPowerMode
                0x00000000       0x4c .\ARM_GCC_541\Debug\StaticSegLCD_Example01.a(CyLib.o)
 .text.CyXTAL_32KHZ_Start
                0x00000000       0x88 .\ARM_GCC_541\Debug\StaticSegLCD_Example01.a(CyLib.o)
 .text.CyXTAL_32KHZ_Stop
                0x00000000       0x50 .\ARM_GCC_541\Debug\StaticSegLCD_Example01.a(CyLib.o)
 .text.CyXTAL_32KHZ_ReadStatus
                0x00000000       0x1c .\ARM_GCC_541\Debug\StaticSegLCD_Example01.a(CyLib.o)
 .text.CyXTAL_32KHZ_SetPowerMode
                0x00000000       0xb4 .\ARM_GCC_541\Debug\StaticSegLCD_Example01.a(CyLib.o)
 .text.CyXTAL_Start
                0x00000000       0xd0 .\ARM_GCC_541\Debug\StaticSegLCD_Example01.a(CyLib.o)
 .text.CyXTAL_Stop
                0x00000000       0x20 .\ARM_GCC_541\Debug\StaticSegLCD_Example01.a(CyLib.o)
 .text.CyXTAL_EnableErrStatus
                0x00000000       0x20 .\ARM_GCC_541\Debug\StaticSegLCD_Example01.a(CyLib.o)
 .text.CyXTAL_DisableErrStatus
                0x00000000       0x20 .\ARM_GCC_541\Debug\StaticSegLCD_Example01.a(CyLib.o)
 .text.CyXTAL_ReadStatus
                0x00000000       0x24 .\ARM_GCC_541\Debug\StaticSegLCD_Example01.a(CyLib.o)
 .text.CyXTAL_EnableFaultRecovery
                0x00000000       0x20 .\ARM_GCC_541\Debug\StaticSegLCD_Example01.a(CyLib.o)
 .text.CyXTAL_DisableFaultRecovery
                0x00000000       0x20 .\ARM_GCC_541\Debug\StaticSegLCD_Example01.a(CyLib.o)
 .text.CyXTAL_SetStartup
                0x00000000       0x34 .\ARM_GCC_541\Debug\StaticSegLCD_Example01.a(CyLib.o)
 .text.CyXTAL_SetFbVoltage
                0x00000000       0x34 .\ARM_GCC_541\Debug\StaticSegLCD_Example01.a(CyLib.o)
 .text.CyXTAL_SetWdVoltage
                0x00000000       0x38 .\ARM_GCC_541\Debug\StaticSegLCD_Example01.a(CyLib.o)
 .text.CySoftwareReset
                0x00000000       0x20 .\ARM_GCC_541\Debug\StaticSegLCD_Example01.a(CyLib.o)
 .text.CyDelayFreq
                0x00000000       0x7c .\ARM_GCC_541\Debug\StaticSegLCD_Example01.a(CyLib.o)
 .text.CyWdtStart
                0x00000000       0x8c .\ARM_GCC_541\Debug\StaticSegLCD_Example01.a(CyLib.o)
 .text.CyWdtClear
                0x00000000       0x18 .\ARM_GCC_541\Debug\StaticSegLCD_Example01.a(CyLib.o)
 .text.CyVdLvDigitEnable
                0x00000000       0xcc .\ARM_GCC_541\Debug\StaticSegLCD_Example01.a(CyLib.o)
 .text.CyVdLvAnalogEnable
                0x00000000       0xcc .\ARM_GCC_541\Debug\StaticSegLCD_Example01.a(CyLib.o)
 .text.CyVdLvDigitDisable
                0x00000000       0x48 .\ARM_GCC_541\Debug\StaticSegLCD_Example01.a(CyLib.o)
 .text.CyVdLvAnalogDisable
                0x00000000       0x44 .\ARM_GCC_541\Debug\StaticSegLCD_Example01.a(CyLib.o)
 .text.CyVdHvAnalogEnable
                0x00000000       0x7c .\ARM_GCC_541\Debug\StaticSegLCD_Example01.a(CyLib.o)
 .text.CyVdHvAnalogDisable
                0x00000000       0x30 .\ARM_GCC_541\Debug\StaticSegLCD_Example01.a(CyLib.o)
 .text.CyVdStickyStatus
                0x00000000       0x5c .\ARM_GCC_541\Debug\StaticSegLCD_Example01.a(CyLib.o)
 .text.CyVdRealTimeStatus
                0x00000000       0x30 .\ARM_GCC_541\Debug\StaticSegLCD_Example01.a(CyLib.o)
 .text.CyDisableInts
                0x00000000       0x34 .\ARM_GCC_541\Debug\StaticSegLCD_Example01.a(CyLib.o)
 .text.CyEnableInts
                0x00000000       0x2c .\ARM_GCC_541\Debug\StaticSegLCD_Example01.a(CyLib.o)
 .text.CyFlushCache
                0x00000000       0x5c .\ARM_GCC_541\Debug\StaticSegLCD_Example01.a(CyLib.o)
 .text.CyIntSetSysVector
                0x00000000       0x4c .\ARM_GCC_541\Debug\StaticSegLCD_Example01.a(CyLib.o)
 .text.CyIntGetSysVector
                0x00000000       0x38 .\ARM_GCC_541\Debug\StaticSegLCD_Example01.a(CyLib.o)
 .text.CyIntGetVector
                0x00000000       0x38 .\ARM_GCC_541\Debug\StaticSegLCD_Example01.a(CyLib.o)
 .text.CyIntGetPriority
                0x00000000       0x38 .\ARM_GCC_541\Debug\StaticSegLCD_Example01.a(CyLib.o)
 .text.CyIntGetState
                0x00000000       0x44 .\ARM_GCC_541\Debug\StaticSegLCD_Example01.a(CyLib.o)
 .text.CySysTickStart
                0x00000000       0x24 .\ARM_GCC_541\Debug\StaticSegLCD_Example01.a(CyLib.o)
 .text.CySysTickInit
                0x00000000       0x6c .\ARM_GCC_541\Debug\StaticSegLCD_Example01.a(CyLib.o)
 .text.CySysTickEnable
                0x00000000       0x1c .\ARM_GCC_541\Debug\StaticSegLCD_Example01.a(CyLib.o)
 .text.CySysTickStop
                0x00000000       0x1c .\ARM_GCC_541\Debug\StaticSegLCD_Example01.a(CyLib.o)
 .text.CySysTickEnableInterrupt
                0x00000000       0x1c .\ARM_GCC_541\Debug\StaticSegLCD_Example01.a(CyLib.o)
 .text.CySysTickDisableInterrupt
                0x00000000       0x1c .\ARM_GCC_541\Debug\StaticSegLCD_Example01.a(CyLib.o)
 .text.CySysTickSetReload
                0x00000000       0x20 .\ARM_GCC_541\Debug\StaticSegLCD_Example01.a(CyLib.o)
 .text.CySysTickGetReload
                0x00000000       0x18 .\ARM_GCC_541\Debug\StaticSegLCD_Example01.a(CyLib.o)
 .text.CySysTickGetValue
                0x00000000       0x18 .\ARM_GCC_541\Debug\StaticSegLCD_Example01.a(CyLib.o)
 .text.CySysTickSetClockSource
                0x00000000       0x38 .\ARM_GCC_541\Debug\StaticSegLCD_Example01.a(CyLib.o)
 .text.CySysTickGetClockSource
                0x00000000       0x1c .\ARM_GCC_541\Debug\StaticSegLCD_Example01.a(CyLib.o)
 .text.CySysTickGetCountFlag
                0x00000000       0x1c .\ARM_GCC_541\Debug\StaticSegLCD_Example01.a(CyLib.o)
 .text.CySysTickClear
                0x00000000       0x18 .\ARM_GCC_541\Debug\StaticSegLCD_Example01.a(CyLib.o)
 .text.CySysTickSetCallback
                0x00000000       0x30 .\ARM_GCC_541\Debug\StaticSegLCD_Example01.a(CyLib.o)
 .text.CySysTickGetCallback
                0x00000000       0x20 .\ARM_GCC_541\Debug\StaticSegLCD_Example01.a(CyLib.o)
 .text.CySysTickServiceCallbacks
                0x00000000       0x44 .\ARM_GCC_541\Debug\StaticSegLCD_Example01.a(CyLib.o)
 .text.CyGetUniqueId
                0x00000000       0xc4 .\ARM_GCC_541\Debug\StaticSegLCD_Example01.a(CyLib.o)
 .text          0x00000000        0x0 .\ARM_GCC_541\Debug\StaticSegLCD_Example01.a(cyPm.o)
 .data          0x00000000        0x0 .\ARM_GCC_541\Debug\StaticSegLCD_Example01.a(cyPm.o)
 .rodata        0x00000000        0xf .\ARM_GCC_541\Debug\StaticSegLCD_Example01.a(cyPm.o)
 .text.CyPmSaveClocks
                0x00000000      0x288 .\ARM_GCC_541\Debug\StaticSegLCD_Example01.a(cyPm.o)
 .text.CyPmRestoreClocks
                0x00000000      0x2f0 .\ARM_GCC_541\Debug\StaticSegLCD_Example01.a(cyPm.o)
 .text.CyPmAltAct
                0x00000000       0xbc .\ARM_GCC_541\Debug\StaticSegLCD_Example01.a(cyPm.o)
 .text.CyPmHibernate
                0x00000000       0x10 .\ARM_GCC_541\Debug\StaticSegLCD_Example01.a(cyPm.o)
 .text.CyPmHibernateEx
                0x00000000      0x158 .\ARM_GCC_541\Debug\StaticSegLCD_Example01.a(cyPm.o)
 .text.CyPmReadStatus
                0x00000000       0x5c .\ARM_GCC_541\Debug\StaticSegLCD_Example01.a(cyPm.o)
 .text.CyPmHibSaveSet
                0x00000000       0xe8 .\ARM_GCC_541\Debug\StaticSegLCD_Example01.a(cyPm.o)
 .text.CyPmHibRestore
                0x00000000       0x78 .\ARM_GCC_541\Debug\StaticSegLCD_Example01.a(cyPm.o)
 .text.CyPmCtwSetInterval
                0x00000000       0x94 .\ARM_GCC_541\Debug\StaticSegLCD_Example01.a(cyPm.o)
 .text.CyPmOppsSet
                0x00000000       0x44 .\ARM_GCC_541\Debug\StaticSegLCD_Example01.a(cyPm.o)
 .text.CyPmFtwSetInterval
                0x00000000       0x94 .\ARM_GCC_541\Debug\StaticSegLCD_Example01.a(cyPm.o)
 .text.CyPmHviLviSaveDisable
                0x00000000       0xd8 .\ARM_GCC_541\Debug\StaticSegLCD_Example01.a(cyPm.o)
 .text.CyPmHviLviRestore
                0x00000000       0x58 .\ARM_GCC_541\Debug\StaticSegLCD_Example01.a(cyPm.o)
 .data          0x00000000        0x0 .\ARM_GCC_541\Debug\StaticSegLCD_Example01.a(CyBootAsmGnu.o)
 .bss           0x00000000        0x0 .\ARM_GCC_541\Debug\StaticSegLCD_Example01.a(CyBootAsmGnu.o)
 .text          0x00000000        0x0 .\ARM_GCC_541\Debug\StaticSegLCD_Example01.a(CyFlash.o)
 .data          0x00000000        0x0 .\ARM_GCC_541\Debug\StaticSegLCD_Example01.a(CyFlash.o)
 .bss           0x00000000        0x4 .\ARM_GCC_541\Debug\StaticSegLCD_Example01.a(CyFlash.o)
 .text.CyFlash_Start
                0x00000000       0x8c .\ARM_GCC_541\Debug\StaticSegLCD_Example01.a(CyFlash.o)
 .text.CyFlash_Stop
                0x00000000       0x48 .\ARM_GCC_541\Debug\StaticSegLCD_Example01.a(CyFlash.o)
 .text.CySetTempInt
                0x00000000       0x7c .\ARM_GCC_541\Debug\StaticSegLCD_Example01.a(CyFlash.o)
 .text.CyFlashGetSpcAlgorithm
                0x00000000       0x70 .\ARM_GCC_541\Debug\StaticSegLCD_Example01.a(CyFlash.o)
 .text.CySetTemp
                0x00000000       0x24 .\ARM_GCC_541\Debug\StaticSegLCD_Example01.a(CyFlash.o)
 .text.CySetFlashEEBuffer
                0x00000000       0x54 .\ARM_GCC_541\Debug\StaticSegLCD_Example01.a(CyFlash.o)
 .text.CyWriteRowData
                0x00000000       0x38 .\ARM_GCC_541\Debug\StaticSegLCD_Example01.a(CyFlash.o)
 .text.CyWriteRowFull
                0x00000000      0x154 .\ARM_GCC_541\Debug\StaticSegLCD_Example01.a(CyFlash.o)
 .text.CyFlash_SetWaitCycles
                0x00000000       0xbc .\ARM_GCC_541\Debug\StaticSegLCD_Example01.a(CyFlash.o)
 .text.CyEEPROM_Start
                0x00000000       0x8c .\ARM_GCC_541\Debug\StaticSegLCD_Example01.a(CyFlash.o)
 .text.CyEEPROM_Stop
                0x00000000       0x48 .\ARM_GCC_541\Debug\StaticSegLCD_Example01.a(CyFlash.o)
 .text.CyEEPROM_ReadReserve
                0x00000000       0x30 .\ARM_GCC_541\Debug\StaticSegLCD_Example01.a(CyFlash.o)
 .text.CyEEPROM_ReadRelease
                0x00000000       0x20 .\ARM_GCC_541\Debug\StaticSegLCD_Example01.a(CyFlash.o)
 COMMON         0x00000000        0x2 .\ARM_GCC_541\Debug\StaticSegLCD_Example01.a(CyFlash.o)
 .text          0x00000000        0x0 .\ARM_GCC_541\Debug\StaticSegLCD_Example01.a(CySpc.o)
 .data          0x00000000        0x0 .\ARM_GCC_541\Debug\StaticSegLCD_Example01.a(CySpc.o)
 .bss           0x00000000        0x8 .\ARM_GCC_541\Debug\StaticSegLCD_Example01.a(CySpc.o)
 .text.CySpcStart
                0x00000000       0x48 .\ARM_GCC_541\Debug\StaticSegLCD_Example01.a(CySpc.o)
 .text.CySpcStop
                0x00000000       0x48 .\ARM_GCC_541\Debug\StaticSegLCD_Example01.a(CySpc.o)
 .text.CySpcReadData
                0x00000000       0x54 .\ARM_GCC_541\Debug\StaticSegLCD_Example01.a(CySpc.o)
 .text.CySpcLoadMultiByte
                0x00000000       0xd0 .\ARM_GCC_541\Debug\StaticSegLCD_Example01.a(CySpc.o)
 .text.CySpcLoadRow
                0x00000000       0x88 .\ARM_GCC_541\Debug\StaticSegLCD_Example01.a(CySpc.o)
 .text.CySpcLoadRowFull
                0x00000000       0xcc .\ARM_GCC_541\Debug\StaticSegLCD_Example01.a(CySpc.o)
 .text.CySpcWriteRow
                0x00000000       0x98 .\ARM_GCC_541\Debug\StaticSegLCD_Example01.a(CySpc.o)
 .text.CySpcEraseSector
                0x00000000       0x70 .\ARM_GCC_541\Debug\StaticSegLCD_Example01.a(CySpc.o)
 .text.CySpcGetTemp
                0x00000000       0x64 .\ARM_GCC_541\Debug\StaticSegLCD_Example01.a(CySpc.o)
 .text.CySpcLock
                0x00000000       0x68 .\ARM_GCC_541\Debug\StaticSegLCD_Example01.a(CySpc.o)
 .text.CySpcUnlock
                0x00000000       0x50 .\ARM_GCC_541\Debug\StaticSegLCD_Example01.a(CySpc.o)
 .text.CySpcGetAlgorithm
                0x00000000       0x44 .\ARM_GCC_541\Debug\StaticSegLCD_Example01.a(CySpc.o)
 .text          0x00000000        0x0 c:/program files (x86)/cypress/psoc creator/4.1/psoc creator/import/gnu/arm/5.4.1/bin/../lib/gcc/arm-none-eabi/5.4.1/../../../../arm-none-eabi/lib/armv7-m\libg_nano.a(lib_a-errno.o)
 .data          0x00000000        0x0 c:/program files (x86)/cypress/psoc creator/4.1/psoc creator/import/gnu/arm/5.4.1/bin/../lib/gcc/arm-none-eabi/5.4.1/../../../../arm-none-eabi/lib/armv7-m\libg_nano.a(lib_a-errno.o)
 .bss           0x00000000        0x0 c:/program files (x86)/cypress/psoc creator/4.1/psoc creator/import/gnu/arm/5.4.1/bin/../lib/gcc/arm-none-eabi/5.4.1/../../../../arm-none-eabi/lib/armv7-m\libg_nano.a(lib_a-errno.o)
 .text          0x00000000        0x0 c:/program files (x86)/cypress/psoc creator/4.1/psoc creator/import/gnu/arm/5.4.1/bin/../lib/gcc/arm-none-eabi/5.4.1/../../../../arm-none-eabi/lib/armv7-m\libg_nano.a(lib_a-exit.o)
 .data          0x00000000        0x0 c:/program files (x86)/cypress/psoc creator/4.1/psoc creator/import/gnu/arm/5.4.1/bin/../lib/gcc/arm-none-eabi/5.4.1/../../../../arm-none-eabi/lib/armv7-m\libg_nano.a(lib_a-exit.o)
 .bss           0x00000000        0x0 c:/program files (x86)/cypress/psoc creator/4.1/psoc creator/import/gnu/arm/5.4.1/bin/../lib/gcc/arm-none-eabi/5.4.1/../../../../arm-none-eabi/lib/armv7-m\libg_nano.a(lib_a-exit.o)
 .text.exit     0x00000000       0x28 c:/program files (x86)/cypress/psoc creator/4.1/psoc creator/import/gnu/arm/5.4.1/bin/../lib/gcc/arm-none-eabi/5.4.1/../../../../arm-none-eabi/lib/armv7-m\libg_nano.a(lib_a-exit.o)
 .text          0x00000000        0x0 c:/program files (x86)/cypress/psoc creator/4.1/psoc creator/import/gnu/arm/5.4.1/bin/../lib/gcc/arm-none-eabi/5.4.1/../../../../arm-none-eabi/lib/armv7-m\libg_nano.a(lib_a-impure.o)
 .data          0x00000000        0x0 c:/program files (x86)/cypress/psoc creator/4.1/psoc creator/import/gnu/arm/5.4.1/bin/../lib/gcc/arm-none-eabi/5.4.1/../../../../arm-none-eabi/lib/armv7-m\libg_nano.a(lib_a-impure.o)
 .bss           0x00000000        0x0 c:/program files (x86)/cypress/psoc creator/4.1/psoc creator/import/gnu/arm/5.4.1/bin/../lib/gcc/arm-none-eabi/5.4.1/../../../../arm-none-eabi/lib/armv7-m\libg_nano.a(lib_a-impure.o)
 .rodata._global_impure_ptr
                0x00000000        0x4 c:/program files (x86)/cypress/psoc creator/4.1/psoc creator/import/gnu/arm/5.4.1/bin/../lib/gcc/arm-none-eabi/5.4.1/../../../../arm-none-eabi/lib/armv7-m\libg_nano.a(lib_a-impure.o)
 .text          0x00000000        0x0 c:/program files (x86)/cypress/psoc creator/4.1/psoc creator/import/gnu/arm/5.4.1/bin/../lib/gcc/arm-none-eabi/5.4.1/../../../../arm-none-eabi/lib/armv7-m\libg_nano.a(lib_a-init.o)
 .data          0x00000000        0x0 c:/program files (x86)/cypress/psoc creator/4.1/psoc creator/import/gnu/arm/5.4.1/bin/../lib/gcc/arm-none-eabi/5.4.1/../../../../arm-none-eabi/lib/armv7-m\libg_nano.a(lib_a-init.o)
 .bss           0x00000000        0x0 c:/program files (x86)/cypress/psoc creator/4.1/psoc creator/import/gnu/arm/5.4.1/bin/../lib/gcc/arm-none-eabi/5.4.1/../../../../arm-none-eabi/lib/armv7-m\libg_nano.a(lib_a-init.o)
 .text          0x00000000        0x0 c:/program files (x86)/cypress/psoc creator/4.1/psoc creator/import/gnu/arm/5.4.1/bin/../lib/gcc/arm-none-eabi/5.4.1/../../../../arm-none-eabi/lib/armv7-m\libg_nano.a(lib_a-memcpy-stub.o)
 .data          0x00000000        0x0 c:/program files (x86)/cypress/psoc creator/4.1/psoc creator/import/gnu/arm/5.4.1/bin/../lib/gcc/arm-none-eabi/5.4.1/../../../../arm-none-eabi/lib/armv7-m\libg_nano.a(lib_a-memcpy-stub.o)
 .bss           0x00000000        0x0 c:/program files (x86)/cypress/psoc creator/4.1/psoc creator/import/gnu/arm/5.4.1/bin/../lib/gcc/arm-none-eabi/5.4.1/../../../../arm-none-eabi/lib/armv7-m\libg_nano.a(lib_a-memcpy-stub.o)
 .text          0x00000000        0x0 c:/program files (x86)/cypress/psoc creator/4.1/psoc creator/import/gnu/arm/5.4.1/bin/../lib/gcc/arm-none-eabi/5.4.1/../../../../arm-none-eabi/lib/armv7-m\libg_nano.a(lib_a-memset.o)
 .data          0x00000000        0x0 c:/program files (x86)/cypress/psoc creator/4.1/psoc creator/import/gnu/arm/5.4.1/bin/../lib/gcc/arm-none-eabi/5.4.1/../../../../arm-none-eabi/lib/armv7-m\libg_nano.a(lib_a-memset.o)
 .bss           0x00000000        0x0 c:/program files (x86)/cypress/psoc creator/4.1/psoc creator/import/gnu/arm/5.4.1/bin/../lib/gcc/arm-none-eabi/5.4.1/../../../../arm-none-eabi/lib/armv7-m\libg_nano.a(lib_a-memset.o)
 .text          0x00000000        0x0 c:/program files (x86)/cypress/psoc creator/4.1/psoc creator/import/gnu/arm/5.4.1/bin/../lib/gcc/arm-none-eabi/5.4.1/armv7-m/crtend.o
 .data          0x00000000        0x0 c:/program files (x86)/cypress/psoc creator/4.1/psoc creator/import/gnu/arm/5.4.1/bin/../lib/gcc/arm-none-eabi/5.4.1/armv7-m/crtend.o
 .bss           0x00000000        0x0 c:/program files (x86)/cypress/psoc creator/4.1/psoc creator/import/gnu/arm/5.4.1/bin/../lib/gcc/arm-none-eabi/5.4.1/armv7-m/crtend.o
 .text          0x00000000        0x0 c:/program files (x86)/cypress/psoc creator/4.1/psoc creator/import/gnu/arm/5.4.1/bin/../lib/gcc/arm-none-eabi/5.4.1/armv7-m/crtn.o
 .data          0x00000000        0x0 c:/program files (x86)/cypress/psoc creator/4.1/psoc creator/import/gnu/arm/5.4.1/bin/../lib/gcc/arm-none-eabi/5.4.1/armv7-m/crtn.o
 .bss           0x00000000        0x0 c:/program files (x86)/cypress/psoc creator/4.1/psoc creator/import/gnu/arm/5.4.1/bin/../lib/gcc/arm-none-eabi/5.4.1/armv7-m/crtn.o

Memory Configuration

Name             Origin             Length             Attributes
rom              0x00000000         0x00040000         xr
ram              0x1fff8000         0x00010000         xrw
*default*        0x00000000         0xffffffff

Linker script and memory map

LOAD c:/program files (x86)/cypress/psoc creator/4.1/psoc creator/import/gnu/arm/5.4.1/bin/../lib/gcc/arm-none-eabi/5.4.1/armv7-m/crti.o
LOAD c:/program files (x86)/cypress/psoc creator/4.1/psoc creator/import/gnu/arm/5.4.1/bin/../lib/gcc/arm-none-eabi/5.4.1/armv7-m/crtbegin.o
LOAD c:/program files (x86)/cypress/psoc creator/4.1/psoc creator/import/gnu/arm/5.4.1/bin/../lib/gcc/arm-none-eabi/5.4.1/../../../../arm-none-eabi/lib/armv7-m/crt0.o
START GROUP
LOAD .\ARM_GCC_541\Debug\main.o
LOAD .\ARM_GCC_541\Debug\cyfitter_cfg.o
LOAD .\ARM_GCC_541\Debug\cymetadata.o
LOAD .\ARM_GCC_541\Debug\Cm3Start.o
LOAD .\ARM_GCC_541\Debug\StaticSegLCD_Example01.a
LOAD C:\Program Files (x86)\Cypress\PSoC Creator\4.1\PSoC Creator\psoc\content\cycomponentlibrary\CyComponentLibrary.cylib\CortexM3\ARM_GCC_541\Debug\CyComponentLibrary.a
END GROUP
START GROUP
LOAD c:/program files (x86)/cypress/psoc creator/4.1/psoc creator/import/gnu/arm/5.4.1/bin/../lib/gcc/arm-none-eabi/5.4.1/armv7-m\libgcc.a
LOAD c:/program files (x86)/cypress/psoc creator/4.1/psoc creator/import/gnu/arm/5.4.1/bin/../lib/gcc/arm-none-eabi/5.4.1/../../../../arm-none-eabi/lib/armv7-m\libg_nano.a
LOAD c:/program files (x86)/cypress/psoc creator/4.1/psoc creator/import/gnu/arm/5.4.1/bin/../lib/gcc/arm-none-eabi/5.4.1/../../../../arm-none-eabi/lib/armv7-m\libc_nano.a
END GROUP
START GROUP
LOAD c:/program files (x86)/cypress/psoc creator/4.1/psoc creator/import/gnu/arm/5.4.1/bin/../lib/gcc/arm-none-eabi/5.4.1/armv7-m\libgcc.a
LOAD c:/program files (x86)/cypress/psoc creator/4.1/psoc creator/import/gnu/arm/5.4.1/bin/../lib/gcc/arm-none-eabi/5.4.1/../../../../arm-none-eabi/lib/armv7-m\libc_nano.a
END GROUP
LOAD c:/program files (x86)/cypress/psoc creator/4.1/psoc creator/import/gnu/arm/5.4.1/bin/../lib/gcc/arm-none-eabi/5.4.1/armv7-m/crtend.o
LOAD c:/program files (x86)/cypress/psoc creator/4.1/psoc creator/import/gnu/arm/5.4.1/bin/../lib/gcc/arm-none-eabi/5.4.1/armv7-m/crtn.o
START GROUP
LOAD c:/program files (x86)/cypress/psoc creator/4.1/psoc creator/import/gnu/arm/5.4.1/bin/../lib/gcc/arm-none-eabi/5.4.1/armv7-m\libgcc.a
LOAD c:/program files (x86)/cypress/psoc creator/4.1/psoc creator/import/gnu/arm/5.4.1/bin/../lib/gcc/arm-none-eabi/5.4.1/../../../../arm-none-eabi/lib/armv7-m\libc.a
LOAD c:/program files (x86)/cypress/psoc creator/4.1/psoc creator/import/gnu/arm/5.4.1/bin/../lib/gcc/arm-none-eabi/5.4.1/../../../../arm-none-eabi/lib/armv7-m\libnosys.a
END GROUP
                0x00000000                CY_APPL_ORIGIN = 0x0
                0x00000100                CY_FLASH_ROW_SIZE = 0x100
                0x00000020                CY_ECC_ROW_SIZE = 0x20
                0x00000000                CY_EE_IN_BTLDR = 0x0
                0x00000000                CY_APPL_LOADABLE = 0x0
                0x00000800                CY_EE_SIZE = 0x800
                0x00000001                CY_APPL_NUM = 0x1
                0x00000001                CY_APPL_MAX = 0x1
                0x00000040                CY_METADATA_SIZE = 0x40
                0x00000000                CY_APPL_LOADABLE = 0x0
                0x00000000                CY_CHECKSUM_EXCLUDE_SIZE = ALIGN (0x0, CY_FLASH_ROW_SIZE)
                [!provide]                PROVIDE (__cy_heap_start, _end)
                0x00000001                PROVIDE (__cy_region_num, ((__cy_regions_end - __cy_regions) / 0x10))
                0x20008000                PROVIDE (__cy_stack, (ORIGIN (ram) + LENGTH (ram)))
                [!provide]                PROVIDE (__cy_heap_end, (__cy_stack - 0x800))

.cybootloader   0x00000000        0x0
 *(.cybootloader)
                0x00000000                appl1_start = CY_APPL_ORIGIN?CY_APPL_ORIGIN:ALIGN (CY_FLASH_ROW_SIZE)
                0x0001ff00                appl2_start = (appl1_start + ALIGN ((((LENGTH (rom) - appl1_start) - (0x2 * CY_FLASH_ROW_SIZE)) / 0x2), CY_FLASH_ROW_SIZE))
                0x00000000                appl_start = (CY_APPL_NUM == 0x1)?appl1_start:appl2_start
                0x00000000                ecc_offset = ((appl_start / CY_FLASH_ROW_SIZE) * CY_ECC_ROW_SIZE)
                0x00000000                ee_offset = (CY_APPL_LOADABLE && ! (CY_EE_IN_BTLDR))?((CY_EE_SIZE / CY_APPL_MAX) * (CY_APPL_NUM - 0x1)):0x0
                0x00000800                ee_size = (CY_APPL_LOADABLE && ! (CY_EE_IN_BTLDR))?(CY_EE_SIZE / CY_APPL_MAX):CY_EE_SIZE
                [!provide]                PROVIDE (CY_ECC_OFFSET, ecc_offset)

.text           0x00000000     0x2302
 CREATE_OBJECT_SYMBOLS
                0x00000000                PROVIDE (__cy_interrupt_vector, RomVectors)
 *(.romvectors)
 .romvectors    0x00000000       0x10 .\ARM_GCC_541\Debug\Cm3Start.o
                0x00000000                RomVectors
                0x00000001                ASSERT ((. != __cy_interrupt_vector), No interrupt vector)
                0x00000001                ASSERT (CY_APPL_ORIGIN?(SIZEOF (.cybootloader) <= CY_APPL_ORIGIN):0x1, Wrong image location)
                0x00000010                PROVIDE (__cy_reset, Reset)
 *(.text.Reset)
 .text.Reset    0x00000010       0x28 .\ARM_GCC_541\Debug\Cm3Start.o
                0x00000010                Reset
                0x00000001                ASSERT ((. != __cy_reset), No reset code)
 *(.dma_init)
                0x00000001                ASSERT ((((appl_start + .) <= 0x10000) || 0x1), DMA Init must be within the first 64k of flash)
 *(.text .text.* .gnu.linkonce.t.*)
 .text          0x00000038       0x5c c:/program files (x86)/cypress/psoc creator/4.1/psoc creator/import/gnu/arm/5.4.1/bin/../lib/gcc/arm-none-eabi/5.4.1/armv7-m/crtbegin.o
 .text.WakeUpIsr_Int
                0x00000094        0xc .\ARM_GCC_541\Debug\main.o
                0x00000094                WakeUpIsr_Int
 .text.main     0x000000a0       0xcc .\ARM_GCC_541\Debug\main.o
                0x000000a0                main
 .text.CYMEMZERO
                0x0000016c       0x1c .\ARM_GCC_541\Debug\cyfitter_cfg.o
 .text.CYCONFIGCPY
                0x00000188       0x20 .\ARM_GCC_541\Debug\cyfitter_cfg.o
 .text.cfg_write_bytes32
                0x000001a8       0x74 .\ARM_GCC_541\Debug\cyfitter_cfg.o
 .text.ClockSetup
                0x0000021c       0x98 .\ARM_GCC_541\Debug\cyfitter_cfg.o
 .text.AnalogSetDefault
                0x000002b4       0x44 .\ARM_GCC_541\Debug\cyfitter_cfg.o
 .text.cyfitter_cfg
                0x000002f8      0x1c0 .\ARM_GCC_541\Debug\cyfitter_cfg.o
                0x000002f8                cyfitter_cfg
 .text.IntDefaultHandler
                0x000004b8       0x14 .\ARM_GCC_541\Debug\Cm3Start.o
                0x000004b8                IntDefaultHandler
 .text.Start_c  0x000004cc       0x98 .\ARM_GCC_541\Debug\Cm3Start.o
                0x000004cc                Start_c
 .text.initialize_psoc
                0x00000564       0x94 .\ARM_GCC_541\Debug\Cm3Start.o
                0x00000564                initialize_psoc
 .text.LCD_SegStat_Init
                0x000005f8       0x2c .\ARM_GCC_541\Debug\StaticSegLCD_Example01.a(LCD_SegStat.o)
                0x000005f8                LCD_SegStat_Init
 .text.LCD_SegStat_Enable
                0x00000624       0x28 .\ARM_GCC_541\Debug\StaticSegLCD_Example01.a(LCD_SegStat.o)
                0x00000624                LCD_SegStat_Enable
 .text.LCD_SegStat_DmaConfigure
                0x0000064c      0x1ec .\ARM_GCC_541\Debug\StaticSegLCD_Example01.a(LCD_SegStat.o)
 .text.LCD_SegStat_DmaDispose
                0x00000838       0x44 .\ARM_GCC_541\Debug\StaticSegLCD_Example01.a(LCD_SegStat.o)
 .text.LCD_SegStat_Start
                0x0000087c       0x30 .\ARM_GCC_541\Debug\StaticSegLCD_Example01.a(LCD_SegStat.o)
                0x0000087c                LCD_SegStat_Start
 .text.LCD_SegStat_Stop
                0x000008ac       0x24 .\ARM_GCC_541\Debug\StaticSegLCD_Example01.a(LCD_SegStat.o)
                0x000008ac                LCD_SegStat_Stop
 .text.LCD_SegStat_ClearDisplay
                0x000008d0       0x4c .\ARM_GCC_541\Debug\StaticSegLCD_Example01.a(LCD_SegStat.o)
                0x000008d0                LCD_SegStat_ClearDisplay
 .text.LCD_SegStat_WritePixel
                0x0000091c       0xe4 .\ARM_GCC_541\Debug\StaticSegLCD_Example01.a(LCD_SegStat.o)
                0x0000091c                LCD_SegStat_WritePixel
 .text.LCD_SegStat_ReadPixel
                0x00000a00       0x64 .\ARM_GCC_541\Debug\StaticSegLCD_Example01.a(LCD_SegStat.o)
                0x00000a00                LCD_SegStat_ReadPixel
 .text.LCD_SegStat_Write7SegDigit_0
                0x00000a64       0x9c .\ARM_GCC_541\Debug\StaticSegLCD_Example01.a(LCD_SegStat.o)
                0x00000a64                LCD_SegStat_Write7SegDigit_0
 .text.LCD_SegStat_Write7SegNumber_0
                0x00000b00       0x80 .\ARM_GCC_541\Debug\StaticSegLCD_Example01.a(LCD_SegStat.o)
                0x00000b00                LCD_SegStat_Write7SegNumber_0
 .text.LCD_SegStat_ISR
                0x00000b80        0xc .\ARM_GCC_541\Debug\StaticSegLCD_Example01.a(LCD_SegStat_INT.o)
                0x00000b80                LCD_SegStat_ISR
 .text.LCD_SegStat_SegPort_SetDriveMode
                0x00000b8c      0x4d8 .\ARM_GCC_541\Debug\StaticSegLCD_Example01.a(LCD_SegStat_Pins.o)
                0x00000b8c                LCD_SegStat_SegPort_SetDriveMode
 .text.LCD_SegStat_ComPort_SetDriveMode
                0x00001064       0x3c .\ARM_GCC_541\Debug\StaticSegLCD_Example01.a(LCD_SegStat_Pins.o)
                0x00001064                LCD_SegStat_ComPort_SetDriveMode
 .text.LCD_SegStat_SaveConfig
                0x000010a0        0xc .\ARM_GCC_541\Debug\StaticSegLCD_Example01.a(LCD_SegStat_PM.o)
                0x000010a0                LCD_SegStat_SaveConfig
 .text.LCD_SegStat_RestoreConfig
                0x000010ac        0xc .\ARM_GCC_541\Debug\StaticSegLCD_Example01.a(LCD_SegStat_PM.o)
                0x000010ac                LCD_SegStat_RestoreConfig
 .text.LCD_SegStat_Sleep
                0x000010b8       0x20 .\ARM_GCC_541\Debug\StaticSegLCD_Example01.a(LCD_SegStat_PM.o)
                0x000010b8                LCD_SegStat_Sleep
 .text.LCD_SegStat_Wakeup
                0x000010d8       0x30 .\ARM_GCC_541\Debug\StaticSegLCD_Example01.a(LCD_SegStat_PM.o)
                0x000010d8                LCD_SegStat_Wakeup
 .text.WakeUpIsr_StartEx
                0x00001108       0x24 .\ARM_GCC_541\Debug\StaticSegLCD_Example01.a(WakeUpIsr.o)
                0x00001108                WakeUpIsr_StartEx
 .text.WakeUpIsr_SetVector
                0x0000112c       0x24 .\ARM_GCC_541\Debug\StaticSegLCD_Example01.a(WakeUpIsr.o)
                0x0000112c                WakeUpIsr_SetVector
 .text.WakeUpIsr_SetPriority
                0x00001150       0x24 .\ARM_GCC_541\Debug\StaticSegLCD_Example01.a(WakeUpIsr.o)
                0x00001150                WakeUpIsr_SetPriority
 .text.WakeUpIsr_Enable
                0x00001174       0x18 .\ARM_GCC_541\Debug\StaticSegLCD_Example01.a(WakeUpIsr.o)
                0x00001174                WakeUpIsr_Enable
 .text.WakeUpIsr_Disable
                0x0000118c       0x18 .\ARM_GCC_541\Debug\StaticSegLCD_Example01.a(WakeUpIsr.o)
                0x0000118c                WakeUpIsr_Disable
 .text.Pin_wakeup_ClearInterrupt
                0x000011a4       0x20 .\ARM_GCC_541\Debug\StaticSegLCD_Example01.a(Pin_wakeup.o)
                0x000011a4                Pin_wakeup_ClearInterrupt
 .text.LCD_Char_Init
                0x000011c4       0x70 .\ARM_GCC_541\Debug\StaticSegLCD_Example01.a(LCD_Char.o)
                0x000011c4                LCD_Char_Init
 .text.LCD_Char_Enable
                0x00001234       0x18 .\ARM_GCC_541\Debug\StaticSegLCD_Example01.a(LCD_Char.o)
                0x00001234                LCD_Char_Enable
 .text.LCD_Char_Start
                0x0000124c       0x24 .\ARM_GCC_541\Debug\StaticSegLCD_Example01.a(LCD_Char.o)
                0x0000124c                LCD_Char_Start
 .text.LCD_Char_Position
                0x00001270       0x70 .\ARM_GCC_541\Debug\StaticSegLCD_Example01.a(LCD_Char.o)
                0x00001270                LCD_Char_Position
 .text.LCD_Char_PrintString
                0x000012e0       0x3c .\ARM_GCC_541\Debug\StaticSegLCD_Example01.a(LCD_Char.o)
                0x000012e0                LCD_Char_PrintString
 .text.LCD_Char_WriteData
                0x0000131c       0x34 .\ARM_GCC_541\Debug\StaticSegLCD_Example01.a(LCD_Char.o)
                0x0000131c                LCD_Char_WriteData
 .text.LCD_Char_WriteControl
                0x00001350       0x34 .\ARM_GCC_541\Debug\StaticSegLCD_Example01.a(LCD_Char.o)
                0x00001350                LCD_Char_WriteControl
 .text.LCD_Char_IsReady
                0x00001384      0x178 .\ARM_GCC_541\Debug\StaticSegLCD_Example01.a(LCD_Char.o)
                0x00001384                LCD_Char_IsReady
 .text.LCD_Char_WrDatNib
                0x000014fc       0x78 .\ARM_GCC_541\Debug\StaticSegLCD_Example01.a(LCD_Char.o)
 .text.LCD_Char_WrCntrlNib
                0x00001574       0x64 .\ARM_GCC_541\Debug\StaticSegLCD_Example01.a(LCD_Char.o)
 .text.LCD_SegStat_InClock_Start
                0x000015d8       0x34 .\ARM_GCC_541\Debug\StaticSegLCD_Example01.a(LCD_SegStat_InClock.o)
                0x000015d8                LCD_SegStat_InClock_Start
 .text.LCD_SegStat_InClock_Stop
                0x0000160c       0x34 .\ARM_GCC_541\Debug\StaticSegLCD_Example01.a(LCD_SegStat_InClock.o)
                0x0000160c                LCD_SegStat_InClock_Stop
 .text.LCD_SegStat_Lcd_Dma_DmaInitialize
                0x00001640       0x64 .\ARM_GCC_541\Debug\StaticSegLCD_Example01.a(LCD_SegStat_Lcd_Dma_dma.o)
                0x00001640                LCD_SegStat_Lcd_Dma_DmaInitialize
 .text.LCD_SegStat_Lcd_Dma_DmaRelease
                0x000016a4       0x18 .\ARM_GCC_541\Debug\StaticSegLCD_Example01.a(LCD_SegStat_Lcd_Dma_dma.o)
                0x000016a4                LCD_SegStat_Lcd_Dma_DmaRelease
 .text.CyDmacConfigure
                0x000016bc       0x5c .\ARM_GCC_541\Debug\StaticSegLCD_Example01.a(CyDmac.o)
                0x000016bc                CyDmacConfigure
 .text.CyDmaChFree
                0x00001718       0x4c .\ARM_GCC_541\Debug\StaticSegLCD_Example01.a(CyDmac.o)
                0x00001718                CyDmaChFree
 .text.CyDmaChEnable
                0x00001764       0x8c .\ARM_GCC_541\Debug\StaticSegLCD_Example01.a(CyDmac.o)
                0x00001764                CyDmaChEnable
 .text.CyDmaChDisable
                0x000017f0       0x60 .\ARM_GCC_541\Debug\StaticSegLCD_Example01.a(CyDmac.o)
                0x000017f0                CyDmaChDisable
 .text.CyDmaChPriority
                0x00001850       0x64 .\ARM_GCC_541\Debug\StaticSegLCD_Example01.a(CyDmac.o)
                0x00001850                CyDmaChPriority
 .text.CyDmaChSetExtendedAddress
                0x000018b4       0x78 .\ARM_GCC_541\Debug\StaticSegLCD_Example01.a(CyDmac.o)
                0x000018b4                CyDmaChSetExtendedAddress
 .text.CyDmaChSetInitialTd
                0x0000192c       0x3c .\ARM_GCC_541\Debug\StaticSegLCD_Example01.a(CyDmac.o)
                0x0000192c                CyDmaChSetInitialTd
 .text.CyDmaChSetConfiguration
                0x00001968       0xa0 .\ARM_GCC_541\Debug\StaticSegLCD_Example01.a(CyDmac.o)
                0x00001968                CyDmaChSetConfiguration
 .text.CyDmaTdAllocate
                0x00001a08       0x5c .\ARM_GCC_541\Debug\StaticSegLCD_Example01.a(CyDmac.o)
                0x00001a08                CyDmaTdAllocate
 .text.CyDmaTdFree
                0x00001a64       0x58 .\ARM_GCC_541\Debug\StaticSegLCD_Example01.a(CyDmac.o)
                0x00001a64                CyDmaTdFree
 .text.CyDmaTdSetConfiguration
                0x00001abc       0x80 .\ARM_GCC_541\Debug\StaticSegLCD_Example01.a(CyDmac.o)
                0x00001abc                CyDmaTdSetConfiguration
 .text.CyDmaTdSetAddress
                0x00001b3c       0x5c .\ARM_GCC_541\Debug\StaticSegLCD_Example01.a(CyDmac.o)
                0x00001b3c                CyDmaTdSetAddress
 .text.CyHalt   0x00001b98       0x18 .\ARM_GCC_541\Debug\StaticSegLCD_Example01.a(CyLib.o)
                0x00001b98                CyHalt
 .text.CyDelay  0x00001bb0       0x44 .\ARM_GCC_541\Debug\StaticSegLCD_Example01.a(CyLib.o)
                0x00001bb0                CyDelay
 .text.CyDelayUs
                0x00001bf4       0x28 .\ARM_GCC_541\Debug\StaticSegLCD_Example01.a(CyLib.o)
                0x00001bf4                CyDelayUs
 .text.CyIntSetVector
                0x00001c1c       0x50 .\ARM_GCC_541\Debug\StaticSegLCD_Example01.a(CyLib.o)
                0x00001c1c                CyIntSetVector
 .text.CyIntSetPriority
                0x00001c6c       0x48 .\ARM_GCC_541\Debug\StaticSegLCD_Example01.a(CyLib.o)
                0x00001c6c                CyIntSetPriority
 .text.CyPmSleep
                0x00001cb4      0x170 .\ARM_GCC_541\Debug\StaticSegLCD_Example01.a(cyPm.o)
                0x00001cb4                CyPmSleep
 .text.CyPmHibSlpSaveSet
                0x00001e24      0x280 .\ARM_GCC_541\Debug\StaticSegLCD_Example01.a(cyPm.o)
 .text.CyPmHibSlpRestore
                0x000020a4      0x18c .\ARM_GCC_541\Debug\StaticSegLCD_Example01.a(cyPm.o)
 .text          0x00002230       0x54 .\ARM_GCC_541\Debug\StaticSegLCD_Example01.a(CyBootAsmGnu.o)
                0x00002230                CyDelayCycles
                0x0000226e                CyEnterCriticalSection
                0x00002276                CyExitCriticalSection
 .text.__errno  0x00002284        0xc c:/program files (x86)/cypress/psoc creator/4.1/psoc creator/import/gnu/arm/5.4.1/bin/../lib/gcc/arm-none-eabi/5.4.1/../../../../arm-none-eabi/lib/armv7-m\libg_nano.a(lib_a-errno.o)
                0x00002284                __errno
 .text.__libc_init_array
                0x00002290       0x4c c:/program files (x86)/cypress/psoc creator/4.1/psoc creator/import/gnu/arm/5.4.1/bin/../lib/gcc/arm-none-eabi/5.4.1/../../../../arm-none-eabi/lib/armv7-m\libg_nano.a(lib_a-init.o)
                0x00002290                __libc_init_array
 .text.memcpy   0x000022dc       0x16 c:/program files (x86)/cypress/psoc creator/4.1/psoc creator/import/gnu/arm/5.4.1/bin/../lib/gcc/arm-none-eabi/5.4.1/../../../../arm-none-eabi/lib/armv7-m\libg_nano.a(lib_a-memcpy-stub.o)
                0x000022dc                memcpy
 .text.memset   0x000022f2       0x10 c:/program files (x86)/cypress/psoc creator/4.1/psoc creator/import/gnu/arm/5.4.1/bin/../lib/gcc/arm-none-eabi/5.4.1/../../../../arm-none-eabi/lib/armv7-m\libg_nano.a(lib_a-memset.o)
                0x000022f2                memset
 *(.plt)
 *(.gnu.warning)
 *(.glue_7t)
 .glue_7t       0x00002302        0x0 linker stubs
 *(.glue_7)
 .glue_7        0x00002302        0x0 linker stubs
 *(.vfp11_veneer)
 .vfp11_veneer  0x00002302        0x0 linker stubs
 *(.bootloader)
 *(.ARM.extab* .gnu.linkonce.armextab.*)
 *(.gcc_except_table)

.v4_bx          0x00002304        0x0
 .v4_bx         0x00002304        0x0 linker stubs

.iplt           0x00002304        0x0
 .iplt          0x00002304        0x0 c:/program files (x86)/cypress/psoc creator/4.1/psoc creator/import/gnu/arm/5.4.1/bin/../lib/gcc/arm-none-eabi/5.4.1/armv7-m/crtbegin.o

.eh_frame_hdr
 *(.eh_frame_hdr)

.eh_frame       0x00002304        0x4
 *(.eh_frame)
 .eh_frame      0x00002304        0x0 c:/program files (x86)/cypress/psoc creator/4.1/psoc creator/import/gnu/arm/5.4.1/bin/../lib/gcc/arm-none-eabi/5.4.1/armv7-m/crtbegin.o
 .eh_frame      0x00002304        0x4 c:/program files (x86)/cypress/psoc creator/4.1/psoc creator/import/gnu/arm/5.4.1/bin/../lib/gcc/arm-none-eabi/5.4.1/armv7-m/crtend.o
                [!provide]                PROVIDE (__exidx_start, .)

.ARM.exidx
 *(.ARM.exidx* .gnu.linkonce.armexidx.*)
                0x00002308                __exidx_end = .

.rodata         0x00002308      0x120
 *(.rodata .rodata.* .gnu.linkonce.r.*)
 .rodata        0x00002308       0x5d .\ARM_GCC_541\Debug\main.o
 *fill*         0x00002365        0x3 
 .rodata        0x00002368       0x32 .\ARM_GCC_541\Debug\cyfitter_cfg.o
                0x00002368                LCD_SegStat_Com__DMA_TD_PROTO_BLOCK
                0x0000236c                LCD_SegStat_Seg__DMA_TD_PROTO_BLOCK
 *fill*         0x0000239a        0x2 
 .rodata        0x0000239c       0x50 .\ARM_GCC_541\Debug\StaticSegLCD_Example01.a(LCD_SegStat.o)
 .rodata.str1.1
                0x000023ec        0x2 c:/program files (x86)/cypress/psoc creator/4.1/psoc creator/import/gnu/arm/5.4.1/bin/../lib/gcc/arm-none-eabi/5.4.1/../../../../arm-none-eabi/lib/armv7-m\libg_nano.a(lib_a-impure.o)
                0x000023f0                . = ALIGN (0x4)
 *fill*         0x000023ee        0x2 
 *(.init)
 .init          0x000023f0        0x4 c:/program files (x86)/cypress/psoc creator/4.1/psoc creator/import/gnu/arm/5.4.1/bin/../lib/gcc/arm-none-eabi/5.4.1/armv7-m/crti.o
                0x000023f0                _init
 .init          0x000023f4        0x8 c:/program files (x86)/cypress/psoc creator/4.1/psoc creator/import/gnu/arm/5.4.1/bin/../lib/gcc/arm-none-eabi/5.4.1/armv7-m/crtn.o
                0x000023fc                . = ALIGN (0x4)
                0x000023fc                __preinit_array_start = .
 *(.preinit_array)
                0x000023fc                __preinit_array_end = .
                0x000023fc                . = ALIGN (0x4)
                0x000023fc                __init_array_start = .
 *(SORT(.init_array.*))
 *(.init_array)
 .init_array    0x000023fc        0x4 c:/program files (x86)/cypress/psoc creator/4.1/psoc creator/import/gnu/arm/5.4.1/bin/../lib/gcc/arm-none-eabi/5.4.1/armv7-m/crtbegin.o
 .init_array    0x00002400        0x4 .\ARM_GCC_541\Debug\Cm3Start.o
                0x00002404                __init_array_end = .
                0x00002404                . = ALIGN (0x4)
 *(.fini)
 .fini          0x00002404        0x4 c:/program files (x86)/cypress/psoc creator/4.1/psoc creator/import/gnu/arm/5.4.1/bin/../lib/gcc/arm-none-eabi/5.4.1/armv7-m/crti.o
                0x00002404                _fini
 .fini          0x00002408        0x8 c:/program files (x86)/cypress/psoc creator/4.1/psoc creator/import/gnu/arm/5.4.1/bin/../lib/gcc/arm-none-eabi/5.4.1/armv7-m/crtn.o
                0x00002410                . = ALIGN (0x4)
                0x00002410                __fini_array_start = .
 *(.fini_array)
 .fini_array    0x00002410        0x4 c:/program files (x86)/cypress/psoc creator/4.1/psoc creator/import/gnu/arm/5.4.1/bin/../lib/gcc/arm-none-eabi/5.4.1/armv7-m/crtbegin.o
 *(SORT(.fini_array.*))
                0x00002414                __fini_array_end = .
                0x00002414                . = ALIGN (0x4)
 *crtbegin.o(.ctors)
 *(EXCLUDE_FILE(*crtend.o) .ctors)
 *(SORT(.ctors.*))
 *crtend.o(.ctors)
                0x00002414                . = ALIGN (0x4)
 *crtbegin.o(.dtors)
 *(EXCLUDE_FILE(*crtend.o) .dtors)
 *(SORT(.dtors.*))
 *crtend.o(.dtors)
                0x00002414                . = ALIGN (0x4)
                0x00002414                __cy_regions = .
                0x00002414        0x4 LONG 0x2428 __cy_region_init_ram
                0x00002418        0x4 LONG 0x1fff80c8 __cy_region_start_data
                0x0000241c        0x4 LONG 0x88 __cy_region_init_size_ram
                0x00002420        0x4 LONG 0x90 __cy_region_zero_size_ram
                0x00002424                __cy_regions_end = .
                0x00002428                . = ALIGN (0x8)
 *fill*         0x00002424        0x4 
                0x00002428                _etext = .

.cy_checksum_exclude
                0x00002428        0x0
 *(.cy_checksum_exclude)

.ramvectors     0x1fff8000       0xc0
                0x1fff8000                __cy_region_start_ram = .
 *(.ramvectors)
 .ramvectors    0x1fff8000       0xc0 .\ARM_GCC_541\Debug\Cm3Start.o
                0x1fff8000                CyRamVectors

.noinit         0x1fff80c0        0x5
 *(.noinit)
 .noinit        0x1fff80c0        0x4 .\ARM_GCC_541\Debug\Cm3Start.o
 .noinit        0x1fff80c4        0x1 .\ARM_GCC_541\Debug\StaticSegLCD_Example01.a(CyLib.o)
                0x1fff80c4                CyResetStatus

.data           0x1fff80c8       0x88 load address 0x00002428
                0x1fff80c8                __cy_region_start_data = .
 *(.jcr)
 .jcr           0x1fff80c8        0x0 c:/program files (x86)/cypress/psoc creator/4.1/psoc creator/import/gnu/arm/5.4.1/bin/../lib/gcc/arm-none-eabi/5.4.1/armv7-m/crtbegin.o
 .jcr           0x1fff80c8        0x4 c:/program files (x86)/cypress/psoc creator/4.1/psoc creator/import/gnu/arm/5.4.1/bin/../lib/gcc/arm-none-eabi/5.4.1/armv7-m/crtend.o
 *(.got.plt)
 *(.got)
 *(.shdata)
 *(.data .data.* .gnu.linkonce.d.*)
 .data          0x1fff80cc        0x3 .\ARM_GCC_541\Debug\StaticSegLCD_Example01.a(LCD_SegStat.o)
 .data          0x1fff80cf        0x1 .\ARM_GCC_541\Debug\StaticSegLCD_Example01.a(LCD_SegStat_Lcd_Dma_dma.o)
                0x1fff80cf                LCD_SegStat_Lcd_Dma_DmaHandle
 .data          0x1fff80d0        0x8 .\ARM_GCC_541\Debug\StaticSegLCD_Example01.a(CyDmac.o)
 .data          0x1fff80d8       0x10 .\ARM_GCC_541\Debug\StaticSegLCD_Example01.a(CyLib.o)
                0x1fff80d8                cydelay_freq_hz
                0x1fff80dc                cydelay_freq_khz
                0x1fff80e0                cydelay_freq_mhz
                0x1fff80e4                cydelay_32k_ms
 .data.impure_data
                0x1fff80e8       0x60 c:/program files (x86)/cypress/psoc creator/4.1/psoc creator/import/gnu/arm/5.4.1/bin/../lib/gcc/arm-none-eabi/5.4.1/../../../../arm-none-eabi/lib/armv7-m\libg_nano.a(lib_a-impure.o)
 .data._impure_ptr
                0x1fff8148        0x4 c:/program files (x86)/cypress/psoc creator/4.1/psoc creator/import/gnu/arm/5.4.1/bin/../lib/gcc/arm-none-eabi/5.4.1/../../../../arm-none-eabi/lib/armv7-m\libg_nano.a(lib_a-impure.o)
                0x1fff8148                _impure_ptr
                0x1fff8150                . = ALIGN (0x8)
 *fill*         0x1fff814c        0x4 
 *(.ram)
                0x1fff8150                _edata = .

.igot.plt       0x1fff8150        0x0 load address 0x000024b0
 .igot.plt      0x1fff8150        0x0 c:/program files (x86)/cypress/psoc creator/4.1/psoc creator/import/gnu/arm/5.4.1/bin/../lib/gcc/arm-none-eabi/5.4.1/armv7-m/crtbegin.o

.bss            0x1fff8150       0x90 load address 0x000024b0
                0x1fff8150                PROVIDE (__bss_start__, .)
 *(.shbss)
 *(.bss .bss.* .gnu.linkonce.b.*)
 .bss           0x1fff8150       0x1c c:/program files (x86)/cypress/psoc creator/4.1/psoc creator/import/gnu/arm/5.4.1/bin/../lib/gcc/arm-none-eabi/5.4.1/armv7-m/crtbegin.o
 .bss           0x1fff816c       0x27 .\ARM_GCC_541\Debug\StaticSegLCD_Example01.a(LCD_SegStat.o)
                0x1fff8191                LCD_SegStat_initVar
                0x1fff8192                LCD_SegStat_enableState
 *fill*         0x1fff8193        0x1 
 .bss           0x1fff8194        0x1 .\ARM_GCC_541\Debug\StaticSegLCD_Example01.a(LCD_SegStat_PM.o)
 .bss           0x1fff8195        0x2 .\ARM_GCC_541\Debug\StaticSegLCD_Example01.a(LCD_Char.o)
                0x1fff8195                LCD_Char_enableState
                0x1fff8196                LCD_Char_initVar
 *fill*         0x1fff8197        0x1 
 .bss           0x1fff8198       0x43 .\ARM_GCC_541\Debug\StaticSegLCD_Example01.a(cyPm.o)
 *(COMMON)
                0x1fff81e0                . = ALIGN (0x8)
 *fill*         0x1fff81db        0x5 
 *(.ram.b)
                0x1fff81e0                _end = .
                0x1fff81e0                __end = .
                0x1fff81e0                PROVIDE (end, .)
                0x1fff81e0                PROVIDE (__bss_end__, .)
                0x00002428                __cy_region_init_ram = LOADADDR (.data)
                0x00000088                __cy_region_init_size_ram = (_edata - ADDR (.data))
                0x00000090                __cy_region_zero_size_ram = (_end - _edata)

.heap           0x1fff81e0       0x80 load address 0x000024b0
                0x1fff81e0                . = _end
                0x1fff8260                . = (. + 0x80)
 *fill*         0x1fff81e0       0x80 
                0x1fff8260                __cy_heap_limit = .

.stack          0x20007800      0x800
                0x20007800                __cy_stack_limit = .
                0x20008000                . = (. + 0x800)
 *fill*         0x20007800      0x800 
                0x00000001                ASSERT ((__cy_stack_limit >= __cy_heap_limit), region RAM overflowed with stack)
                0x00000000                cy_checksum_exclude_size = (CY_APPL_LOADABLE == 0x1)?SIZEOF (.cy_checksum_exclude):0x0
                0x00000001                ASSERT ((cy_checksum_exclude_size <= CY_CHECKSUM_EXCLUDE_SIZE), CY_BOOT: Section .cy_checksum_exclude size exceedes specified limit.)

.cyloadermeta
 *(.cyloadermeta)

.cyloadablemeta
 *(.cyloadablemeta)

.cyconfigecc    0x80000000       0x9c
 *(.cyconfigecc)
 .cyconfigecc   0x80000000       0x9c .\ARM_GCC_541\Debug\cymetadata.o
                0x80000000                cy_meta_configecc

.cycustnvl      0x90000000        0x4
 *(.cycustnvl)
 .cycustnvl     0x90000000        0x4 .\ARM_GCC_541\Debug\cymetadata.o
                0x90000000                cy_meta_custnvl

.cywolatch      0x90100000        0x4
 *(.cywolatch)
 .cywolatch     0x90100000        0x4 .\ARM_GCC_541\Debug\cymetadata.o
                0x90100000                cy_meta_wonvl

.cyeeprom       0x90200000        0x0
 *(.cyeeprom)
                0x00000001                ASSERT ((. <= ((0x90200000 + ee_offset) + ee_size)), .cyeeprom data will not fit in EEPROM)

.cyflashprotect
                0x90400000      0x100
 *(.cyflashprotect)
 .cyflashprotect
                0x90400000      0x100 .\ARM_GCC_541\Debug\cymetadata.o
                0x90400000                cy_meta_flashprotect

.cymeta         0x90500000        0xc
 *(.cymeta)
 .cymeta        0x90500000        0xc .\ARM_GCC_541\Debug\cymetadata.o
                0x90500000                cy_metadata

.rel.dyn        0x000024b0        0x0 load address 0x9050000c
 .rel.iplt      0x000024b0        0x0 c:/program files (x86)/cypress/psoc creator/4.1/psoc creator/import/gnu/arm/5.4.1/bin/../lib/gcc/arm-none-eabi/5.4.1/armv7-m/crtbegin.o

.stab
 *(.stab)

.stabstr
 *(.stabstr)

.debug
 *(.debug)

.line
 *(.line)

.debug_srcinfo
 *(.debug_srcinfo)

.debug_sfnames
 *(.debug_sfnames)

.debug_aranges  0x00000000      0x910
 *(.debug_aranges)
 .debug_aranges
                0x00000000       0x28 .\ARM_GCC_541\Debug\main.o
 .debug_aranges
                0x00000028       0x58 .\ARM_GCC_541\Debug\cyfitter_cfg.o
 .debug_aranges
                0x00000080       0x18 .\ARM_GCC_541\Debug\cymetadata.o
 .debug_aranges
                0x00000098       0x48 .\ARM_GCC_541\Debug\Cm3Start.o
 .debug_aranges
                0x000000e0       0x90 .\ARM_GCC_541\Debug\StaticSegLCD_Example01.a(LCD_SegStat.o)
 .debug_aranges
                0x00000170       0x20 .\ARM_GCC_541\Debug\StaticSegLCD_Example01.a(LCD_SegStat_INT.o)
 .debug_aranges
                0x00000190       0x28 .\ARM_GCC_541\Debug\StaticSegLCD_Example01.a(LCD_SegStat_Pins.o)
 .debug_aranges
                0x000001b8       0x38 .\ARM_GCC_541\Debug\StaticSegLCD_Example01.a(LCD_SegStat_PM.o)
 .debug_aranges
                0x000001f0       0x80 .\ARM_GCC_541\Debug\StaticSegLCD_Example01.a(WakeUpIsr.o)
 .debug_aranges
                0x00000270       0x48 .\ARM_GCC_541\Debug\StaticSegLCD_Example01.a(Pin_wakeup.o)
 .debug_aranges
                0x000002b8       0x98 .\ARM_GCC_541\Debug\StaticSegLCD_Example01.a(LCD_Char.o)
 .debug_aranges
                0x00000350       0x70 .\ARM_GCC_541\Debug\StaticSegLCD_Example01.a(LCD_SegStat_InClock.o)
 .debug_aranges
                0x000003c0       0x28 .\ARM_GCC_541\Debug\StaticSegLCD_Example01.a(LCD_SegStat_Lcd_Dma_dma.o)
 .debug_aranges
                0x000003e8       0xd8 .\ARM_GCC_541\Debug\StaticSegLCD_Example01.a(CyDmac.o)
 .debug_aranges
                0x000004c0      0x2a0 .\ARM_GCC_541\Debug\StaticSegLCD_Example01.a(CyLib.o)
 .debug_aranges
                0x00000760       0x98 .\ARM_GCC_541\Debug\StaticSegLCD_Example01.a(cyPm.o)
 .debug_aranges
                0x000007f8       0x20 .\ARM_GCC_541\Debug\StaticSegLCD_Example01.a(CyBootAsmGnu.o)
 .debug_aranges
                0x00000818       0x80 .\ARM_GCC_541\Debug\StaticSegLCD_Example01.a(CyFlash.o)
 .debug_aranges
                0x00000898       0x78 .\ARM_GCC_541\Debug\StaticSegLCD_Example01.a(CySpc.o)

.debug_pubnames
 *(.debug_pubnames)

.debug_info     0x00000000     0x4135
 *(.debug_info .gnu.linkonce.wi.*)
 .debug_info    0x00000000      0x115 .\ARM_GCC_541\Debug\main.o
 .debug_info    0x00000115      0x3c1 .\ARM_GCC_541\Debug\cyfitter_cfg.o
 .debug_info    0x000004d6      0x134 .\ARM_GCC_541\Debug\cymetadata.o
 .debug_info    0x0000060a      0x32b .\ARM_GCC_541\Debug\Cm3Start.o
 .debug_info    0x00000935      0x579 .\ARM_GCC_541\Debug\StaticSegLCD_Example01.a(LCD_SegStat.o)
 .debug_info    0x00000eae       0x92 .\ARM_GCC_541\Debug\StaticSegLCD_Example01.a(LCD_SegStat_INT.o)
 .debug_info    0x00000f40       0xe2 .\ARM_GCC_541\Debug\StaticSegLCD_Example01.a(LCD_SegStat_Pins.o)
 .debug_info    0x00001022      0x124 .\ARM_GCC_541\Debug\StaticSegLCD_Example01.a(LCD_SegStat_PM.o)
 .debug_info    0x00001146      0x241 .\ARM_GCC_541\Debug\StaticSegLCD_Example01.a(WakeUpIsr.o)
 .debug_info    0x00001387      0x171 .\ARM_GCC_541\Debug\StaticSegLCD_Example01.a(Pin_wakeup.o)
 .debug_info    0x000014f8      0x3cf .\ARM_GCC_541\Debug\StaticSegLCD_Example01.a(LCD_Char.o)
 .debug_info    0x000018c7      0x25d .\ARM_GCC_541\Debug\StaticSegLCD_Example01.a(LCD_SegStat_InClock.o)
 .debug_info    0x00001b24      0x11b .\ARM_GCC_541\Debug\StaticSegLCD_Example01.a(LCD_SegStat_Lcd_Dma_dma.o)
 .debug_info    0x00001c3f      0x8c0 .\ARM_GCC_541\Debug\StaticSegLCD_Example01.a(CyDmac.o)
 .debug_info    0x000024ff      0xe51 .\ARM_GCC_541\Debug\StaticSegLCD_Example01.a(CyLib.o)
 .debug_info    0x00003350      0x57a .\ARM_GCC_541\Debug\StaticSegLCD_Example01.a(cyPm.o)
 .debug_info    0x000038ca       0xa0 .\ARM_GCC_541\Debug\StaticSegLCD_Example01.a(CyBootAsmGnu.o)
 .debug_info    0x0000396a      0x371 .\ARM_GCC_541\Debug\StaticSegLCD_Example01.a(CyFlash.o)
 .debug_info    0x00003cdb      0x45a .\ARM_GCC_541\Debug\StaticSegLCD_Example01.a(CySpc.o)

.debug_abbrev   0x00000000     0x146e
 *(.debug_abbrev)
 .debug_abbrev  0x00000000       0x9d .\ARM_GCC_541\Debug\main.o
 .debug_abbrev  0x0000009d      0x1d5 .\ARM_GCC_541\Debug\cyfitter_cfg.o
 .debug_abbrev  0x00000272       0x5d .\ARM_GCC_541\Debug\cymetadata.o
 .debug_abbrev  0x000002cf      0x1d6 .\ARM_GCC_541\Debug\Cm3Start.o
 .debug_abbrev  0x000004a5      0x1aa .\ARM_GCC_541\Debug\StaticSegLCD_Example01.a(LCD_SegStat.o)
 .debug_abbrev  0x0000064f       0x42 .\ARM_GCC_541\Debug\StaticSegLCD_Example01.a(LCD_SegStat_INT.o)
 .debug_abbrev  0x00000691       0x7f .\ARM_GCC_541\Debug\StaticSegLCD_Example01.a(LCD_SegStat_Pins.o)
 .debug_abbrev  0x00000710       0xcc .\ARM_GCC_541\Debug\StaticSegLCD_Example01.a(LCD_SegStat_PM.o)
 .debug_abbrev  0x000007dc      0x172 .\ARM_GCC_541\Debug\StaticSegLCD_Example01.a(WakeUpIsr.o)
 .debug_abbrev  0x0000094e       0x90 .\ARM_GCC_541\Debug\StaticSegLCD_Example01.a(Pin_wakeup.o)
 .debug_abbrev  0x000009de      0x120 .\ARM_GCC_541\Debug\StaticSegLCD_Example01.a(LCD_Char.o)
 .debug_abbrev  0x00000afe      0x11d .\ARM_GCC_541\Debug\StaticSegLCD_Example01.a(LCD_SegStat_InClock.o)
 .debug_abbrev  0x00000c1b       0x8b .\ARM_GCC_541\Debug\StaticSegLCD_Example01.a(LCD_SegStat_Lcd_Dma_dma.o)
 .debug_abbrev  0x00000ca6      0x194 .\ARM_GCC_541\Debug\StaticSegLCD_Example01.a(CyDmac.o)
 .debug_abbrev  0x00000e3a      0x217 .\ARM_GCC_541\Debug\StaticSegLCD_Example01.a(CyLib.o)
 .debug_abbrev  0x00001051      0x161 .\ARM_GCC_541\Debug\StaticSegLCD_Example01.a(cyPm.o)
 .debug_abbrev  0x000011b2       0x14 .\ARM_GCC_541\Debug\StaticSegLCD_Example01.a(CyBootAsmGnu.o)
 .debug_abbrev  0x000011c6      0x13c .\ARM_GCC_541\Debug\StaticSegLCD_Example01.a(CyFlash.o)
 .debug_abbrev  0x00001302      0x16c .\ARM_GCC_541\Debug\StaticSegLCD_Example01.a(CySpc.o)

.debug_line     0x00000000     0x2458
 *(.debug_line)
 .debug_line    0x00000000      0x193 .\ARM_GCC_541\Debug\main.o
 .debug_line    0x00000193      0x1d0 .\ARM_GCC_541\Debug\cyfitter_cfg.o
 .debug_line    0x00000363      0x141 .\ARM_GCC_541\Debug\cymetadata.o
 .debug_line    0x000004a4      0x1da .\ARM_GCC_541\Debug\Cm3Start.o
 .debug_line    0x0000067e      0x288 .\ARM_GCC_541\Debug\StaticSegLCD_Example01.a(LCD_SegStat.o)
 .debug_line    0x00000906       0x5b .\ARM_GCC_541\Debug\StaticSegLCD_Example01.a(LCD_SegStat_INT.o)
 .debug_line    0x00000961       0xbb .\ARM_GCC_541\Debug\StaticSegLCD_Example01.a(LCD_SegStat_Pins.o)
 .debug_line    0x00000a1c       0xb0 .\ARM_GCC_541\Debug\StaticSegLCD_Example01.a(LCD_SegStat_PM.o)
 .debug_line    0x00000acc      0x154 .\ARM_GCC_541\Debug\StaticSegLCD_Example01.a(WakeUpIsr.o)
 .debug_line    0x00000c20       0xbf .\ARM_GCC_541\Debug\StaticSegLCD_Example01.a(Pin_wakeup.o)
 .debug_line    0x00000cdf      0x1e6 .\ARM_GCC_541\Debug\StaticSegLCD_Example01.a(LCD_Char.o)
 .debug_line    0x00000ec5      0x1b2 .\ARM_GCC_541\Debug\StaticSegLCD_Example01.a(LCD_SegStat_InClock.o)
 .debug_line    0x00001077       0x86 .\ARM_GCC_541\Debug\StaticSegLCD_Example01.a(LCD_SegStat_Lcd_Dma_dma.o)
 .debug_line    0x000010fd      0x2b6 .\ARM_GCC_541\Debug\StaticSegLCD_Example01.a(CyDmac.o)
 .debug_line    0x000013b3      0x883 .\ARM_GCC_541\Debug\StaticSegLCD_Example01.a(CyLib.o)
 .debug_line    0x00001c36      0x38e .\ARM_GCC_541\Debug\StaticSegLCD_Example01.a(cyPm.o)
 .debug_line    0x00001fc4       0x7d .\ARM_GCC_541\Debug\StaticSegLCD_Example01.a(CyBootAsmGnu.o)
 .debug_line    0x00002041      0x205 .\ARM_GCC_541\Debug\StaticSegLCD_Example01.a(CyFlash.o)
 .debug_line    0x00002246      0x212 .\ARM_GCC_541\Debug\StaticSegLCD_Example01.a(CySpc.o)

.debug_frame    0x00000000     0x240c
 *(.debug_frame)
 .debug_frame   0x00000000       0x4c .\ARM_GCC_541\Debug\main.o
 .debug_frame   0x0000004c      0x14c .\ARM_GCC_541\Debug\cyfitter_cfg.o
 .debug_frame   0x00000198       0xd8 .\ARM_GCC_541\Debug\Cm3Start.o
 .debug_frame   0x00000270      0x24c .\ARM_GCC_541\Debug\StaticSegLCD_Example01.a(LCD_SegStat.o)
 .debug_frame   0x000004bc       0x34 .\ARM_GCC_541\Debug\StaticSegLCD_Example01.a(LCD_SegStat_INT.o)
 .debug_frame   0x000004f0       0x64 .\ARM_GCC_541\Debug\StaticSegLCD_Example01.a(LCD_SegStat_Pins.o)
 .debug_frame   0x00000554       0x9c .\ARM_GCC_541\Debug\StaticSegLCD_Example01.a(LCD_SegStat_PM.o)
 .debug_frame   0x000005f0      0x1e8 .\ARM_GCC_541\Debug\StaticSegLCD_Example01.a(WakeUpIsr.o)
 .debug_frame   0x000007d8       0xf4 .\ARM_GCC_541\Debug\StaticSegLCD_Example01.a(Pin_wakeup.o)
 .debug_frame   0x000008cc      0x260 .\ARM_GCC_541\Debug\StaticSegLCD_Example01.a(LCD_Char.o)
 .debug_frame   0x00000b2c      0x1b4 .\ARM_GCC_541\Debug\StaticSegLCD_Example01.a(LCD_SegStat_InClock.o)
 .debug_frame   0x00000ce0       0x58 .\ARM_GCC_541\Debug\StaticSegLCD_Example01.a(LCD_SegStat_Lcd_Dma_dma.o)
 .debug_frame   0x00000d38      0x3d0 .\ARM_GCC_541\Debug\StaticSegLCD_Example01.a(CyDmac.o)
 .debug_frame   0x00001108      0xc0c .\ARM_GCC_541\Debug\StaticSegLCD_Example01.a(CyLib.o)
 .debug_frame   0x00001d14      0x234 .\ARM_GCC_541\Debug\StaticSegLCD_Example01.a(cyPm.o)
 .debug_frame   0x00001f48      0x210 .\ARM_GCC_541\Debug\StaticSegLCD_Example01.a(CyFlash.o)
 .debug_frame   0x00002158      0x1f8 .\ARM_GCC_541\Debug\StaticSegLCD_Example01.a(CySpc.o)
 .debug_frame   0x00002350       0x20 c:/program files (x86)/cypress/psoc creator/4.1/psoc creator/import/gnu/arm/5.4.1/bin/../lib/gcc/arm-none-eabi/5.4.1/../../../../arm-none-eabi/lib/armv7-m\libg_nano.a(lib_a-errno.o)
 .debug_frame   0x00002370       0x28 c:/program files (x86)/cypress/psoc creator/4.1/psoc creator/import/gnu/arm/5.4.1/bin/../lib/gcc/arm-none-eabi/5.4.1/../../../../arm-none-eabi/lib/armv7-m\libg_nano.a(lib_a-exit.o)
 .debug_frame   0x00002398       0x2c c:/program files (x86)/cypress/psoc creator/4.1/psoc creator/import/gnu/arm/5.4.1/bin/../lib/gcc/arm-none-eabi/5.4.1/../../../../arm-none-eabi/lib/armv7-m\libg_nano.a(lib_a-init.o)
 .debug_frame   0x000023c4       0x28 c:/program files (x86)/cypress/psoc creator/4.1/psoc creator/import/gnu/arm/5.4.1/bin/../lib/gcc/arm-none-eabi/5.4.1/../../../../arm-none-eabi/lib/armv7-m\libg_nano.a(lib_a-memcpy-stub.o)
 .debug_frame   0x000023ec       0x20 c:/program files (x86)/cypress/psoc creator/4.1/psoc creator/import/gnu/arm/5.4.1/bin/../lib/gcc/arm-none-eabi/5.4.1/../../../../arm-none-eabi/lib/armv7-m\libg_nano.a(lib_a-memset.o)

.debug_str      0x00000000     0x2093
 *(.debug_str)
 .debug_str     0x00000000      0x18f .\ARM_GCC_541\Debug\main.o
                                0x1de (size before relaxing)
 .debug_str     0x0000018f      0x19f .\ARM_GCC_541\Debug\cyfitter_cfg.o
                                0x34a (size before relaxing)
 .debug_str     0x0000032e       0x7f .\ARM_GCC_541\Debug\cymetadata.o
                                0x1f4 (size before relaxing)
 .debug_str     0x000003ad      0x123 .\ARM_GCC_541\Debug\Cm3Start.o
                                0x2e7 (size before relaxing)
 .debug_str     0x000004d0      0x2fe .\ARM_GCC_541\Debug\StaticSegLCD_Example01.a(LCD_SegStat.o)
                                0x4be (size before relaxing)
 .debug_str     0x000007ce       0x39 .\ARM_GCC_541\Debug\StaticSegLCD_Example01.a(LCD_SegStat_INT.o)
                                0x1af (size before relaxing)
 .debug_str     0x00000807       0x6c .\ARM_GCC_541\Debug\StaticSegLCD_Example01.a(LCD_SegStat_Pins.o)
                                0x1f2 (size before relaxing)
 .debug_str     0x00000873       0xab .\ARM_GCC_541\Debug\StaticSegLCD_Example01.a(LCD_SegStat_PM.o)
                                0x252 (size before relaxing)
 .debug_str     0x0000091e      0x136 .\ARM_GCC_541\Debug\StaticSegLCD_Example01.a(WakeUpIsr.o)
                                0x2ee (size before relaxing)
 .debug_str     0x00000a54       0xb5 .\ARM_GCC_541\Debug\StaticSegLCD_Example01.a(Pin_wakeup.o)
                                0x251 (size before relaxing)
 .debug_str     0x00000b09      0x1e3 .\ARM_GCC_541\Debug\StaticSegLCD_Example01.a(LCD_Char.o)
                                0x38d (size before relaxing)
 .debug_str     0x00000cec      0x1f2 .\ARM_GCC_541\Debug\StaticSegLCD_Example01.a(LCD_SegStat_InClock.o)
                                0x38e (size before relaxing)
 .debug_str     0x00000ede       0xcb .\ARM_GCC_541\Debug\StaticSegLCD_Example01.a(LCD_SegStat_Lcd_Dma_dma.o)
                                0x263 (size before relaxing)
 .debug_str     0x00000fa9      0x366 .\ARM_GCC_541\Debug\StaticSegLCD_Example01.a(CyDmac.o)
                                0x52d (size before relaxing)
 .debug_str     0x0000130f      0x7b6 .\ARM_GCC_541\Debug\StaticSegLCD_Example01.a(CyLib.o)
                                0x9fa (size before relaxing)
 .debug_str     0x00001ac5      0x371 .\ARM_GCC_541\Debug\StaticSegLCD_Example01.a(cyPm.o)
                                0x553 (size before relaxing)
 .debug_str     0x00001e36      0x13e .\ARM_GCC_541\Debug\StaticSegLCD_Example01.a(CyFlash.o)
                                0x306 (size before relaxing)
 .debug_str     0x00001f74      0x11f .\ARM_GCC_541\Debug\StaticSegLCD_Example01.a(CySpc.o)
                                0x303 (size before relaxing)

.debug_loc
 *(.debug_loc)

.debug_macinfo
 *(.debug_macinfo)

.debug_ranges   0x00000000      0x7c8
 *(.debug_ranges)
 .debug_ranges  0x00000000       0x18 .\ARM_GCC_541\Debug\main.o
 .debug_ranges  0x00000018       0x48 .\ARM_GCC_541\Debug\cyfitter_cfg.o
 .debug_ranges  0x00000060       0x38 .\ARM_GCC_541\Debug\Cm3Start.o
 .debug_ranges  0x00000098       0x80 .\ARM_GCC_541\Debug\StaticSegLCD_Example01.a(LCD_SegStat.o)
 .debug_ranges  0x00000118       0x10 .\ARM_GCC_541\Debug\StaticSegLCD_Example01.a(LCD_SegStat_INT.o)
 .debug_ranges  0x00000128       0x18 .\ARM_GCC_541\Debug\StaticSegLCD_Example01.a(LCD_SegStat_Pins.o)
 .debug_ranges  0x00000140       0x28 .\ARM_GCC_541\Debug\StaticSegLCD_Example01.a(LCD_SegStat_PM.o)
 .debug_ranges  0x00000168       0x70 .\ARM_GCC_541\Debug\StaticSegLCD_Example01.a(WakeUpIsr.o)
 .debug_ranges  0x000001d8       0x38 .\ARM_GCC_541\Debug\StaticSegLCD_Example01.a(Pin_wakeup.o)
 .debug_ranges  0x00000210       0x88 .\ARM_GCC_541\Debug\StaticSegLCD_Example01.a(LCD_Char.o)
 .debug_ranges  0x00000298       0x60 .\ARM_GCC_541\Debug\StaticSegLCD_Example01.a(LCD_SegStat_InClock.o)
 .debug_ranges  0x000002f8       0x18 .\ARM_GCC_541\Debug\StaticSegLCD_Example01.a(LCD_SegStat_Lcd_Dma_dma.o)
 .debug_ranges  0x00000310       0xc8 .\ARM_GCC_541\Debug\StaticSegLCD_Example01.a(CyDmac.o)
 .debug_ranges  0x000003d8      0x290 .\ARM_GCC_541\Debug\StaticSegLCD_Example01.a(CyLib.o)
 .debug_ranges  0x00000668       0x88 .\ARM_GCC_541\Debug\StaticSegLCD_Example01.a(cyPm.o)
 .debug_ranges  0x000006f0       0x70 .\ARM_GCC_541\Debug\StaticSegLCD_Example01.a(CyFlash.o)
 .debug_ranges  0x00000760       0x68 .\ARM_GCC_541\Debug\StaticSegLCD_Example01.a(CySpc.o)

.comment        0x00000000       0x6e
 .comment       0x00000000       0x6e .\ARM_GCC_541\Debug\main.o
                                 0x6f (size before relaxing)
 .comment       0x0000006e       0x6f .\ARM_GCC_541\Debug\cyfitter_cfg.o
 .comment       0x0000006e       0x6f .\ARM_GCC_541\Debug\cymetadata.o
 .comment       0x0000006e       0x6f .\ARM_GCC_541\Debug\Cm3Start.o
 .comment       0x0000006e       0x6f .\ARM_GCC_541\Debug\StaticSegLCD_Example01.a(LCD_SegStat.o)
 .comment       0x0000006e       0x6f .\ARM_GCC_541\Debug\StaticSegLCD_Example01.a(LCD_SegStat_INT.o)
 .comment       0x0000006e       0x6f .\ARM_GCC_541\Debug\StaticSegLCD_Example01.a(LCD_SegStat_Pins.o)
 .comment       0x0000006e       0x6f .\ARM_GCC_541\Debug\StaticSegLCD_Example01.a(LCD_SegStat_PM.o)
 .comment       0x0000006e       0x6f .\ARM_GCC_541\Debug\StaticSegLCD_Example01.a(WakeUpIsr.o)
 .comment       0x0000006e       0x6f .\ARM_GCC_541\Debug\StaticSegLCD_Example01.a(Pin_wakeup.o)
 .comment       0x0000006e       0x6f .\ARM_GCC_541\Debug\StaticSegLCD_Example01.a(LCD_Char.o)
 .comment       0x0000006e       0x6f .\ARM_GCC_541\Debug\StaticSegLCD_Example01.a(LCD_SegStat_InClock.o)
 .comment       0x0000006e       0x6f .\ARM_GCC_541\Debug\StaticSegLCD_Example01.a(LCD_SegStat_Lcd_Dma_dma.o)
 .comment       0x0000006e       0x6f .\ARM_GCC_541\Debug\StaticSegLCD_Example01.a(CyDmac.o)
 .comment       0x0000006e       0x6f .\ARM_GCC_541\Debug\StaticSegLCD_Example01.a(CyLib.o)
 .comment       0x0000006e       0x6f .\ARM_GCC_541\Debug\StaticSegLCD_Example01.a(cyPm.o)
 .comment       0x0000006e       0x6f .\ARM_GCC_541\Debug\StaticSegLCD_Example01.a(CyFlash.o)
 .comment       0x0000006e       0x6f .\ARM_GCC_541\Debug\StaticSegLCD_Example01.a(CySpc.o)

.debug_weaknames
 *(.debug_weaknames)

.debug_funcnames
 *(.debug_funcnames)

.debug_typenames
 *(.debug_typenames)

.debug_varnames
 *(.debug_varnames)

.note.gnu.arm.ident
 *(.note.gnu.arm.ident)

.ARM.attributes
                0x00000000       0x29
 *(.ARM.attributes)
 .ARM.attributes
                0x00000000       0x1d c:/program files (x86)/cypress/psoc creator/4.1/psoc creator/import/gnu/arm/5.4.1/bin/../lib/gcc/arm-none-eabi/5.4.1/armv7-m/crti.o
 .ARM.attributes
                0x0000001d       0x2d c:/program files (x86)/cypress/psoc creator/4.1/psoc creator/import/gnu/arm/5.4.1/bin/../lib/gcc/arm-none-eabi/5.4.1/armv7-m/crtbegin.o
 .ARM.attributes
                0x0000004a       0x1b c:/program files (x86)/cypress/psoc creator/4.1/psoc creator/import/gnu/arm/5.4.1/bin/../lib/gcc/arm-none-eabi/5.4.1/../../../../arm-none-eabi/lib/armv7-m/crt0.o
 .ARM.attributes
                0x00000065       0x33 .\ARM_GCC_541\Debug\main.o
 .ARM.attributes
                0x00000098       0x33 .\ARM_GCC_541\Debug\cyfitter_cfg.o
 .ARM.attributes
                0x000000cb       0x33 .\ARM_GCC_541\Debug\cymetadata.o
 .ARM.attributes
                0x000000fe       0x33 .\ARM_GCC_541\Debug\Cm3Start.o
 .ARM.attributes
                0x00000131       0x33 .\ARM_GCC_541\Debug\StaticSegLCD_Example01.a(LCD_SegStat.o)
 .ARM.attributes
                0x00000164       0x33 .\ARM_GCC_541\Debug\StaticSegLCD_Example01.a(LCD_SegStat_INT.o)
 .ARM.attributes
                0x00000197       0x33 .\ARM_GCC_541\Debug\StaticSegLCD_Example01.a(LCD_SegStat_Pins.o)
 .ARM.attributes
                0x000001ca       0x33 .\ARM_GCC_541\Debug\StaticSegLCD_Example01.a(LCD_SegStat_PM.o)
 .ARM.attributes
                0x000001fd       0x33 .\ARM_GCC_541\Debug\StaticSegLCD_Example01.a(WakeUpIsr.o)
 .ARM.attributes
                0x00000230       0x33 .\ARM_GCC_541\Debug\StaticSegLCD_Example01.a(Pin_wakeup.o)
 .ARM.attributes
                0x00000263       0x33 .\ARM_GCC_541\Debug\StaticSegLCD_Example01.a(LCD_Char.o)
 .ARM.attributes
                0x00000296       0x33 .\ARM_GCC_541\Debug\StaticSegLCD_Example01.a(LCD_SegStat_InClock.o)
 .ARM.attributes
                0x000002c9       0x33 .\ARM_GCC_541\Debug\StaticSegLCD_Example01.a(LCD_SegStat_Lcd_Dma_dma.o)
 .ARM.attributes
                0x000002fc       0x33 .\ARM_GCC_541\Debug\StaticSegLCD_Example01.a(CyDmac.o)
 .ARM.attributes
                0x0000032f       0x33 .\ARM_GCC_541\Debug\StaticSegLCD_Example01.a(CyLib.o)
 .ARM.attributes
                0x00000362       0x33 .\ARM_GCC_541\Debug\StaticSegLCD_Example01.a(cyPm.o)
 .ARM.attributes
                0x00000395       0x21 .\ARM_GCC_541\Debug\StaticSegLCD_Example01.a(CyBootAsmGnu.o)
 .ARM.attributes
                0x000003b6       0x33 .\ARM_GCC_541\Debug\StaticSegLCD_Example01.a(CyFlash.o)
 .ARM.attributes
                0x000003e9       0x33 .\ARM_GCC_541\Debug\StaticSegLCD_Example01.a(CySpc.o)
 .ARM.attributes
                0x0000041c       0x2d c:/program files (x86)/cypress/psoc creator/4.1/psoc creator/import/gnu/arm/5.4.1/bin/../lib/gcc/arm-none-eabi/5.4.1/../../../../arm-none-eabi/lib/armv7-m\libg_nano.a(lib_a-errno.o)
 .ARM.attributes
                0x00000449       0x2d c:/program files (x86)/cypress/psoc creator/4.1/psoc creator/import/gnu/arm/5.4.1/bin/../lib/gcc/arm-none-eabi/5.4.1/../../../../arm-none-eabi/lib/armv7-m\libg_nano.a(lib_a-exit.o)
 .ARM.attributes
                0x00000476       0x2d c:/program files (x86)/cypress/psoc creator/4.1/psoc creator/import/gnu/arm/5.4.1/bin/../lib/gcc/arm-none-eabi/5.4.1/../../../../arm-none-eabi/lib/armv7-m\libg_nano.a(lib_a-impure.o)
 .ARM.attributes
                0x000004a3       0x2d c:/program files (x86)/cypress/psoc creator/4.1/psoc creator/import/gnu/arm/5.4.1/bin/../lib/gcc/arm-none-eabi/5.4.1/../../../../arm-none-eabi/lib/armv7-m\libg_nano.a(lib_a-init.o)
 .ARM.attributes
                0x000004d0       0x2d c:/program files (x86)/cypress/psoc creator/4.1/psoc creator/import/gnu/arm/5.4.1/bin/../lib/gcc/arm-none-eabi/5.4.1/../../../../arm-none-eabi/lib/armv7-m\libg_nano.a(lib_a-memcpy-stub.o)
 .ARM.attributes
                0x000004fd       0x2d c:/program files (x86)/cypress/psoc creator/4.1/psoc creator/import/gnu/arm/5.4.1/bin/../lib/gcc/arm-none-eabi/5.4.1/../../../../arm-none-eabi/lib/armv7-m\libg_nano.a(lib_a-memset.o)
 .ARM.attributes
                0x0000052a       0x2d c:/program files (x86)/cypress/psoc creator/4.1/psoc creator/import/gnu/arm/5.4.1/bin/../lib/gcc/arm-none-eabi/5.4.1/armv7-m/crtend.o
 .ARM.attributes
                0x00000557       0x1d c:/program files (x86)/cypress/psoc creator/4.1/psoc creator/import/gnu/arm/5.4.1/bin/../lib/gcc/arm-none-eabi/5.4.1/armv7-m/crtn.o

/DISCARD/
 *(.note.GNU-stack)
OUTPUT(C:\Users\TOSHIBA\Documents\PSoC Creator\PrimerAvance\StaticSegLCD_Example01.cydsn\ARM_GCC_541\Debug\StaticSegLCD_Example01.elf elf32-littlearm)
