Archive member included to satisfy reference by file (symbol)

.\CortexM3\ARM_GCC_541\Debug\BallPlate.a(PWM_X.o)
                              .\CortexM3\ARM_GCC_541\Debug\main.o (PWM_X_WriteCompare)
.\CortexM3\ARM_GCC_541\Debug\BallPlate.a(PWM_Y.o)
                              .\CortexM3\ARM_GCC_541\Debug\main.o (PWM_Y_Start)
.\CortexM3\ARM_GCC_541\Debug\BallPlate.a(Timer.o)
                              .\CortexM3\ARM_GCC_541\Debug\main.o (Timer_Start)
.\CortexM3\ARM_GCC_541\Debug\BallPlate.a(ResistiveTouch.o)
                              .\CortexM3\ARM_GCC_541\Debug\main.o (ResistiveTouch_Start)
.\CortexM3\ARM_GCC_541\Debug\BallPlate.a(isr_Timer.o)
                              .\CortexM3\ARM_GCC_541\Debug\main.o (isr_Timer_StartEx)
.\CortexM3\ARM_GCC_541\Debug\BallPlate.a(ResistiveTouch_AMux.o)
                              .\CortexM3\ARM_GCC_541\Debug\BallPlate.a(ResistiveTouch.o) (ResistiveTouch_AMux_Init)
.\CortexM3\ARM_GCC_541\Debug\BallPlate.a(ResistiveTouch_ADC.o)
                              .\CortexM3\ARM_GCC_541\Debug\BallPlate.a(ResistiveTouch.o) (ResistiveTouch_ADC_Init)
.\CortexM3\ARM_GCC_541\Debug\BallPlate.a(ResistiveTouch_ADC_INT.o)
                              .\CortexM3\ARM_GCC_541\Debug\BallPlate.a(ResistiveTouch_ADC.o) (ResistiveTouch_ADC_ISR1)
.\CortexM3\ARM_GCC_541\Debug\BallPlate.a(ResistiveTouch_ADC_AMux.o)
                              .\CortexM3\ARM_GCC_541\Debug\BallPlate.a(ResistiveTouch_ADC.o) (ResistiveTouch_ADC_AMux_Select)
.\CortexM3\ARM_GCC_541\Debug\BallPlate.a(ResistiveTouch_ADC_Ext_CP_Clk.o)
                              .\CortexM3\ARM_GCC_541\Debug\BallPlate.a(ResistiveTouch_ADC.o) (ResistiveTouch_ADC_Ext_CP_Clk_SetModeRegister)
.\CortexM3\ARM_GCC_541\Debug\BallPlate.a(ResistiveTouch_ADC_theACLK.o)
                              .\CortexM3\ARM_GCC_541\Debug\BallPlate.a(ResistiveTouch_ADC.o) (ResistiveTouch_ADC_theACLK_SetModeRegister)
.\CortexM3\ARM_GCC_541\Debug\BallPlate.a(CyLib.o)
                              .\CortexM3\ARM_GCC_541\Debug\Cm3Start.o (CyHalt)
.\CortexM3\ARM_GCC_541\Debug\BallPlate.a(cyPm.o)
                              .\CortexM3\ARM_GCC_541\Debug\BallPlate.a(CyLib.o) (CyPmReadStatus)
.\CortexM3\ARM_GCC_541\Debug\BallPlate.a(LCD_Char.o)
                              .\CortexM3\ARM_GCC_541\Debug\main.o (LCD_Char_PrintString)
.\CortexM3\ARM_GCC_541\Debug\BallPlate.a(CyBootAsmGnu.o)
                              .\CortexM3\ARM_GCC_541\Debug\cyfitter_cfg.o (CyDelayCycles)
.\CortexM3\ARM_GCC_541\Debug\BallPlate.a(CyFlash.o)
                              .\CortexM3\ARM_GCC_541\Debug\BallPlate.a(cyPm.o) (CyFlash_SetWaitCycles)
.\CortexM3\ARM_GCC_541\Debug\BallPlate.a(CySpc.o)
                              .\CortexM3\ARM_GCC_541\Debug\BallPlate.a(CyFlash.o) (CySpcStart)
c:/program files (x86)/cypress/psoc creator/4.1/psoc creator/import/gnu/arm/5.4.1/bin/../lib/gcc/arm-none-eabi/5.4.1/armv7-m\libgcc.a(_arm_addsubdf3.o)
                              .\CortexM3\ARM_GCC_541\Debug\main.o (__aeabi_dadd)
c:/program files (x86)/cypress/psoc creator/4.1/psoc creator/import/gnu/arm/5.4.1/bin/../lib/gcc/arm-none-eabi/5.4.1/armv7-m\libgcc.a(_arm_muldivdf3.o)
                              .\CortexM3\ARM_GCC_541\Debug\main.o (__aeabi_dmul)
c:/program files (x86)/cypress/psoc creator/4.1/psoc creator/import/gnu/arm/5.4.1/bin/../lib/gcc/arm-none-eabi/5.4.1/armv7-m\libgcc.a(_arm_cmpdf2.o)
                              .\CortexM3\ARM_GCC_541\Debug\BallPlate.a(ResistiveTouch_ADC.o) (__aeabi_dcmpgt)
c:/program files (x86)/cypress/psoc creator/4.1/psoc creator/import/gnu/arm/5.4.1/bin/../lib/gcc/arm-none-eabi/5.4.1/armv7-m\libgcc.a(_arm_fixdfsi.o)
                              .\CortexM3\ARM_GCC_541\Debug\main.o (__aeabi_d2iz)
c:/program files (x86)/cypress/psoc creator/4.1/psoc creator/import/gnu/arm/5.4.1/bin/../lib/gcc/arm-none-eabi/5.4.1/armv7-m\libgcc.a(_arm_addsubsf3.o)
                              .\CortexM3\ARM_GCC_541\Debug\main.o (__aeabi_fsub)
c:/program files (x86)/cypress/psoc creator/4.1/psoc creator/import/gnu/arm/5.4.1/bin/../lib/gcc/arm-none-eabi/5.4.1/armv7-m\libgcc.a(_arm_muldivsf3.o)
                              .\CortexM3\ARM_GCC_541\Debug\main.o (__aeabi_fmul)
c:/program files (x86)/cypress/psoc creator/4.1/psoc creator/import/gnu/arm/5.4.1/bin/../lib/gcc/arm-none-eabi/5.4.1/armv7-m\libgcc.a(_arm_fixunssfsi.o)
                              .\CortexM3\ARM_GCC_541\Debug\BallPlate.a(ResistiveTouch_ADC.o) (__aeabi_f2uiz)
c:/program files (x86)/cypress/psoc creator/4.1/psoc creator/import/gnu/arm/5.4.1/bin/../lib/gcc/arm-none-eabi/5.4.1/../../../../arm-none-eabi/lib/armv7-m\libg_nano.a(lib_a-errno.o)
                              .\CortexM3\ARM_GCC_541\Debug\Cm3Start.o (__errno)
c:/program files (x86)/cypress/psoc creator/4.1/psoc creator/import/gnu/arm/5.4.1/bin/../lib/gcc/arm-none-eabi/5.4.1/../../../../arm-none-eabi/lib/armv7-m\libg_nano.a(lib_a-exit.o)
[...]
Memory Configuration

Name             Origin             Length             Attributes
rom              0x00000000         0x00040000         xr
ram              0x1fff8000         0x00010000         xrw
*default*        0x00000000         0xffffffff

Linker script and memory map

LOAD c:/program files (x86)/cypress/psoc creator/4.1/psoc creator/import/gnu/arm/5.4.1/bin/../lib/gcc/arm-none-eabi/5.4.1/armv7-m/crti.o
LOAD c:/program files (x86)/cypress/psoc creator/4.1/psoc creator/import/gnu/arm/5.4.1/bin/../lib/gcc/arm-none-eabi/5.4.1/armv7-m/crtbegin.o
LOAD c:/program files (x86)/cypress/psoc creator/4.1/psoc creator/import/gnu/arm/5.4.1/bin/../lib/gcc/arm-none-eabi/5.4.1/../../../../arm-none-eabi/lib/armv7-m/crt0.o
START GROUP
LOAD .\CortexM3\ARM_GCC_541\Debug\main.o
LOAD .\CortexM3\ARM_GCC_541\Debug\cyfitter_cfg.o
LOAD .\CortexM3\ARM_GCC_541\Debug\cymetadata.o
LOAD .\CortexM3\ARM_GCC_541\Debug\Cm3Start.o
LOAD .\CortexM3\ARM_GCC_541\Debug\BallPlate.a
LOAD C:\Program Files (x86)\Cypress\PSoC Creator\4.1\PSoC Creator\psoc\content\cycomponentlibrary\CyComponentLibrary.cylib\CortexM3\ARM_GCC_541\Debug\CyComponentLibrary.a
END GROUP
START GROUP
LOAD c:/program files (x86)/cypress/psoc creator/4.1/psoc creator/import/gnu/arm/5.4.1/bin/../lib/gcc/arm-none-eabi/5.4.1/armv7-m\libgcc.a
LOAD c:/program files (x86)/cypress/psoc creator/4.1/psoc creator/import/gnu/arm/5.4.1/bin/../lib/gcc/arm-none-eabi/5.4.1/../../../../arm-none-eabi/lib/armv7-m\libg_nano.a
LOAD c:/program files (x86)/cypress/psoc creator/4.1/psoc creator/import/gnu/arm/5.4.1/bin/../lib/gcc/arm-none-eabi/5.4.1/../../../../arm-none-eabi/lib/armv7-m\libc_nano.a
END GROUP
START GROUP
LOAD c:/program files (x86)/cypress/psoc creator/4.1/psoc creator/import/gnu/arm/5.4.1/bin/../lib/gcc/arm-none-eabi/5.4.1/armv7-m\libgcc.a
LOAD c:/program files (x86)/cypress/psoc creator/4.1/psoc creator/import/gnu/arm/5.4.1/bin/../lib/gcc/arm-none-eabi/5.4.1/../../../../arm-none-eabi/lib/armv7-m\libc_nano.a
END GROUP
LOAD c:/program files (x86)/cypress/psoc creator/4.1/psoc creator/import/gnu/arm/5.4.1/bin/../lib/gcc/arm-none-eabi/5.4.1/armv7-m/crtend.o
LOAD c:/program files (x86)/cypress/psoc creator/4.1/psoc creator/import/gnu/arm/5.4.1/bin/../lib/gcc/arm-none-eabi/5.4.1/armv7-m/crtn.o
START GROUP
LOAD c:/program files (x86)/cypress/psoc creator/4.1/psoc creator/import/gnu/arm/5.4.1/bin/../lib/gcc/arm-none-eabi/5.4.1/armv7-m\libgcc.a
LOAD c:/program files (x86)/cypress/psoc creator/4.1/psoc creator/import/gnu/arm/5.4.1/bin/../lib/gcc/arm-none-eabi/5.4.1/../../../../arm-none-eabi/lib/armv7-m\libc.a
LOAD c:/program files (x86)/cypress/psoc creator/4.1/psoc creator/import/gnu/arm/5.4.1/bin/../lib/gcc/arm-none-eabi/5.4.1/../../../../arm-none-eabi/lib/armv7-m\libnosys.a
END GROUP
                0x00000000                CY_APPL_ORIGIN = 0x0
                0x00000100                CY_FLASH_ROW_SIZE = 0x100
                0x00000020                CY_ECC_ROW_SIZE = 0x20
                0x00000000                CY_EE_IN_BTLDR = 0x0
                0x00000000                CY_APPL_LOADABLE = 0x0
                0x00000800                CY_EE_SIZE = 0x800
                0x00000001                CY_APPL_NUM = 0x1
                0x00000001                CY_APPL_MAX = 0x1
                0x00000040                CY_METADATA_SIZE = 0x40
                0x00000000                CY_APPL_LOADABLE = 0x0
                0x00000000                CY_CHECKSUM_EXCLUDE_SIZE = ALIGN (0x0, CY_FLASH_ROW_SIZE)
                [!provide]                PROVIDE (__cy_heap_start, _end)
                0x00000001                PROVIDE (__cy_region_num, ((__cy_regions_end - __cy_regions) / 0x10))
                0x20008000                PROVIDE (__cy_stack, (ORIGIN (ram) + LENGTH (ram)))
                [!provide]                PROVIDE (__cy_heap_end, (__cy_stack - 0x800))

.cybootloader   0x00000000        0x0
 *(.cybootloader)
                0x00000000                appl1_start = CY_APPL_ORIGIN?CY_APPL_ORIGIN:ALIGN (CY_FLASH_ROW_SIZE)
                0x0001ff00                appl2_start = (appl1_start + ALIGN ((((LENGTH (rom) - appl1_start) - (0x2 * CY_FLASH_ROW_SIZE)) / 0x2), CY_FLASH_ROW_SIZE))
                0x00000000                appl_start = (CY_APPL_NUM == 0x1)?appl1_start:appl2_start
                0x00000000                ecc_offset = ((appl_start / CY_FLASH_ROW_SIZE) * CY_ECC_ROW_SIZE)
                0x00000000                ee_offset = (CY_APPL_LOADABLE && ! (CY_EE_IN_BTLDR))?((CY_EE_SIZE / CY_APPL_MAX) * (CY_APPL_NUM - 0x1)):0x0
                0x00000800                ee_size = (CY_APPL_LOADABLE && ! (CY_EE_IN_BTLDR))?(CY_EE_SIZE / CY_APPL_MAX):CY_EE_SIZE
                [!provide]                PROVIDE (CY_ECC_OFFSET, ecc_offset)

.text           0x00000000     0x42e4
 CREATE_OBJECT_SYMBOLS
                0x00000000                PROVIDE (__cy_interrupt_vector, RomVectors)
 *(.romvectors)
 .romvectors    0x00000000       0x10 .\CortexM3\ARM_GCC_541\Debug\Cm3Start.o
                0x00000000                RomVectors
                0x00000001                ASSERT ((. != __cy_interrupt_vector), No interrupt vector)
                0x00000001                ASSERT (CY_APPL_ORIGIN?(SIZEOF (.cybootloader) <= CY_APPL_ORIGIN):0x1, Wrong image location)
                0x00000010                PROVIDE (__cy_reset, Reset)
 *(.text.Reset)
 .text.Reset    0x00000010       0x18 .\CortexM3\ARM_GCC_541\Debug\Cm3Start.o
                0x00000010                Reset
                0x00000001                ASSERT ((. != __cy_reset), No reset code)
 *(.dma_init)
                0x00000001                ASSERT ((((appl_start + .) <= 0x10000) || 0x1), DMA Init must be within the first 64k of flash)
 *(.text .text.* .gnu.linkonce.t.*)
 .text          0x00000028       0x5c c:/program files (x86)/cypress/psoc creator/4.1/psoc creator/import/gnu/arm/5.4.1/bin/../lib/gcc/arm-none-eabi/5.4.1/armv7-m/crtbegin.o
 *fill*         0x00000084        0x4 
 .text.Control  0x00000088      0x1cc .\CortexM3\ARM_GCC_541\Debug\main.o
                0x00000088                Control
 .text.isr_Muestreo
                0x00000254        0x8 .\CortexM3\ARM_GCC_541\Debug\main.o
                0x00000254                isr_Muestreo
 .text.main     0x0000025c       0x88 .\CortexM3\ARM_GCC_541\Debug\main.o
                0x0000025c                main
 .text.CyClockStartupError
                0x000002e4        0x4 .\CortexM3\ARM_GCC_541\Debug\cyfitter_cfg.o
 .text.cfg_write_bytes32
                0x000002e8       0x34 .\CortexM3\ARM_GCC_541\Debug\cyfitter_cfg.o
 .text.AnalogSetDefault
                0x0000031c       0x28 .\CortexM3\ARM_GCC_541\Debug\cyfitter_cfg.o
 .text.CYMEMZERO
                0x00000344        0xc .\CortexM3\ARM_GCC_541\Debug\cyfitter_cfg.o
 .text.CYCONFIGCPY
                0x00000350        0x8 .\CortexM3\ARM_GCC_541\Debug\cyfitter_cfg.o
 .text.ClockSetup
                0x00000358       0xf0 .\CortexM3\ARM_GCC_541\Debug\cyfitter_cfg.o
 .text.ResistiveTouch_ADC_AMux_Set
                0x00000448       0x1c .\CortexM3\ARM_GCC_541\Debug\cyfitter_cfg.o
                0x00000448                ResistiveTouch_ADC_AMux_Set
 .text.ResistiveTouch_ADC_AMux_Unset
                0x00000464       0x1c .\CortexM3\ARM_GCC_541\Debug\cyfitter_cfg.o
                0x00000464                ResistiveTouch_ADC_AMux_Unset
 .text.ResistiveTouch_AMux_DisconnectAll
                0x00000480       0x1c .\CortexM3\ARM_GCC_541\Debug\cyfitter_cfg.o
                0x00000480                ResistiveTouch_AMux_DisconnectAll
 .text.ResistiveTouch_AMux_Next
                0x0000049c       0x48 .\CortexM3\ARM_GCC_541\Debug\cyfitter_cfg.o
                0x0000049c                ResistiveTouch_AMux_Next
 .text.cyfitter_cfg
                0x000004e4       0xf4 .\CortexM3\ARM_GCC_541\Debug\cyfitter_cfg.o
                0x000004e4                cyfitter_cfg
 .text.IntDefaultHandler
                0x000005d8       0x10 .\CortexM3\ARM_GCC_541\Debug\Cm3Start.o
                0x000005d8                IntDefaultHandler
 .text._sbrk    0x000005e8       0x30 .\CortexM3\ARM_GCC_541\Debug\Cm3Start.o
                0x000005e8                _sbrk
 .text.Start_c  0x00000618       0x4c .\CortexM3\ARM_GCC_541\Debug\Cm3Start.o
                0x00000618                Start_c
 .text.initialize_psoc
                0x00000664       0x68 .\CortexM3\ARM_GCC_541\Debug\Cm3Start.o
                0x00000664                initialize_psoc
 .text.PWM_X_Enable
                0x000006cc       0x28 .\CortexM3\ARM_GCC_541\Debug\BallPlate.a(PWM_X.o)
                0x000006cc                PWM_X_Enable
 .text.PWM_X_WritePeriod
                0x000006f4        0xc .\CortexM3\ARM_GCC_541\Debug\BallPlate.a(PWM_X.o)
                0x000006f4                PWM_X_WritePeriod
 .text.PWM_X_WriteCompare
                0x00000700        0xc .\CortexM3\ARM_GCC_541\Debug\BallPlate.a(PWM_X.o)
                0x00000700                PWM_X_WriteCompare
 .text.PWM_X_SetInterruptMode
                0x0000070c        0xc .\CortexM3\ARM_GCC_541\Debug\BallPlate.a(PWM_X.o)
                0x0000070c                PWM_X_SetInterruptMode
 .text.PWM_X_Init
                0x00000718       0x78 .\CortexM3\ARM_GCC_541\Debug\BallPlate.a(PWM_X.o)
                0x00000718                PWM_X_Init
 .text.PWM_X_Start
                0x00000790       0x1c .\CortexM3\ARM_GCC_541\Debug\BallPlate.a(PWM_X.o)
                0x00000790                PWM_X_Start
 .text.PWM_Y_Enable
                0x000007ac       0x28 .\CortexM3\ARM_GCC_541\Debug\BallPlate.a(PWM_Y.o)
                0x000007ac                PWM_Y_Enable
 .text.PWM_Y_WritePeriod
                0x000007d4        0xc .\CortexM3\ARM_GCC_541\Debug\BallPlate.a(PWM_Y.o)
                0x000007d4                PWM_Y_WritePeriod
 .text.PWM_Y_WriteCompare
                0x000007e0        0xc .\CortexM3\ARM_GCC_541\Debug\BallPlate.a(PWM_Y.o)
                0x000007e0                PWM_Y_WriteCompare
 .text.PWM_Y_SetInterruptMode
                0x000007ec        0xc .\CortexM3\ARM_GCC_541\Debug\BallPlate.a(PWM_Y.o)
                0x000007ec                PWM_Y_SetInterruptMode
 .text.PWM_Y_Init
                0x000007f8       0x78 .\CortexM3\ARM_GCC_541\Debug\BallPlate.a(PWM_Y.o)
                0x000007f8                PWM_Y_Init
 .text.PWM_Y_Start
                0x00000870       0x1c .\CortexM3\ARM_GCC_541\Debug\BallPlate.a(PWM_Y.o)
                0x00000870                PWM_Y_Start
 .text.Timer_Enable
                0x0000088c       0x28 .\CortexM3\ARM_GCC_541\Debug\BallPlate.a(Timer.o)
                0x0000088c                Timer_Enable
 .text.Timer_SetInterruptMode
                0x000008b4        0xc .\CortexM3\ARM_GCC_541\Debug\BallPlate.a(Timer.o)
                0x000008b4                Timer_SetInterruptMode
 .text.Timer_WritePeriod
                0x000008c0        0xc .\CortexM3\ARM_GCC_541\Debug\BallPlate.a(Timer.o)
                0x000008c0                Timer_WritePeriod
 .text.Timer_WriteCounter
                0x000008cc        0xc .\CortexM3\ARM_GCC_541\Debug\BallPlate.a(Timer.o)
                0x000008cc                Timer_WriteCounter
 .text.Timer_Init
                0x000008d8       0x68 .\CortexM3\ARM_GCC_541\Debug\BallPlate.a(Timer.o)
                0x000008d8                Timer_Init
 .text.Timer_Start
                0x00000940       0x1c .\CortexM3\ARM_GCC_541\Debug\BallPlate.a(Timer.o)
                0x00000940                Timer_Start
 .text.ResistiveTouch_Init
                0x0000095c        0xc .\CortexM3\ARM_GCC_541\Debug\BallPlate.a(ResistiveTouch.o)
                0x0000095c                ResistiveTouch_Init
 .text.ResistiveTouch_Enable
                0x00000968        0x8 .\CortexM3\ARM_GCC_541\Debug\BallPlate.a(ResistiveTouch.o)
                0x00000968                ResistiveTouch_Enable
 .text.ResistiveTouch_Start
                0x00000970       0x1c .\CortexM3\ARM_GCC_541\Debug\BallPlate.a(ResistiveTouch.o)
                0x00000970                ResistiveTouch_Start
 .text.ResistiveTouch_ActivateX
                0x0000098c       0x44 .\CortexM3\ARM_GCC_541\Debug\BallPlate.a(ResistiveTouch.o)
                0x0000098c                ResistiveTouch_ActivateX
 .text.ResistiveTouch_ActivateY
                0x000009d0       0x58 .\CortexM3\ARM_GCC_541\Debug\BallPlate.a(ResistiveTouch.o)
                0x000009d0                ResistiveTouch_ActivateY
 .text.ResistiveTouch_Measure
                0x00000a28       0x1c .\CortexM3\ARM_GCC_541\Debug\BallPlate.a(ResistiveTouch.o)
                0x00000a28                ResistiveTouch_Measure
 .text.isr_Timer_SetVector
                0x00000a44        0xc .\CortexM3\ARM_GCC_541\Debug\BallPlate.a(isr_Timer.o)
                0x00000a44                isr_Timer_SetVector
 .text.isr_Timer_SetPriority
                0x00000a50       0x10 .\CortexM3\ARM_GCC_541\Debug\BallPlate.a(isr_Timer.o)
                0x00000a50                isr_Timer_SetPriority
 .text.isr_Timer_Enable
                0x00000a60        0xc .\CortexM3\ARM_GCC_541\Debug\BallPlate.a(isr_Timer.o)
                0x00000a60                isr_Timer_Enable
 .text.isr_Timer_Disable
                0x00000a6c        0xc .\CortexM3\ARM_GCC_541\Debug\BallPlate.a(isr_Timer.o)
                0x00000a6c                isr_Timer_Disable
 .text.isr_Timer_StartEx
                0x00000a78       0x1c .\CortexM3\ARM_GCC_541\Debug\BallPlate.a(isr_Timer.o)
                0x00000a78                isr_Timer_StartEx
 .text.ResistiveTouch_AMux_Init
                0x00000a94        0x8 .\CortexM3\ARM_GCC_541\Debug\BallPlate.a(ResistiveTouch_AMux.o)
                0x00000a94                ResistiveTouch_AMux_Init
 .text.ResistiveTouch_AMux_GetChannel
                0x00000a9c        0xc .\CortexM3\ARM_GCC_541\Debug\BallPlate.a(ResistiveTouch_AMux.o)
                0x00000a9c                ResistiveTouch_AMux_GetChannel
 .text.ResistiveTouch_ADC_GainCompensation
                0x00000aa8       0xdc .\CortexM3\ARM_GCC_541\Debug\BallPlate.a(ResistiveTouch_ADC.o)
 .text.ResistiveTouch_ADC_SetDSMRef0Reg
                0x00000b84       0x4c .\CortexM3\ARM_GCC_541\Debug\BallPlate.a(ResistiveTouch_ADC.o)
 .text.ResistiveTouch_ADC_InitConfig
                0x00000bd0       0xdc .\CortexM3\ARM_GCC_541\Debug\BallPlate.a(ResistiveTouch_ADC.o)
 .text.ResistiveTouch_ADC_Init
                0x00000cac       0xc4 .\CortexM3\ARM_GCC_541\Debug\BallPlate.a(ResistiveTouch_ADC.o)
                0x00000cac                ResistiveTouch_ADC_Init
 .text.ResistiveTouch_ADC_Enable
                0x00000d70       0xd8 .\CortexM3\ARM_GCC_541\Debug\BallPlate.a(ResistiveTouch_ADC.o)
                0x00000d70                ResistiveTouch_ADC_Enable
 .text.ResistiveTouch_ADC_StartConvert
                0x00000e48       0x10 .\CortexM3\ARM_GCC_541\Debug\BallPlate.a(ResistiveTouch_ADC.o)
                0x00000e48                ResistiveTouch_ADC_StartConvert
 .text.ResistiveTouch_ADC_IsEndConversion
                0x00000e58       0x30 .\CortexM3\ARM_GCC_541\Debug\BallPlate.a(ResistiveTouch_ADC.o)
                0x00000e58                ResistiveTouch_ADC_IsEndConversion
 .text.ResistiveTouch_ADC_GetResult16
                0x00000e88       0x50 .\CortexM3\ARM_GCC_541\Debug\BallPlate.a(ResistiveTouch_ADC.o)
                0x00000e88                ResistiveTouch_ADC_GetResult16
 .text.ResistiveTouch_ADC_ISR1
                0x00000ed8        0x4 .\CortexM3\ARM_GCC_541\Debug\BallPlate.a(ResistiveTouch_ADC_INT.o)
                0x00000ed8                ResistiveTouch_ADC_ISR1
 .text.ResistiveTouch_ADC_AMux_Start
                0x00000edc       0x20 .\CortexM3\ARM_GCC_541\Debug\BallPlate.a(ResistiveTouch_ADC_AMux.o)
                0x00000edc                ResistiveTouch_ADC_AMux_Start
 .text.ResistiveTouch_ADC_AMux_Select
                0x00000efc       0x18 .\CortexM3\ARM_GCC_541\Debug\BallPlate.a(ResistiveTouch_ADC_AMux.o)
                0x00000efc                ResistiveTouch_ADC_AMux_Select
 .text.ResistiveTouch_ADC_Ext_CP_Clk_GetDividerRegister
                0x00000f14        0xc .\CortexM3\ARM_GCC_541\Debug\BallPlate.a(ResistiveTouch_ADC_Ext_CP_Clk.o)
                0x00000f14                ResistiveTouch_ADC_Ext_CP_Clk_GetDividerRegister
 .text.ResistiveTouch_ADC_Ext_CP_Clk_SetModeRegister
                0x00000f20       0x14 .\CortexM3\ARM_GCC_541\Debug\BallPlate.a(ResistiveTouch_ADC_Ext_CP_Clk.o)
                0x00000f20                ResistiveTouch_ADC_Ext_CP_Clk_SetModeRegister
 .text.ResistiveTouch_ADC_Ext_CP_Clk_GetSourceRegister
                0x00000f34       0x10 .\CortexM3\ARM_GCC_541\Debug\BallPlate.a(ResistiveTouch_ADC_Ext_CP_Clk.o)
                0x00000f34                ResistiveTouch_ADC_Ext_CP_Clk_GetSourceRegister
 .text.ResistiveTouch_ADC_Ext_CP_Clk_SetDividerRegister
                0x00000f44       0xd8 .\CortexM3\ARM_GCC_541\Debug\BallPlate.a(ResistiveTouch_ADC_Ext_CP_Clk.o)
                0x00000f44                ResistiveTouch_ADC_Ext_CP_Clk_SetDividerRegister
 .text.ResistiveTouch_ADC_theACLK_GetDividerRegister
                0x0000101c        0xc .\CortexM3\ARM_GCC_541\Debug\BallPlate.a(ResistiveTouch_ADC_theACLK.o)
                0x0000101c                ResistiveTouch_ADC_theACLK_GetDividerRegister
 .text.ResistiveTouch_ADC_theACLK_SetModeRegister
                0x00001028       0x14 .\CortexM3\ARM_GCC_541\Debug\BallPlate.a(ResistiveTouch_ADC_theACLK.o)
                0x00001028                ResistiveTouch_ADC_theACLK_SetModeRegister
 .text.ResistiveTouch_ADC_theACLK_GetSourceRegister
                0x0000103c       0x10 .\CortexM3\ARM_GCC_541\Debug\BallPlate.a(ResistiveTouch_ADC_theACLK.o)
                0x0000103c                ResistiveTouch_ADC_theACLK_GetSourceRegister
 .text.ResistiveTouch_ADC_theACLK_SetDividerRegister
                0x0000104c       0xd8 .\CortexM3\ARM_GCC_541\Debug\BallPlate.a(ResistiveTouch_ADC_theACLK.o)
                0x0000104c                ResistiveTouch_ADC_theACLK_SetDividerRegister
 .text.CyHalt   0x00001124        0x4 .\CortexM3\ARM_GCC_541\Debug\BallPlate.a(CyLib.o)
                0x00001124                CyHalt
 .text.CyDelay  0x00001128       0x2c .\CortexM3\ARM_GCC_541\Debug\BallPlate.a(CyLib.o)
                0x00001128                CyDelay
 .text.CyDelayUs
                0x00001154       0x14 .\CortexM3\ARM_GCC_541\Debug\BallPlate.a(CyLib.o)
                0x00001154                CyDelayUs
 .text.CyIntSetVector
                0x00001168       0x28 .\CortexM3\ARM_GCC_541\Debug\BallPlate.a(CyLib.o)
                0x00001168                CyIntSetVector
 .text.CyIntSetPriority
                0x00001190       0x30 .\CortexM3\ARM_GCC_541\Debug\BallPlate.a(CyLib.o)
                0x00001190                CyIntSetPriority
 .text.LCD_Char_WrCntrlNib
                0x000011c0       0x34 .\CortexM3\ARM_GCC_541\Debug\BallPlate.a(LCD_Char.o)
 .text.LCD_Char_WrDatNib
                0x000011f4       0x44 .\CortexM3\ARM_GCC_541\Debug\BallPlate.a(LCD_Char.o)
 .text.LCD_Char_IsReady
                0x00001238       0xe4 .\CortexM3\ARM_GCC_541\Debug\BallPlate.a(LCD_Char.o)
                0x00001238                LCD_Char_IsReady
 .text.LCD_Char_WriteData
                0x0000131c       0x18 .\CortexM3\ARM_GCC_541\Debug\BallPlate.a(LCD_Char.o)
                0x0000131c                LCD_Char_WriteData
 .text.LCD_Char_PrintString
                0x00001334       0x1c .\CortexM3\ARM_GCC_541\Debug\BallPlate.a(LCD_Char.o)
                0x00001334                LCD_Char_PrintString
 .text.LCD_Char_WriteControl
                0x00001350       0x18 .\CortexM3\ARM_GCC_541\Debug\BallPlate.a(LCD_Char.o)
                0x00001350                LCD_Char_WriteControl
 .text.LCD_Char_Init
                0x00001368       0x6c .\CortexM3\ARM_GCC_541\Debug\BallPlate.a(LCD_Char.o)
                0x00001368                LCD_Char_Init
 .text.LCD_Char_Enable
                0x000013d4       0x14 .\CortexM3\ARM_GCC_541\Debug\BallPlate.a(LCD_Char.o)
                0x000013d4                LCD_Char_Enable
 .text.LCD_Char_Start
                0x000013e8       0x1c .\CortexM3\ARM_GCC_541\Debug\BallPlate.a(LCD_Char.o)
                0x000013e8                LCD_Char_Start
 .text.LCD_Char_Position
                0x00001404       0x3c .\CortexM3\ARM_GCC_541\Debug\BallPlate.a(LCD_Char.o)
                0x00001404                LCD_Char_Position
 .text          0x00001440       0x20 .\CortexM3\ARM_GCC_541\Debug\BallPlate.a(CyBootAsmGnu.o)
                0x00001440                CyDelayCycles
                0x00001450                CyEnterCriticalSection
                0x00001458                CyExitCriticalSection
 .text          0x00001460      0x370 c:/program files (x86)/cypress/psoc creator/4.1/psoc creator/import/gnu/arm/5.4.1/bin/../lib/gcc/arm-none-eabi/5.4.1/armv7-m\libgcc.a(_arm_addsubdf3.o)
                0x00001460                __aeabi_drsub
                0x00001468                __aeabi_dsub
                0x00001468                __subdf3
                0x0000146c                __aeabi_dadd
                0x0000146c                __adddf3
                0x000016e4                __floatunsidf
                0x000016e4                __aeabi_ui2d
                0x00001704                __floatsidf
                0x00001704                __aeabi_i2d
                0x00001728                __aeabi_f2d
                0x00001728                __extendsfdf2
                0x00001764                __floatundidf
                0x00001764                __aeabi_ul2d
                0x00001774                __floatdidf
                0x00001774                __aeabi_l2d
 .text          0x000017d0      0x424 c:/program files (x86)/cypress/psoc creator/4.1/psoc creator/import/gnu/arm/5.4.1/bin/../lib/gcc/arm-none-eabi/5.4.1/armv7-m\libgcc.a(_arm_muldivdf3.o)
                0x000017d0                __aeabi_dmul
                0x000017d0                __muldf3
                0x00001a24                __divdf3
                0x00001a24                __aeabi_ddiv
 .text          0x00001bf4      0x110 c:/program files (x86)/cypress/psoc creator/4.1/psoc creator/import/gnu/arm/5.4.1/bin/../lib/gcc/arm-none-eabi/5.4.1/armv7-m\libgcc.a(_arm_cmpdf2.o)
                0x00001bf4                __gtdf2
                0x00001bf4                __gedf2
                0x00001bfc                __ltdf2
                0x00001bfc                __ledf2
                0x00001c04                __nedf2
                0x00001c04                __eqdf2
                0x00001c04                __cmpdf2
                0x00001c80                __aeabi_cdrcmple
                0x00001c90                __aeabi_cdcmpeq
                0x00001c90                __aeabi_cdcmple
                0x00001ca0                __aeabi_dcmpeq
                0x00001cb4                __aeabi_dcmplt
                0x00001cc8                __aeabi_dcmple
                0x00001cdc                __aeabi_dcmpge
                0x00001cf0                __aeabi_dcmpgt
 .text          0x00001d04       0x50 c:/program files (x86)/cypress/psoc creator/4.1/psoc creator/import/gnu/arm/5.4.1/bin/../lib/gcc/arm-none-eabi/5.4.1/armv7-m\libgcc.a(_arm_fixdfsi.o)
                0x00001d04                __aeabi_d2iz
                0x00001d04                __fixdfsi
 .text          0x00001d54      0x21c c:/program files (x86)/cypress/psoc creator/4.1/psoc creator/import/gnu/arm/5.4.1/bin/../lib/gcc/arm-none-eabi/5.4.1/armv7-m\libgcc.a(_arm_addsubsf3.o)
                0x00001d54                __aeabi_frsub
                0x00001d5c                __subsf3
                0x00001d5c                __aeabi_fsub
                0x00001d60                __aeabi_fadd
                0x00001d60                __addsf3
                0x00001ec0                __aeabi_ui2f
                0x00001ec0                __floatunsisf
                0x00001ec8                __aeabi_i2f
                0x00001ec8                __floatsisf
                0x00001ee4                __aeabi_ul2f
                0x00001ee4                __floatundisf
                0x00001ef4                __aeabi_l2f
                0x00001ef4                __floatdisf
 .text          0x00001f70      0x2a0 c:/program files (x86)/cypress/psoc creator/4.1/psoc creator/import/gnu/arm/5.4.1/bin/../lib/gcc/arm-none-eabi/5.4.1/armv7-m\libgcc.a(_arm_muldivsf3.o)
                0x00001f70                __mulsf3
                0x00001f70                __aeabi_fmul
                0x000020d8                __aeabi_fdiv
                0x000020d8                __divsf3
 .text.__errno  0x00002210        0xc c:/program files (x86)/cypress/psoc creator/4.1/psoc creator/import/gnu/arm/5.4.1/bin/../lib/gcc/arm-none-eabi/5.4.1/../../../../arm-none-eabi/lib/armv7-m\libg_nano.a(lib_a-errno.o)
                0x00002210                __errno
 .text.__libc_init_array
                0x0000221c       0x4c c:/program files (x86)/cypress/psoc creator/4.1/psoc creator/import/gnu/arm/5.4.1/bin/../lib/gcc/arm-none-eabi/5.4.1/../../../../arm-none-eabi/lib/armv7-m\libg_nano.a(lib_a-init.o)
                0x0000221c                __libc_init_array
 .text.memcpy   0x00002268       0x16 c:/program files (x86)/cypress/psoc creator/4.1/psoc creator/import/gnu/arm/5.4.1/bin/../lib/gcc/arm-none-eabi/5.4.1/../../../../arm-none-eabi/lib/armv7-m\libg_nano.a(lib_a-memcpy-stub.o)
                0x00002268                memcpy
 .text.memset   0x0000227e       0x10 c:/program files (x86)/cypress/psoc creator/4.1/psoc creator/import/gnu/arm/5.4.1/bin/../lib/gcc/arm-none-eabi/5.4.1/../../../../arm-none-eabi/lib/armv7-m\libg_nano.a(lib_a-memset.o)
                0x0000227e                memset
 .text.__cvt    0x0000228e       0xc0 c:/program files (x86)/cypress/psoc creator/4.1/psoc creator/import/gnu/arm/5.4.1/bin/../lib/gcc/arm-none-eabi/5.4.1/../../../../arm-none-eabi/lib/armv7-m\libg_nano.a(lib_a-nano-vfprintf_float.o)
                0x0000228e                __cvt
 .text.__exponent
                0x0000234e       0x62 c:/program files (x86)/cypress/psoc creator/4.1/psoc creator/import/gnu/arm/5.4.1/bin/../lib/gcc/arm-none-eabi/5.4.1/../../../../arm-none-eabi/lib/armv7-m\libg_nano.a(lib_a-nano-vfprintf_float.o)
                0x0000234e                __exponent
 .text._printf_float
                0x000023b0      0x488 c:/program files (x86)/cypress/psoc creator/4.1/psoc creator/import/gnu/arm/5.4.1/bin/../lib/gcc/arm-none-eabi/5.4.1/../../../../arm-none-eabi/lib/armv7-m\libg_nano.a(lib_a-nano-vfprintf_float.o)
                0x000023b0                _printf_float
 .text._printf_common
                0x00002838       0xec c:/program files (x86)/cypress/psoc creator/4.1/psoc creator/import/gnu/arm/5.4.1/bin/../lib/gcc/arm-none-eabi/5.4.1/../../../../arm-none-eabi/lib/armv7-m\libg_nano.a(lib_a-nano-vfprintf_i.o)
                0x00002838                _printf_common
 .text._printf_i
                0x00002924      0x24c c:/program files (x86)/cypress/psoc creator/4.1/psoc creator/import/gnu/arm/5.4.1/bin/../lib/gcc/arm-none-eabi/5.4.1/../../../../arm-none-eabi/lib/armv7-m\libg_nano.a(lib_a-nano-vfprintf_i.o)
                0x00002924                _printf_i
 .text.sprintf  0x00002b70       0x48 c:/program files (x86)/cypress/psoc creator/4.1/psoc creator/import/gnu/arm/5.4.1/bin/../lib/gcc/arm-none-eabi/5.4.1/../../../../arm-none-eabi/lib/armv7-m\libg_nano.a(lib_a-sprintf.o)
                0x00002b70                siprintf
                0x00002b70                sprintf
 .text          0x00002bb8       0x10 c:/program files (x86)/cypress/psoc creator/4.1/psoc creator/import/gnu/arm/5.4.1/bin/../lib/gcc/arm-none-eabi/5.4.1/../../../../arm-none-eabi/lib/armv7-m\libg_nano.a(lib_a-strlen.o)
                0x00002bb8                strlen
 .text.quorem   0x00002bc8      0x116 c:/program files (x86)/cypress/psoc creator/4.1/psoc creator/import/gnu/arm/5.4.1/bin/../lib/gcc/arm-none-eabi/5.4.1/../../../../arm-none-eabi/lib/armv7-m\libg_nano.a(lib_a-dtoa.o)
 *fill*         0x00002cde        0x2 
 .text._dtoa_r  0x00002ce0      0xb30 c:/program files (x86)/cypress/psoc creator/4.1/psoc creator/import/gnu/arm/5.4.1/bin/../lib/gcc/arm-none-eabi/5.4.1/../../../../arm-none-eabi/lib/armv7-m\libg_nano.a(lib_a-dtoa.o)
                0x00002ce0                _dtoa_r
 .text._localeconv_r
                0x00003810        0x8 c:/program files (x86)/cypress/psoc creator/4.1/psoc creator/import/gnu/arm/5.4.1/bin/../lib/gcc/arm-none-eabi/5.4.1/../../../../arm-none-eabi/lib/armv7-m\libg_nano.a(lib_a-locale.o)
                0x00003810                _localeconv_r
 .text.malloc   0x00003818       0x10 c:/program files (x86)/cypress/psoc creator/4.1/psoc creator/import/gnu/arm/5.4.1/bin/../lib/gcc/arm-none-eabi/5.4.1/../../../../arm-none-eabi/lib/armv7-m\libg_nano.a(lib_a-malloc.o)
                0x00003818                malloc
 .text.memchr   0x00003828       0x1c c:/program files (x86)/cypress/psoc creator/4.1/psoc creator/import/gnu/arm/5.4.1/bin/../lib/gcc/arm-none-eabi/5.4.1/../../../../arm-none-eabi/lib/armv7-m\libg_nano.a(lib_a-memchr-stub.o)
                0x00003828                memchr
 .text._Balloc  0x00003844       0x6a c:/program files (x86)/cypress/psoc creator/4.1/psoc creator/import/gnu/arm/5.4.1/bin/../lib/gcc/arm-none-eabi/5.4.1/../../../../arm-none-eabi/lib/armv7-m\libg_nano.a(lib_a-mprec.o)
                0x00003844                _Balloc
 .text._Bfree   0x000038ae       0x2e c:/program files (x86)/cypress/psoc creator/4.1/psoc creator/import/gnu/arm/5.4.1/bin/../lib/gcc/arm-none-eabi/5.4.1/../../../../arm-none-eabi/lib/armv7-m\libg_nano.a(lib_a-mprec.o)
                0x000038ae                _Bfree
 .text.__multadd
                0x000038dc       0x76 c:/program files (x86)/cypress/psoc creator/4.1/psoc creator/import/gnu/arm/5.4.1/bin/../lib/gcc/arm-none-eabi/5.4.1/../../../../arm-none-eabi/lib/armv7-m\libg_nano.a(lib_a-mprec.o)
                0x000038dc                __multadd
 .text.__hi0bits
                0x00003952       0x40 c:/program files (x86)/cypress/psoc creator/4.1/psoc creator/import/gnu/arm/5.4.1/bin/../lib/gcc/arm-none-eabi/5.4.1/../../../../arm-none-eabi/lib/armv7-m\libg_nano.a(lib_a-mprec.o)
                0x00003952                __hi0bits
 .text.__lo0bits
                0x00003992       0x5a c:/program files (x86)/cypress/psoc creator/4.1/psoc creator/import/gnu/arm/5.4.1/bin/../lib/gcc/arm-none-eabi/5.4.1/../../../../arm-none-eabi/lib/armv7-m\libg_nano.a(lib_a-mprec.o)
                0x00003992                __lo0bits
 .text.__i2b    0x000039ec       0x12 c:/program files (x86)/cypress/psoc creator/4.1/psoc creator/import/gnu/arm/5.4.1/bin/../lib/gcc/arm-none-eabi/5.4.1/../../../../arm-none-eabi/lib/armv7-m\libg_nano.a(lib_a-mprec.o)
                0x000039ec                __i2b
 .text.__multiply
                0x000039fe      0x120 c:/program files (x86)/cypress/psoc creator/4.1/psoc creator/import/gnu/arm/5.4.1/bin/../lib/gcc/arm-none-eabi/5.4.1/../../../../arm-none-eabi/lib/armv7-m\libg_nano.a(lib_a-mprec.o)
                0x000039fe                __multiply
 *fill*         0x00003b1e        0x2 
 .text.__pow5mult
                0x00003b20       0x9c c:/program files (x86)/cypress/psoc creator/4.1/psoc creator/import/gnu/arm/5.4.1/bin/../lib/gcc/arm-none-eabi/5.4.1/../../../../arm-none-eabi/lib/armv7-m\libg_nano.a(lib_a-mprec.o)
                0x00003b20                __pow5mult
 .text.__lshift
                0x00003bbc       0xa2 c:/program files (x86)/cypress/psoc creator/4.1/psoc creator/import/gnu/arm/5.4.1/bin/../lib/gcc/arm-none-eabi/5.4.1/../../../../arm-none-eabi/lib/armv7-m\libg_nano.a(lib_a-mprec.o)
                0x00003bbc                __lshift
 .text.__mcmp   0x00003c5e       0x38 c:/program files (x86)/cypress/psoc creator/4.1/psoc creator/import/gnu/arm/5.4.1/bin/../lib/gcc/arm-none-eabi/5.4.1/../../../../arm-none-eabi/lib/armv7-m\libg_nano.a(lib_a-mprec.o)
                0x00003c5e                __mcmp
 .text.__mdiff  0x00003c96       0xbe c:/program files (x86)/cypress/psoc creator/4.1/psoc creator/import/gnu/arm/5.4.1/bin/../lib/gcc/arm-none-eabi/5.4.1/../../../../arm-none-eabi/lib/armv7-m\libg_nano.a(lib_a-mprec.o)
                0x00003c96                __mdiff
 .text.__d2b    0x00003d54       0x9c c:/program files (x86)/cypress/psoc creator/4.1/psoc creator/import/gnu/arm/5.4.1/bin/../lib/gcc/arm-none-eabi/5.4.1/../../../../arm-none-eabi/lib/armv7-m\libg_nano.a(lib_a-mprec.o)
                0x00003d54                __d2b
 .text._calloc_r
                0x00003df0       0x1c c:/program files (x86)/cypress/psoc creator/4.1/psoc creator/import/gnu/arm/5.4.1/bin/../lib/gcc/arm-none-eabi/5.4.1/../../../../arm-none-eabi/lib/armv7-m\libg_nano.a(lib_a-nano-callocr.o)
                0x00003df0                _calloc_r
 .text._free_r  0x00003e0c       0x98 c:/program files (x86)/cypress/psoc creator/4.1/psoc creator/import/gnu/arm/5.4.1/bin/../lib/gcc/arm-none-eabi/5.4.1/../../../../arm-none-eabi/lib/armv7-m\libg_nano.a(lib_a-nano-freer.o)
                0x00003e0c                _free_r
 .text._malloc_r
                0x00003ea4       0xbc c:/program files (x86)/cypress/psoc creator/4.1/psoc creator/import/gnu/arm/5.4.1/bin/../lib/gcc/arm-none-eabi/5.4.1/../../../../arm-none-eabi/lib/armv7-m\libg_nano.a(lib_a-nano-mallocr.o)
                0x00003ea4                _malloc_r
 .text.__ssputs_r
                0x00003f60       0xb2 c:/program files (x86)/cypress/psoc creator/4.1/psoc creator/import/gnu/arm/5.4.1/bin/../lib/gcc/arm-none-eabi/5.4.1/../../../../arm-none-eabi/lib/armv7-m\libg_nano.a(lib_a-nano-svfprintf.o)
                0x00003f60                __ssputs_r
 *fill*         0x00004012        0x2 
 .text._svfprintf_r
                0x00004014      0x1e8 c:/program files (x86)/cypress/psoc creator/4.1/psoc creator/import/gnu/arm/5.4.1/bin/../lib/gcc/arm-none-eabi/5.4.1/../../../../arm-none-eabi/lib/armv7-m\libg_nano.a(lib_a-nano-svfprintf.o)
                0x00004014                _svfiprintf_r
                0x00004014                _svfprintf_r
 .text._sbrk_r  0x000041fc       0x20 c:/program files (x86)/cypress/psoc creator/4.1/psoc creator/import/gnu/arm/5.4.1/bin/../lib/gcc/arm-none-eabi/5.4.1/../../../../arm-none-eabi/lib/armv7-m\libg_nano.a(lib_a-sbrkr.o)
                0x000041fc                _sbrk_r
 .text.memmove  0x0000421c       0x36 c:/program files (x86)/cypress/psoc creator/4.1/psoc creator/import/gnu/arm/5.4.1/bin/../lib/gcc/arm-none-eabi/5.4.1/../../../../arm-none-eabi/lib/armv7-m\libg_nano.a(lib_a-memmove.o)
                0x0000421c                memmove
 .text.__malloc_lock
                0x00004252        0x2 c:/program files (x86)/cypress/psoc creator/4.1/psoc creator/import/gnu/arm/5.4.1/bin/../lib/gcc/arm-none-eabi/5.4.1/../../../../arm-none-eabi/lib/armv7-m\libg_nano.a(lib_a-mlock.o)
                0x00004252                __malloc_lock
 .text.__malloc_unlock
                0x00004254        0x2 c:/program files (x86)/cypress/psoc creator/4.1/psoc creator/import/gnu/arm/5.4.1/bin/../lib/gcc/arm-none-eabi/5.4.1/../../../../arm-none-eabi/lib/armv7-m\libg_nano.a(lib_a-mlock.o)
                0x00004254                __malloc_unlock
 .text._realloc_r
                0x00004256       0x4c c:/program files (x86)/cypress/psoc creator/4.1/psoc creator/import/gnu/arm/5.4.1/bin/../lib/gcc/arm-none-eabi/5.4.1/../../../../arm-none-eabi/lib/armv7-m\libg_nano.a(lib_a-nano-reallocr.o)
                0x00004256                _realloc_r
 .text._malloc_usable_size_r
                0x000042a2       0x14 c:/program files (x86)/cypress/psoc creator/4.1/psoc creator/import/gnu/arm/5.4.1/bin/../lib/gcc/arm-none-eabi/5.4.1/../../../../arm-none-eabi/lib/armv7-m\libg_nano.a(lib_a-nano-msizer.o)
                0x000042a2                _malloc_usable_size_r
 *fill*         0x000042b6        0x2 
 .text          0x000042b8       0x2c c:/program files (x86)/cypress/psoc creator/4.1/psoc creator/import/gnu/arm/5.4.1/bin/../lib/gcc/arm-none-eabi/5.4.1/armv7-m\libgcc.a(_arm_unorddf2.o)
                0x000042b8                __unorddf2
                0x000042b8                __aeabi_dcmpun
 *(.plt)
 *(.gnu.warning)
 *(.glue_7t)
 .glue_7t       0x000042e4        0x0 linker stubs
 *(.glue_7)
 .glue_7        0x000042e4        0x0 linker stubs
 *(.vfp11_veneer)
 .vfp11_veneer  0x000042e4        0x0 linker stubs
 *(.bootloader)
 *(.ARM.extab* .gnu.linkonce.armextab.*)
 *(.gcc_except_table)

.v4_bx          0x000042e4        0x0
 .v4_bx         0x000042e4        0x0 linker stubs

.iplt           0x000042e4        0x0
 .iplt          0x000042e4        0x0 c:/program files (x86)/cypress/psoc creator/4.1/psoc creator/import/gnu/arm/5.4.1/bin/../lib/gcc/arm-none-eabi/5.4.1/armv7-m/crtbegin.o

.eh_frame_hdr
 *(.eh_frame_hdr)

.eh_frame       0x000042e4        0x4
 *(.eh_frame)
 .eh_frame      0x000042e4        0x0 c:/program files (x86)/cypress/psoc creator/4.1/psoc creator/import/gnu/arm/5.4.1/bin/../lib/gcc/arm-none-eabi/5.4.1/armv7-m/crtbegin.o
 .eh_frame      0x000042e4        0x4 c:/program files (x86)/cypress/psoc creator/4.1/psoc creator/import/gnu/arm/5.4.1/bin/../lib/gcc/arm-none-eabi/5.4.1/armv7-m/crtend.o
                [!provide]                PROVIDE (__exidx_start, .)

.ARM.exidx
 *(.ARM.exidx* .gnu.linkonce.armexidx.*)
                0x000042e8                __exidx_end = .

.rodata         0x000042e8      0x1f0
 *(.rodata .rodata.* .gnu.linkonce.r.*)
 .rodata.str1.4
                0x000042e8        0xc .\CortexM3\ARM_GCC_541\Debug\main.o
                                  0xb (size before relaxing)
 .rodata        0x000042f4       0x4e .\CortexM3\ARM_GCC_541\Debug\cyfitter_cfg.o
                0x000042f4                ResistiveTouch_ADC_AMux__addrTable
                0x000042fc                ResistiveTouch_ADC_AMux__maskTable
 .rodata.str1.1
                0x00004342        0x2 c:/program files (x86)/cypress/psoc creator/4.1/psoc creator/import/gnu/arm/5.4.1/bin/../lib/gcc/arm-none-eabi/5.4.1/../../../../arm-none-eabi/lib/armv7-m\libg_nano.a(lib_a-impure.o)
 .rodata.str1.1
                0x00004344       0x12 c:/program files (x86)/cypress/psoc creator/4.1/psoc creator/import/gnu/arm/5.4.1/bin/../lib/gcc/arm-none-eabi/5.4.1/../../../../arm-none-eabi/lib/armv7-m\libg_nano.a(lib_a-nano-vfprintf_float.o)
 .rodata.str1.1
                0x00004356       0x22 c:/program files (x86)/cypress/psoc creator/4.1/psoc creator/import/gnu/arm/5.4.1/bin/../lib/gcc/arm-none-eabi/5.4.1/../../../../arm-none-eabi/lib/armv7-m\libg_nano.a(lib_a-nano-vfprintf_i.o)
 .rodata.str1.1
                0x00004378        0xd c:/program files (x86)/cypress/psoc creator/4.1/psoc creator/import/gnu/arm/5.4.1/bin/../lib/gcc/arm-none-eabi/5.4.1/../../../../arm-none-eabi/lib/armv7-m\libg_nano.a(lib_a-dtoa.o)
                                  0xf (size before relaxing)
 .rodata.str1.1
                0x00004385        0x8 c:/program files (x86)/cypress/psoc creator/4.1/psoc creator/import/gnu/arm/5.4.1/bin/../lib/gcc/arm-none-eabi/5.4.1/../../../../arm-none-eabi/lib/armv7-m\libg_nano.a(lib_a-locale.o)
                                  0xb (size before relaxing)
 *fill*         0x0000438d        0x3 
 .rodata.__mprec_tens
                0x00004390       0xc8 c:/program files (x86)/cypress/psoc creator/4.1/psoc creator/import/gnu/arm/5.4.1/bin/../lib/gcc/arm-none-eabi/5.4.1/../../../../arm-none-eabi/lib/armv7-m\libg_nano.a(lib_a-mprec.o)
                0x00004390                __mprec_tens
 .rodata.p05.5408
                0x00004458        0xc c:/program files (x86)/cypress/psoc creator/4.1/psoc creator/import/gnu/arm/5.4.1/bin/../lib/gcc/arm-none-eabi/5.4.1/../../../../arm-none-eabi/lib/armv7-m\libg_nano.a(lib_a-mprec.o)
 *fill*         0x00004464        0x4 
 .rodata.__mprec_bigtens
                0x00004468       0x28 c:/program files (x86)/cypress/psoc creator/4.1/psoc creator/import/gnu/arm/5.4.1/bin/../lib/gcc/arm-none-eabi/5.4.1/../../../../arm-none-eabi/lib/armv7-m\libg_nano.a(lib_a-mprec.o)
                0x00004468                __mprec_bigtens
 .rodata.str1.1
                0x00004490       0x11 c:/program files (x86)/cypress/psoc creator/4.1/psoc creator/import/gnu/arm/5.4.1/bin/../lib/gcc/arm-none-eabi/5.4.1/../../../../arm-none-eabi/lib/armv7-m\libg_nano.a(lib_a-nano-svfprintf.o)
                0x000044a4                . = ALIGN (0x4)
 *fill*         0x000044a1        0x3 
 *(.init)
 .init          0x000044a4        0x4 c:/program files (x86)/cypress/psoc creator/4.1/psoc creator/import/gnu/arm/5.4.1/bin/../lib/gcc/arm-none-eabi/5.4.1/armv7-m/crti.o
                0x000044a4                _init
 .init          0x000044a8        0x8 c:/program files (x86)/cypress/psoc creator/4.1/psoc creator/import/gnu/arm/5.4.1/bin/../lib/gcc/arm-none-eabi/5.4.1/armv7-m/crtn.o
                0x000044b0                . = ALIGN (0x4)
                0x000044b0                __preinit_array_start = .
 *(.preinit_array)
                0x000044b0                __preinit_array_end = .
                0x000044b0                . = ALIGN (0x4)
                0x000044b0                __init_array_start = .
 *(SORT(.init_array.*))
 *(.init_array)
 .init_array    0x000044b0        0x4 c:/program files (x86)/cypress/psoc creator/4.1/psoc creator/import/gnu/arm/5.4.1/bin/../lib/gcc/arm-none-eabi/5.4.1/armv7-m/crtbegin.o
 .init_array    0x000044b4        0x4 .\CortexM3\ARM_GCC_541\Debug\Cm3Start.o
                0x000044b8                __init_array_end = .
                0x000044b8                . = ALIGN (0x4)
 *(.fini)
 .fini          0x000044b8        0x4 c:/program files (x86)/cypress/psoc creator/4.1/psoc creator/import/gnu/arm/5.4.1/bin/../lib/gcc/arm-none-eabi/5.4.1/armv7-m/crti.o
                0x000044b8                _fini
 .fini          0x000044bc        0x8 c:/program files (x86)/cypress/psoc creator/4.1/psoc creator/import/gnu/arm/5.4.1/bin/../lib/gcc/arm-none-eabi/5.4.1/armv7-m/crtn.o
                0x000044c4                . = ALIGN (0x4)
                0x000044c4                __fini_array_start = .
 *(.fini_array)
 .fini_array    0x000044c4        0x4 c:/program files (x86)/cypress/psoc creator/4.1/psoc creator/import/gnu/arm/5.4.1/bin/../lib/gcc/arm-none-eabi/5.4.1/armv7-m/crtbegin.o
 *(SORT(.fini_array.*))
                0x000044c8                __fini_array_end = .
                0x000044c8                . = ALIGN (0x4)
 *crtbegin.o(.ctors)
 *(EXCLUDE_FILE(*crtend.o) .ctors)
 *(SORT(.ctors.*))
 *crtend.o(.ctors)
                0x000044c8                . = ALIGN (0x4)
 *crtbegin.o(.dtors)
 *(EXCLUDE_FILE(*crtend.o) .dtors)
 *(SORT(.dtors.*))
 *crtend.o(.dtors)
                0x000044c8                . = ALIGN (0x4)
                0x000044c8                __cy_regions = .
                0x000044c8        0x4 LONG 0x44d8 __cy_region_init_ram
                0x000044cc        0x4 LONG 0x1fff80c8 __cy_region_start_data
                0x000044d0        0x4 LONG 0xc0 __cy_region_init_size_ram
                0x000044d4        0x4 LONG 0xa8 __cy_region_zero_size_ram
                0x000044d8                __cy_regions_end = .
                0x000044d8                . = ALIGN (0x8)
                0x000044d8                _etext = .

.cy_checksum_exclude
                0x000044d8        0x0
 *(.cy_checksum_exclude)

.ramvectors     0x1fff8000       0xc0
                0x1fff8000                __cy_region_start_ram = .
 *(.ramvectors)
 .ramvectors    0x1fff8000       0xc0 .\CortexM3\ARM_GCC_541\Debug\Cm3Start.o
                0x1fff8000                CyRamVectors

.noinit         0x1fff80c0        0x1
 *(.noinit)
 .noinit        0x1fff80c0        0x1 .\CortexM3\ARM_GCC_541\Debug\BallPlate.a(CyLib.o)
                0x1fff80c0                CyResetStatus

.data           0x1fff80c8       0xc0 load address 0x000044d8
                0x1fff80c8                __cy_region_start_data = .
 *(.jcr)
 .jcr           0x1fff80c8        0x0 c:/program files (x86)/cypress/psoc creator/4.1/psoc creator/import/gnu/arm/5.4.1/bin/../lib/gcc/arm-none-eabi/5.4.1/armv7-m/crtbegin.o
 .jcr           0x1fff80c8        0x4 c:/program files (x86)/cypress/psoc creator/4.1/psoc creator/import/gnu/arm/5.4.1/bin/../lib/gcc/arm-none-eabi/5.4.1/armv7-m/crtend.o
 *(.got.plt)
 *(.got)
 *(.shdata)
 *(.data .data.* .gnu.linkonce.d.*)
 .data          0x1fff80cc        0x1 .\CortexM3\ARM_GCC_541\Debug\cyfitter_cfg.o
                0x1fff80cc                ResistiveTouch_AMux_curChannel
 *fill*         0x1fff80cd        0x3 
 .data          0x1fff80d0        0x4 .\CortexM3\ARM_GCC_541\Debug\Cm3Start.o
 .data          0x1fff80d4        0x1 .\CortexM3\ARM_GCC_541\Debug\BallPlate.a(ResistiveTouch_ADC.o)
                0x1fff80d4                ResistiveTouch_ADC_Config
 .data          0x1fff80d5        0x1 .\CortexM3\ARM_GCC_541\Debug\BallPlate.a(ResistiveTouch_ADC_AMux.o)
 *fill*         0x1fff80d6        0x2 
 .data          0x1fff80d8       0x10 .\CortexM3\ARM_GCC_541\Debug\BallPlate.a(CyLib.o)
                0x1fff80d8                cydelay_32k_ms
                0x1fff80dc                cydelay_freq_khz
                0x1fff80e0                cydelay_freq_mhz
                0x1fff80e4                cydelay_freq_hz
 .data.impure_data
                0x1fff80e8       0x60 c:/program files (x86)/cypress/psoc creator/4.1/psoc creator/import/gnu/arm/5.4.1/bin/../lib/gcc/arm-none-eabi/5.4.1/../../../../arm-none-eabi/lib/armv7-m\libg_nano.a(lib_a-impure.o)
 .data._impure_ptr
                0x1fff8148        0x4 c:/program files (x86)/cypress/psoc creator/4.1/psoc creator/import/gnu/arm/5.4.1/bin/../lib/gcc/arm-none-eabi/5.4.1/../../../../arm-none-eabi/lib/armv7-m\libg_nano.a(lib_a-impure.o)
                0x1fff8148                _impure_ptr
 .data.lconv    0x1fff814c       0x38 c:/program files (x86)/cypress/psoc creator/4.1/psoc creator/import/gnu/arm/5.4.1/bin/../lib/gcc/arm-none-eabi/5.4.1/../../../../arm-none-eabi/lib/armv7-m\libg_nano.a(lib_a-locale.o)
                0x1fff8188                . = ALIGN (0x8)
 *fill*         0x1fff8184        0x4 
 *(.ram)
                0x1fff8188                _edata = .

.igot.plt       0x1fff8188        0x0 load address 0x00004598
 .igot.plt      0x1fff8188        0x0 c:/program files (x86)/cypress/psoc creator/4.1/psoc creator/import/gnu/arm/5.4.1/bin/../lib/gcc/arm-none-eabi/5.4.1/armv7-m/crtbegin.o

.bss            0x1fff8188       0xa8 load address 0x00004598
                0x1fff8188                PROVIDE (__bss_start__, .)
 *(.shbss)
 *(.bss .bss.* .gnu.linkonce.b.*)
 .bss           0x1fff8188       0x1c c:/program files (x86)/cypress/psoc creator/4.1/psoc creator/import/gnu/arm/5.4.1/bin/../lib/gcc/arm-none-eabi/5.4.1/armv7-m/crtbegin.o
 .bss           0x1fff81a4       0x30 .\CortexM3\ARM_GCC_541\Debug\main.o
                0x1fff81a4                ex
                0x1fff81a8                accx1
                0x1fff81ac                ex1
                0x1fff81b0                adx
                0x1fff81b4                accx
                0x1fff81b8                ey
                0x1fff81bc                accy1
                0x1fff81c0                ey1
                0x1fff81c4                ady
                0x1fff81c8                accy
                0x1fff81cc                accy2
                0x1fff81d0                accx2
 .bss           0x1fff81d4        0x1 .\CortexM3\ARM_GCC_541\Debug\BallPlate.a(PWM_X.o)
                0x1fff81d4                PWM_X_initVar
 .bss           0x1fff81d5        0x1 .\CortexM3\ARM_GCC_541\Debug\BallPlate.a(PWM_Y.o)
                0x1fff81d5                PWM_Y_initVar
 .bss           0x1fff81d6        0x1 .\CortexM3\ARM_GCC_541\Debug\BallPlate.a(Timer.o)
                0x1fff81d6                Timer_initVar
 .bss           0x1fff81d7        0x2 .\CortexM3\ARM_GCC_541\Debug\BallPlate.a(ResistiveTouch.o)
                0x1fff81d7                ResistiveTouch_initVar
 *fill*         0x1fff81d9        0x3 
 .bss           0x1fff81dc        0x8 .\CortexM3\ARM_GCC_541\Debug\BallPlate.a(ResistiveTouch_ADC.o)
                0x1fff81e0                ResistiveTouch_ADC_stopConversion
                0x1fff81e1                ResistiveTouch_ADC_convDone
                0x1fff81e2                ResistiveTouch_ADC_initVar
                0x1fff81e3                ResistiveTouch_ADC_started
 .bss           0x1fff81e4        0x2 .\CortexM3\ARM_GCC_541\Debug\BallPlate.a(LCD_Char.o)
                0x1fff81e4                LCD_Char_enableState
                0x1fff81e5                LCD_Char_initVar
 *fill*         0x1fff81e6        0x2 
 .bss.__malloc_sbrk_start
                0x1fff81e8        0x4 c:/program files (x86)/cypress/psoc creator/4.1/psoc creator/import/gnu/arm/5.4.1/bin/../lib/gcc/arm-none-eabi/5.4.1/../../../../arm-none-eabi/lib/armv7-m\libg_nano.a(lib_a-nano-mallocr.o)
                0x1fff81e8                __malloc_sbrk_start
 .bss.__malloc_free_list
                0x1fff81ec        0x4 c:/program files (x86)/cypress/psoc creator/4.1/psoc creator/import/gnu/arm/5.4.1/bin/../lib/gcc/arm-none-eabi/5.4.1/../../../../arm-none-eabi/lib/armv7-m\libg_nano.a(lib_a-nano-mallocr.o)
                0x1fff81ec                __malloc_free_list
 *(COMMON)
 COMMON         0x1fff81f0       0x34 .\CortexM3\ARM_GCC_541\Debug\main.o
                0x1fff81f0                str3
                0x1fff81fc                datax
                0x1fff8200                datay
                0x1fff8204                coordy
                0x1fff8206                cuenty
                0x1fff8208                str1
                0x1fff8214                coordx
                0x1fff8216                cuentx
                0x1fff8218                str2
 COMMON         0x1fff8224        0x8 .\CortexM3\ARM_GCC_541\Debug\BallPlate.a(ResistiveTouch_ADC.o)
                0x1fff8224                ResistiveTouch_ADC_Offset
                0x1fff8228                ResistiveTouch_ADC_CountsPerVolt
 COMMON         0x1fff822c        0x4 c:/program files (x86)/cypress/psoc creator/4.1/psoc creator/import/gnu/arm/5.4.1/bin/../lib/gcc/arm-none-eabi/5.4.1/../../../../arm-none-eabi/lib/armv7-m\libg_nano.a(lib_a-reent.o)
                0x1fff822c                errno
                0x1fff8230                . = ALIGN (0x8)
 *(.ram.b)
                0x1fff8230                _end = .
                0x1fff8230                __end = .
                0x1fff8230                PROVIDE (end, .)
                0x1fff8230                PROVIDE (__bss_end__, .)
                0x000044d8                __cy_region_init_ram = LOADADDR (.data)
                0x000000c0                __cy_region_init_size_ram = (_edata - ADDR (.data))
                0x000000a8                __cy_region_zero_size_ram = (_end - _edata)

.heap           0x1fff8230      0x200 load address 0x00004598
                0x1fff8230                . = _end
                0x1fff8430                . = (. + 0x200)
 *fill*         0x1fff8230      0x200 
                0x1fff8430                __cy_heap_limit = .

.stack          0x20007800      0x800
                0x20007800                __cy_stack_limit = .
                0x20008000                . = (. + 0x800)
 *fill*         0x20007800      0x800 
                0x00000001                ASSERT ((__cy_stack_limit >= __cy_heap_limit), region RAM overflowed with stack)
                0x00000000                cy_checksum_exclude_size = (CY_APPL_LOADABLE == 0x1)?SIZEOF (.cy_checksum_exclude):0x0
                0x00000001                ASSERT ((cy_checksum_exclude_size <= CY_CHECKSUM_EXCLUDE_SIZE), CY_BOOT: Section .cy_checksum_exclude size exceedes specified limit.)

.cyloadermeta
 *(.cyloadermeta)

.cyloadablemeta
 *(.cyloadablemeta)

.cyconfigecc    0x80000000       0xec
 *(.cyconfigecc)
 .cyconfigecc   0x80000000       0xec .\CortexM3\ARM_GCC_541\Debug\cymetadata.o
                0x80000000                cy_meta_configecc

.cycustnvl      0x90000000        0x4
 *(.cycustnvl)
 .cycustnvl     0x90000000        0x4 .\CortexM3\ARM_GCC_541\Debug\cymetadata.o
                0x90000000                cy_meta_custnvl

.cywolatch      0x90100000        0x4
 *(.cywolatch)
 .cywolatch     0x90100000        0x4 .\CortexM3\ARM_GCC_541\Debug\cymetadata.o
                0x90100000                cy_meta_wonvl

.cyeeprom       0x90200000        0x0
 *(.cyeeprom)
                0x00000001                ASSERT ((. <= ((0x90200000 + ee_offset) + ee_size)), .cyeeprom data will not fit in EEPROM)

.cyflashprotect
                0x90400000      0x100
 *(.cyflashprotect)
 .cyflashprotect
                0x90400000      0x100 .\CortexM3\ARM_GCC_541\Debug\cymetadata.o
                0x90400000                cy_meta_flashprotect

.cymeta         0x90500000        0xc
 *(.cymeta)
 .cymeta        0x90500000        0xc .\CortexM3\ARM_GCC_541\Debug\cymetadata.o
                0x90500000                cy_metadata

.rel.dyn        0x00004598        0x0 load address 0x9050000c
 .rel.iplt      0x00004598        0x0 c:/program files (x86)/cypress/psoc creator/4.1/psoc creator/import/gnu/arm/5.4.1/bin/../lib/gcc/arm-none-eabi/5.4.1/armv7-m/crtbegin.o

.stab
 *(.stab)

.stabstr
 *(.stabstr)

.debug
 *(.debug)

.line
 *(.line)

.debug_srcinfo
 *(.debug_srcinfo)

.debug_sfnames
 *(.debug_sfnames)

.debug_aranges  0x00000000      0xab8
 *(.debug_aranges)
 .debug_aranges
                0x00000000       0x30 .\CortexM3\ARM_GCC_541\Debug\main.o
 .debug_aranges
                0x00000030       0x78 .\CortexM3\ARM_GCC_541\Debug\cyfitter_cfg.o
 .debug_aranges
                0x000000a8       0x18 .\CortexM3\ARM_GCC_541\Debug\cymetadata.o
 .debug_aranges
                0x000000c0       0x48 .\CortexM3\ARM_GCC_541\Debug\Cm3Start.o
 .debug_aranges
                0x00000108       0x78 .\CortexM3\ARM_GCC_541\Debug\BallPlate.a(PWM_X.o)
 .debug_aranges
                0x00000180       0x78 .\CortexM3\ARM_GCC_541\Debug\BallPlate.a(PWM_Y.o)
 .debug_aranges
                0x000001f8       0x88 .\CortexM3\ARM_GCC_541\Debug\BallPlate.a(Timer.o)
 .debug_aranges
                0x00000280       0x58 .\CortexM3\ARM_GCC_541\Debug\BallPlate.a(ResistiveTouch.o)
 .debug_aranges
                0x000002d8       0x80 .\CortexM3\ARM_GCC_541\Debug\BallPlate.a(isr_Timer.o)
 .debug_aranges
                0x00000358       0x38 .\CortexM3\ARM_GCC_541\Debug\BallPlate.a(ResistiveTouch_AMux.o)
 .debug_aranges
                0x00000390       0xe8 .\CortexM3\ARM_GCC_541\Debug\BallPlate.a(ResistiveTouch_ADC.o)
 .debug_aranges
                0x00000478       0x38 .\CortexM3\ARM_GCC_541\Debug\BallPlate.a(ResistiveTouch_ADC_INT.o)
 .debug_aranges
                0x000004b0       0x30 .\CortexM3\ARM_GCC_541\Debug\BallPlate.a(ResistiveTouch_ADC_AMux.o)
 .debug_aranges
                0x000004e0       0x70 .\CortexM3\ARM_GCC_541\Debug\BallPlate.a(ResistiveTouch_ADC_Ext_CP_Clk.o)
 .debug_aranges
                0x00000550       0x80 .\CortexM3\ARM_GCC_541\Debug\BallPlate.a(ResistiveTouch_ADC_theACLK.o)
 .debug_aranges
                0x000005d0      0x2a0 .\CortexM3\ARM_GCC_541\Debug\BallPlate.a(CyLib.o)
 .debug_aranges
                0x00000870       0x98 .\CortexM3\ARM_GCC_541\Debug\BallPlate.a(cyPm.o)
 .debug_aranges
                0x00000908       0x98 .\CortexM3\ARM_GCC_541\Debug\BallPlate.a(LCD_Char.o)
 .debug_aranges
                0x000009a0       0x20 .\CortexM3\ARM_GCC_541\Debug\BallPlate.a(CyBootAsmGnu.o)
 .debug_aranges
                0x000009c0       0x80 .\CortexM3\ARM_GCC_541\Debug\BallPlate.a(CyFlash.o)
 .debug_aranges
                0x00000a40       0x78 .\CortexM3\ARM_GCC_541\Debug\BallPlate.a(CySpc.o)

.debug_pubnames
 *(.debug_pubnames)

.debug_info     0x00000000     0x601d
 *(.debug_info .gnu.linkonce.wi.*)
 .debug_info    0x00000000      0x51c .\CortexM3\ARM_GCC_541\Debug\main.o
 .debug_info    0x0000051c      0x5de .\CortexM3\ARM_GCC_541\Debug\cyfitter_cfg.o
 .debug_info    0x00000afa      0x134 .\CortexM3\ARM_GCC_541\Debug\cymetadata.o
 .debug_info    0x00000c2e      0x3bb .\CortexM3\ARM_GCC_541\Debug\Cm3Start.o
 .debug_info    0x00000fe9      0x281 .\CortexM3\ARM_GCC_541\Debug\BallPlate.a(PWM_X.o)
 .debug_info    0x0000126a      0x281 .\CortexM3\ARM_GCC_541\Debug\BallPlate.a(PWM_Y.o)
 .debug_info    0x000014eb      0x295 .\CortexM3\ARM_GCC_541\Debug\BallPlate.a(Timer.o)
 .debug_info    0x00001780      0x311 .\CortexM3\ARM_GCC_541\Debug\BallPlate.a(ResistiveTouch.o)
 .debug_info    0x00001a91      0x2d2 .\CortexM3\ARM_GCC_541\Debug\BallPlate.a(isr_Timer.o)
 .debug_info    0x00001d63      0x132 .\CortexM3\ARM_GCC_541\Debug\BallPlate.a(ResistiveTouch_AMux.o)
 .debug_info    0x00001e95      0xa1d .\CortexM3\ARM_GCC_541\Debug\BallPlate.a(ResistiveTouch_ADC.o)
 .debug_info    0x000028b2       0xd3 .\CortexM3\ARM_GCC_541\Debug\BallPlate.a(ResistiveTouch_ADC_INT.o)
 .debug_info    0x00002985      0x165 .\CortexM3\ARM_GCC_541\Debug\BallPlate.a(ResistiveTouch_ADC_AMux.o)
 .debug_info    0x00002aea      0x283 .\CortexM3\ARM_GCC_541\Debug\BallPlate.a(ResistiveTouch_ADC_Ext_CP_Clk.o)
 .debug_info    0x00002d6d      0x2c4 .\CortexM3\ARM_GCC_541\Debug\BallPlate.a(ResistiveTouch_ADC_theACLK.o)
 .debug_info    0x00003031     0x1374 .\CortexM3\ARM_GCC_541\Debug\BallPlate.a(CyLib.o)
 .debug_info    0x000043a5      0xa2a .\CortexM3\ARM_GCC_541\Debug\BallPlate.a(cyPm.o)
 .debug_info    0x00004dcf      0x715 .\CortexM3\ARM_GCC_541\Debug\BallPlate.a(LCD_Char.o)
 .debug_info    0x000054e4       0x98 .\CortexM3\ARM_GCC_541\Debug\BallPlate.a(CyBootAsmGnu.o)
 .debug_info    0x0000557c      0x5b8 .\CortexM3\ARM_GCC_541\Debug\BallPlate.a(CyFlash.o)
 .debug_info    0x00005b34      0x4e9 .\CortexM3\ARM_GCC_541\Debug\BallPlate.a(CySpc.o)

.debug_abbrev   0x00000000     0x19e8
 *(.debug_abbrev)
 .debug_abbrev  0x00000000      0x139 .\CortexM3\ARM_GCC_541\Debug\main.o
 .debug_abbrev  0x00000139      0x236 .\CortexM3\ARM_GCC_541\Debug\cyfitter_cfg.o
 .debug_abbrev  0x0000036f       0x5d .\CortexM3\ARM_GCC_541\Debug\cymetadata.o
 .debug_abbrev  0x000003cc      0x1e8 .\CortexM3\ARM_GCC_541\Debug\Cm3Start.o
 .debug_abbrev  0x000005b4      0x12d .\CortexM3\ARM_GCC_541\Debug\BallPlate.a(PWM_X.o)
 .debug_abbrev  0x000006e1      0x12d .\CortexM3\ARM_GCC_541\Debug\BallPlate.a(PWM_Y.o)
 .debug_abbrev  0x0000080e      0x11a .\CortexM3\ARM_GCC_541\Debug\BallPlate.a(Timer.o)
 .debug_abbrev  0x00000928       0xf4 .\CortexM3\ARM_GCC_541\Debug\BallPlate.a(ResistiveTouch.o)
 .debug_abbrev  0x00000a1c      0x173 .\CortexM3\ARM_GCC_541\Debug\BallPlate.a(isr_Timer.o)
 .debug_abbrev  0x00000b8f       0xa9 .\CortexM3\ARM_GCC_541\Debug\BallPlate.a(ResistiveTouch_AMux.o)
 .debug_abbrev  0x00000c38      0x1cd .\CortexM3\ARM_GCC_541\Debug\BallPlate.a(ResistiveTouch_ADC.o)
 .debug_abbrev  0x00000e05       0x42 .\CortexM3\ARM_GCC_541\Debug\BallPlate.a(ResistiveTouch_ADC_INT.o)
 .debug_abbrev  0x00000e47       0xb1 .\CortexM3\ARM_GCC_541\Debug\BallPlate.a(ResistiveTouch_ADC_AMux.o)
 .debug_abbrev  0x00000ef8      0x139 .\CortexM3\ARM_GCC_541\Debug\BallPlate.a(ResistiveTouch_ADC_Ext_CP_Clk.o)
 .debug_abbrev  0x00001031      0x121 .\CortexM3\ARM_GCC_541\Debug\BallPlate.a(ResistiveTouch_ADC_theACLK.o)
 .debug_abbrev  0x00001152      0x254 .\CortexM3\ARM_GCC_541\Debug\BallPlate.a(CyLib.o)
 .debug_abbrev  0x000013a6      0x1ab .\CortexM3\ARM_GCC_541\Debug\BallPlate.a(cyPm.o)
 .debug_abbrev  0x00001551      0x157 .\CortexM3\ARM_GCC_541\Debug\BallPlate.a(LCD_Char.o)
 .debug_abbrev  0x000016a8       0x14 .\CortexM3\ARM_GCC_541\Debug\BallPlate.a(CyBootAsmGnu.o)
 .debug_abbrev  0x000016bc      0x198 .\CortexM3\ARM_GCC_541\Debug\BallPlate.a(CyFlash.o)
 .debug_abbrev  0x00001854      0x194 .\CortexM3\ARM_GCC_541\Debug\BallPlate.a(CySpc.o)

.debug_line     0x00000000     0x2947
 *(.debug_line)
 .debug_line    0x00000000      0x2a0 .\CortexM3\ARM_GCC_541\Debug\main.o
 .debug_line    0x000002a0      0x22f .\CortexM3\ARM_GCC_541\Debug\cyfitter_cfg.o
 .debug_line    0x000004cf      0x141 .\CortexM3\ARM_GCC_541\Debug\cymetadata.o
 .debug_line    0x00000610      0x234 .\CortexM3\ARM_GCC_541\Debug\Cm3Start.o
 .debug_line    0x00000844      0x133 .\CortexM3\ARM_GCC_541\Debug\BallPlate.a(PWM_X.o)
 .debug_line    0x00000977      0x133 .\CortexM3\ARM_GCC_541\Debug\BallPlate.a(PWM_Y.o)
 .debug_line    0x00000aaa      0x153 .\CortexM3\ARM_GCC_541\Debug\BallPlate.a(Timer.o)
 .debug_line    0x00000bfd      0x14d .\CortexM3\ARM_GCC_541\Debug\BallPlate.a(ResistiveTouch.o)
 .debug_line    0x00000d4a      0x136 .\CortexM3\ARM_GCC_541\Debug\BallPlate.a(isr_Timer.o)
 .debug_line    0x00000e80       0xaf .\CortexM3\ARM_GCC_541\Debug\BallPlate.a(ResistiveTouch_AMux.o)
 .debug_line    0x00000f2f      0x3ad .\CortexM3\ARM_GCC_541\Debug\BallPlate.a(ResistiveTouch_ADC.o)
 .debug_line    0x000012dc       0x8f .\CortexM3\ARM_GCC_541\Debug\BallPlate.a(ResistiveTouch_ADC_INT.o)
 .debug_line    0x0000136b       0xbb .\CortexM3\ARM_GCC_541\Debug\BallPlate.a(ResistiveTouch_ADC_AMux.o)
 .debug_line    0x00001426      0x18c .\CortexM3\ARM_GCC_541\Debug\BallPlate.a(ResistiveTouch_ADC_Ext_CP_Clk.o)
 .debug_line    0x000015b2      0x1ac .\CortexM3\ARM_GCC_541\Debug\BallPlate.a(ResistiveTouch_ADC_theACLK.o)
 .debug_line    0x0000175e      0x816 .\CortexM3\ARM_GCC_541\Debug\BallPlate.a(CyLib.o)
 .debug_line    0x00001f74      0x367 .\CortexM3\ARM_GCC_541\Debug\BallPlate.a(cyPm.o)
 .debug_line    0x000022db      0x1e1 .\CortexM3\ARM_GCC_541\Debug\BallPlate.a(LCD_Char.o)
 .debug_line    0x000024bc       0x66 .\CortexM3\ARM_GCC_541\Debug\BallPlate.a(CyBootAsmGnu.o)
 .debug_line    0x00002522      0x1e9 .\CortexM3\ARM_GCC_541\Debug\BallPlate.a(CyFlash.o)
 .debug_line    0x0000270b      0x23c .\CortexM3\ARM_GCC_541\Debug\BallPlate.a(CySpc.o)

.debug_frame    0x00000000     0x22bc
 *(.debug_frame)
 .debug_frame   0x00000000       0x70 .\CortexM3\ARM_GCC_541\Debug\main.o
 .debug_frame   0x00000070      0x124 .\CortexM3\ARM_GCC_541\Debug\cyfitter_cfg.o
 .debug_frame   0x00000194       0xb8 .\CortexM3\ARM_GCC_541\Debug\Cm3Start.o
 .debug_frame   0x0000024c       0xe8 .\CortexM3\ARM_GCC_541\Debug\BallPlate.a(PWM_X.o)
 .debug_frame   0x00000334       0xe8 .\CortexM3\ARM_GCC_541\Debug\BallPlate.a(PWM_Y.o)
 .debug_frame   0x0000041c      0x108 .\CortexM3\ARM_GCC_541\Debug\BallPlate.a(Timer.o)
 .debug_frame   0x00000524       0xf0 .\CortexM3\ARM_GCC_541\Debug\BallPlate.a(ResistiveTouch.o)
 .debug_frame   0x00000614      0x104 .\CortexM3\ARM_GCC_541\Debug\BallPlate.a(isr_Timer.o)
 .debug_frame   0x00000718       0x74 .\CortexM3\ARM_GCC_541\Debug\BallPlate.a(ResistiveTouch_AMux.o)
 .debug_frame   0x0000078c      0x28c .\CortexM3\ARM_GCC_541\Debug\BallPlate.a(ResistiveTouch_ADC.o)
 .debug_frame   0x00000a18       0x50 .\CortexM3\ARM_GCC_541\Debug\BallPlate.a(ResistiveTouch_ADC_INT.o)
 .debug_frame   0x00000a68       0x64 .\CortexM3\ARM_GCC_541\Debug\BallPlate.a(ResistiveTouch_ADC_AMux.o)
 .debug_frame   0x00000acc       0xe0 .\CortexM3\ARM_GCC_541\Debug\BallPlate.a(ResistiveTouch_ADC_Ext_CP_Clk.o)
 .debug_frame   0x00000bac      0x100 .\CortexM3\ARM_GCC_541\Debug\BallPlate.a(ResistiveTouch_ADC_theACLK.o)
 .debug_frame   0x00000cac      0x738 .\CortexM3\ARM_GCC_541\Debug\BallPlate.a(CyLib.o)
 .debug_frame   0x000013e4      0x1f8 .\CortexM3\ARM_GCC_541\Debug\BallPlate.a(cyPm.o)
 .debug_frame   0x000015dc      0x1e8 .\CortexM3\ARM_GCC_541\Debug\BallPlate.a(LCD_Char.o)
 .debug_frame   0x000017c4      0x174 .\CortexM3\ARM_GCC_541\Debug\BallPlate.a(CyFlash.o)
 .debug_frame   0x00001938      0x160 .\CortexM3\ARM_GCC_541\Debug\BallPlate.a(CySpc.o)
 .debug_frame   0x00001a98       0x20 c:/program files (x86)/cypress/psoc creator/4.1/psoc creator/import/gnu/arm/5.4.1/bin/../lib/gcc/arm-none-eabi/5.4.1/../../../../arm-none-eabi/lib/armv7-m\libg_nano.a(lib_a-errno.o)
 .debug_frame   0x00001ab8       0x28 c:/program files (x86)/cypress/psoc creator/4.1/psoc creator/import/gnu/arm/5.4.1/bin/../lib/gcc/arm-none-eabi/5.4.1/../../../../arm-none-eabi/lib/armv7-m\libg_nano.a(lib_a-exit.o)
 .debug_frame   0x00001ae0       0x2c c:/program files (x86)/cypress/psoc creator/4.1/psoc creator/import/gnu/arm/5.4.1/bin/../lib/gcc/arm-none-eabi/5.4.1/../../../../arm-none-eabi/lib/armv7-m\libg_nano.a(lib_a-init.o)
 .debug_frame   0x00001b0c       0x28 c:/program files (x86)/cypress/psoc creator/4.1/psoc creator/import/gnu/arm/5.4.1/bin/../lib/gcc/arm-none-eabi/5.4.1/../../../../arm-none-eabi/lib/armv7-m\libg_nano.a(lib_a-memcpy-stub.o)
 .debug_frame   0x00001b34       0x20 c:/program files (x86)/cypress/psoc creator/4.1/psoc creator/import/gnu/arm/5.4.1/bin/../lib/gcc/arm-none-eabi/5.4.1/../../../../arm-none-eabi/lib/armv7-m\libg_nano.a(lib_a-memset.o)
 .debug_frame   0x00001b54       0x8c c:/program files (x86)/cypress/psoc creator/4.1/psoc creator/import/gnu/arm/5.4.1/bin/../lib/gcc/arm-none-eabi/5.4.1/../../../../arm-none-eabi/lib/armv7-m\libg_nano.a(lib_a-nano-vfprintf_float.o)
 .debug_frame   0x00001be0       0x60 c:/program files (x86)/cypress/psoc creator/4.1/psoc creator/import/gnu/arm/5.4.1/bin/../lib/gcc/arm-none-eabi/5.4.1/../../../../arm-none-eabi/lib/armv7-m\libg_nano.a(lib_a-nano-vfprintf_i.o)
 .debug_frame   0x00001c40       0x70 c:/program files (x86)/cypress/psoc creator/4.1/psoc creator/import/gnu/arm/5.4.1/bin/../lib/gcc/arm-none-eabi/5.4.1/../../../../arm-none-eabi/lib/armv7-m\libg_nano.a(lib_a-sprintf.o)
 .debug_frame   0x00001cb0       0x6c c:/program files (x86)/cypress/psoc creator/4.1/psoc creator/import/gnu/arm/5.4.1/bin/../lib/gcc/arm-none-eabi/5.4.1/../../../../arm-none-eabi/lib/armv7-m\libg_nano.a(lib_a-dtoa.o)
 .debug_frame   0x00001d1c       0x98 c:/program files (x86)/cypress/psoc creator/4.1/psoc creator/import/gnu/arm/5.4.1/bin/../lib/gcc/arm-none-eabi/5.4.1/../../../../arm-none-eabi/lib/armv7-m\libg_nano.a(lib_a-locale.o)
 .debug_frame   0x00001db4       0x30 c:/program files (x86)/cypress/psoc creator/4.1/psoc creator/import/gnu/arm/5.4.1/bin/../lib/gcc/arm-none-eabi/5.4.1/../../../../arm-none-eabi/lib/armv7-m\libg_nano.a(lib_a-malloc.o)
 .debug_frame   0x00001de4       0x28 c:/program files (x86)/cypress/psoc creator/4.1/psoc creator/import/gnu/arm/5.4.1/bin/../lib/gcc/arm-none-eabi/5.4.1/../../../../arm-none-eabi/lib/armv7-m\libg_nano.a(lib_a-memchr-stub.o)
 .debug_frame   0x00001e0c      0x234 c:/program files (x86)/cypress/psoc creator/4.1/psoc creator/import/gnu/arm/5.4.1/bin/../lib/gcc/arm-none-eabi/5.4.1/../../../../arm-none-eabi/lib/armv7-m\libg_nano.a(lib_a-mprec.o)
 .debug_frame   0x00002040       0x2c c:/program files (x86)/cypress/psoc creator/4.1/psoc creator/import/gnu/arm/5.4.1/bin/../lib/gcc/arm-none-eabi/5.4.1/../../../../arm-none-eabi/lib/armv7-m\libg_nano.a(lib_a-nano-callocr.o)
 .debug_frame   0x0000206c       0x38 c:/program files (x86)/cypress/psoc creator/4.1/psoc creator/import/gnu/arm/5.4.1/bin/../lib/gcc/arm-none-eabi/5.4.1/../../../../arm-none-eabi/lib/armv7-m\libg_nano.a(lib_a-nano-freer.o)
 .debug_frame   0x000020a4       0x2c c:/program files (x86)/cypress/psoc creator/4.1/psoc creator/import/gnu/arm/5.4.1/bin/../lib/gcc/arm-none-eabi/5.4.1/../../../../arm-none-eabi/lib/armv7-m\libg_nano.a(lib_a-nano-mallocr.o)
 .debug_frame   0x000020d0       0x90 c:/program files (x86)/cypress/psoc creator/4.1/psoc creator/import/gnu/arm/5.4.1/bin/../lib/gcc/arm-none-eabi/5.4.1/../../../../arm-none-eabi/lib/armv7-m\libg_nano.a(lib_a-nano-svfprintf.o)
 .debug_frame   0x00002160       0x2c c:/program files (x86)/cypress/psoc creator/4.1/psoc creator/import/gnu/arm/5.4.1/bin/../lib/gcc/arm-none-eabi/5.4.1/../../../../arm-none-eabi/lib/armv7-m\libg_nano.a(lib_a-sbrkr.o)
 .debug_frame   0x0000218c       0x20 c:/program files (x86)/cypress/psoc creator/4.1/psoc creator/import/gnu/arm/5.4.1/bin/../lib/gcc/arm-none-eabi/5.4.1/../../../../arm-none-eabi/lib/armv7-m\libg_nano.a(lib_a-strcmp.o)
 .debug_frame   0x000021ac       0x28 c:/program files (x86)/cypress/psoc creator/4.1/psoc creator/import/gnu/arm/5.4.1/bin/../lib/gcc/arm-none-eabi/5.4.1/../../../../arm-none-eabi/lib/armv7-m\libg_nano.a(lib_a-memmove.o)
 .debug_frame   0x000021d4       0x30 c:/program files (x86)/cypress/psoc creator/4.1/psoc creator/import/gnu/arm/5.4.1/bin/../lib/gcc/arm-none-eabi/5.4.1/../../../../arm-none-eabi/lib/armv7-m\libg_nano.a(lib_a-mlock.o)
 .debug_frame   0x00002204       0x3c c:/program files (x86)/cypress/psoc creator/4.1/psoc creator/import/gnu/arm/5.4.1/bin/../lib/gcc/arm-none-eabi/5.4.1/../../../../arm-none-eabi/lib/armv7-m\libg_nano.a(lib_a-nano-reallocr.o)
 .debug_frame   0x00002240       0x5c c:/program files (x86)/cypress/psoc creator/4.1/psoc creator/import/gnu/arm/5.4.1/bin/../lib/gcc/arm-none-eabi/5.4.1/../../../../arm-none-eabi/lib/armv7-m\libg_nano.a(lib_a-reent.o)
 .debug_frame   0x0000229c       0x20 c:/program files (x86)/cypress/psoc creator/4.1/psoc creator/import/gnu/arm/5.4.1/bin/../lib/gcc/arm-none-eabi/5.4.1/../../../../arm-none-eabi/lib/armv7-m\libg_nano.a(lib_a-nano-msizer.o)

.debug_str      0x00000000     0x273f
 *(.debug_str)
 .debug_str     0x00000000      0x2c3 .\CortexM3\ARM_GCC_541\Debug\main.o
                                0x325 (size before relaxing)
 .debug_str     0x000002c3      0x269 .\CortexM3\ARM_GCC_541\Debug\cyfitter_cfg.o
                                0x3fe (size before relaxing)
 .debug_str     0x0000052c       0x7f .\CortexM3\ARM_GCC_541\Debug\cymetadata.o
                                0x1ec (size before relaxing)
 .debug_str     0x000005ab      0x144 .\CortexM3\ARM_GCC_541\Debug\Cm3Start.o
                                0x312 (size before relaxing)
 .debug_str     0x000006ef      0x11b .\CortexM3\ARM_GCC_541\Debug\BallPlate.a(PWM_X.o)
                                0x2d5 (size before relaxing)
 .debug_str     0x0000080a       0xfd .\CortexM3\ARM_GCC_541\Debug\BallPlate.a(PWM_Y.o)
                                0x2d5 (size before relaxing)
 .debug_str     0x00000907      0x121 .\CortexM3\ARM_GCC_541\Debug\BallPlate.a(Timer.o)
                                0x2fd (size before relaxing)
 .debug_str     0x00000a28      0x1be .\CortexM3\ARM_GCC_541\Debug\BallPlate.a(ResistiveTouch.o)
                                0x3d0 (size before relaxing)
 .debug_str     0x00000be6      0x124 .\CortexM3\ARM_GCC_541\Debug\BallPlate.a(isr_Timer.o)
                                0x2e6 (size before relaxing)
 .debug_str     0x00000d0a       0x63 .\CortexM3\ARM_GCC_541\Debug\BallPlate.a(ResistiveTouch_AMux.o)
                                0x26e (size before relaxing)
 .debug_str     0x00000d6d      0x587 .\CortexM3\ARM_GCC_541\Debug\BallPlate.a(ResistiveTouch_ADC.o)
                                0x838 (size before relaxing)
 .debug_str     0x000012f4       0x90 .\CortexM3\ARM_GCC_541\Debug\BallPlate.a(ResistiveTouch_ADC_INT.o)
                                0x213 (size before relaxing)
 .debug_str     0x00001384       0x9b .\CortexM3\ARM_GCC_541\Debug\BallPlate.a(ResistiveTouch_ADC_AMux.o)
                                0x270 (size before relaxing)
 .debug_str     0x0000141f      0x209 .\CortexM3\ARM_GCC_541\Debug\BallPlate.a(ResistiveTouch_ADC_Ext_CP_Clk.o)
                                0x3fe (size before relaxing)
 .debug_str     0x00001628      0x203 .\CortexM3\ARM_GCC_541\Debug\BallPlate.a(ResistiveTouch_ADC_theACLK.o)
                                0x43b (size before relaxing)
 .debug_str     0x0000182b      0x7d7 .\CortexM3\ARM_GCC_541\Debug\BallPlate.a(CyLib.o)
                                0xa4f (size before relaxing)
 .debug_str     0x00002002      0x365 .\CortexM3\ARM_GCC_541\Debug\BallPlate.a(cyPm.o)
                                0x73b (size before relaxing)
 .debug_str     0x00002367      0x190 .\CortexM3\ARM_GCC_541\Debug\BallPlate.a(LCD_Char.o)
                                0x397 (size before relaxing)
 .debug_str     0x000024f7      0x19c .\CortexM3\ARM_GCC_541\Debug\BallPlate.a(CyFlash.o)
                                0x3a9 (size before relaxing)
 .debug_str     0x00002693       0xac .\CortexM3\ARM_GCC_541\Debug\BallPlate.a(CySpc.o)
                                0x332 (size before relaxing)

.debug_loc      0x00000000     0x266e
 *(.debug_loc)
 .debug_loc     0x00000000      0x219 .\CortexM3\ARM_GCC_541\Debug\cyfitter_cfg.o
 .debug_loc     0x00000219      0x144 .\CortexM3\ARM_GCC_541\Debug\Cm3Start.o
 .debug_loc     0x0000035d       0x13 .\CortexM3\ARM_GCC_541\Debug\BallPlate.a(PWM_X.o)
 .debug_loc     0x00000370       0x13 .\CortexM3\ARM_GCC_541\Debug\BallPlate.a(PWM_Y.o)
 .debug_loc     0x00000383       0x56 .\CortexM3\ARM_GCC_541\Debug\BallPlate.a(isr_Timer.o)
 .debug_loc     0x000003d9      0x6b6 .\CortexM3\ARM_GCC_541\Debug\BallPlate.a(ResistiveTouch_ADC.o)
 .debug_loc     0x00000a8f       0x6c .\CortexM3\ARM_GCC_541\Debug\BallPlate.a(ResistiveTouch_ADC_AMux.o)
 .debug_loc     0x00000afb      0x12c .\CortexM3\ARM_GCC_541\Debug\BallPlate.a(ResistiveTouch_ADC_Ext_CP_Clk.o)
 .debug_loc     0x00000c27      0x14d .\CortexM3\ARM_GCC_541\Debug\BallPlate.a(ResistiveTouch_ADC_theACLK.o)
 .debug_loc     0x00000d74      0xa11 .\CortexM3\ARM_GCC_541\Debug\BallPlate.a(CyLib.o)
 .debug_loc     0x00001785      0x1e4 .\CortexM3\ARM_GCC_541\Debug\BallPlate.a(cyPm.o)
 .debug_loc     0x00001969      0x3c6 .\CortexM3\ARM_GCC_541\Debug\BallPlate.a(LCD_Char.o)
 .debug_loc     0x00001d2f      0x2f2 .\CortexM3\ARM_GCC_541\Debug\BallPlate.a(CyFlash.o)
 .debug_loc     0x00002021      0x64d .\CortexM3\ARM_GCC_541\Debug\BallPlate.a(CySpc.o)

.debug_macinfo
 *(.debug_macinfo)

.debug_ranges   0x00000000      0x950
 *(.debug_ranges)
 .debug_ranges  0x00000000       0x20 .\CortexM3\ARM_GCC_541\Debug\main.o
 .debug_ranges  0x00000020       0x68 .\CortexM3\ARM_GCC_541\Debug\cyfitter_cfg.o
 .debug_ranges  0x00000088       0x38 .\CortexM3\ARM_GCC_541\Debug\Cm3Start.o
 .debug_ranges  0x000000c0       0x68 .\CortexM3\ARM_GCC_541\Debug\BallPlate.a(PWM_X.o)
 .debug_ranges  0x00000128       0x68 .\CortexM3\ARM_GCC_541\Debug\BallPlate.a(PWM_Y.o)
 .debug_ranges  0x00000190       0x78 .\CortexM3\ARM_GCC_541\Debug\BallPlate.a(Timer.o)
 .debug_ranges  0x00000208       0x48 .\CortexM3\ARM_GCC_541\Debug\BallPlate.a(ResistiveTouch.o)
 .debug_ranges  0x00000250       0x70 .\CortexM3\ARM_GCC_541\Debug\BallPlate.a(isr_Timer.o)
 .debug_ranges  0x000002c0       0x28 .\CortexM3\ARM_GCC_541\Debug\BallPlate.a(ResistiveTouch_AMux.o)
 .debug_ranges  0x000002e8       0xd8 .\CortexM3\ARM_GCC_541\Debug\BallPlate.a(ResistiveTouch_ADC.o)
 .debug_ranges  0x000003c0       0x28 .\CortexM3\ARM_GCC_541\Debug\BallPlate.a(ResistiveTouch_ADC_INT.o)
 .debug_ranges  0x000003e8       0x20 .\CortexM3\ARM_GCC_541\Debug\BallPlate.a(ResistiveTouch_ADC_AMux.o)
 .debug_ranges  0x00000408       0x60 .\CortexM3\ARM_GCC_541\Debug\BallPlate.a(ResistiveTouch_ADC_Ext_CP_Clk.o)
 .debug_ranges  0x00000468       0x70 .\CortexM3\ARM_GCC_541\Debug\BallPlate.a(ResistiveTouch_ADC_theACLK.o)
 .debug_ranges  0x000004d8      0x290 .\CortexM3\ARM_GCC_541\Debug\BallPlate.a(CyLib.o)
 .debug_ranges  0x00000768       0x88 .\CortexM3\ARM_GCC_541\Debug\BallPlate.a(cyPm.o)
 .debug_ranges  0x000007f0       0x88 .\CortexM3\ARM_GCC_541\Debug\BallPlate.a(LCD_Char.o)
 .debug_ranges  0x00000878       0x70 .\CortexM3\ARM_GCC_541\Debug\BallPlate.a(CyFlash.o)
 .debug_ranges  0x000008e8       0x68 .\CortexM3\ARM_GCC_541\Debug\BallPlate.a(CySpc.o)

.comment        0x00000000       0x6e
 .comment       0x00000000       0x6e .\CortexM3\ARM_GCC_541\Debug\main.o
                                 0x6f (size before relaxing)
 .comment       0x0000006e       0x6f .\CortexM3\ARM_GCC_541\Debug\cyfitter_cfg.o
 .comment       0x0000006e       0x6f .\CortexM3\ARM_GCC_541\Debug\cymetadata.o
 .comment       0x0000006e       0x6f .\CortexM3\ARM_GCC_541\Debug\Cm3Start.o
 .comment       0x0000006e       0x6f .\CortexM3\ARM_GCC_541\Debug\BallPlate.a(PWM_X.o)
 .comment       0x0000006e       0x6f .\CortexM3\ARM_GCC_541\Debug\BallPlate.a(PWM_Y.o)
 .comment       0x0000006e       0x6f .\CortexM3\ARM_GCC_541\Debug\BallPlate.a(Timer.o)
 .comment       0x0000006e       0x6f .\CortexM3\ARM_GCC_541\Debug\BallPlate.a(ResistiveTouch.o)
 .comment       0x0000006e       0x6f .\CortexM3\ARM_GCC_541\Debug\BallPlate.a(isr_Timer.o)
 .comment       0x0000006e       0x6f .\CortexM3\ARM_GCC_541\Debug\BallPlate.a(ResistiveTouch_AMux.o)
 .comment       0x0000006e       0x6f .\CortexM3\ARM_GCC_541\Debug\BallPlate.a(ResistiveTouch_ADC.o)
 .comment       0x0000006e       0x6f .\CortexM3\ARM_GCC_541\Debug\BallPlate.a(ResistiveTouch_ADC_INT.o)
 .comment       0x0000006e       0x6f .\CortexM3\ARM_GCC_541\Debug\BallPlate.a(ResistiveTouch_ADC_AMux.o)
 .comment       0x0000006e       0x6f .\CortexM3\ARM_GCC_541\Debug\BallPlate.a(ResistiveTouch_ADC_Ext_CP_Clk.o)
 .comment       0x0000006e       0x6f .\CortexM3\ARM_GCC_541\Debug\BallPlate.a(ResistiveTouch_ADC_theACLK.o)
 .comment       0x0000006e       0x6f .\CortexM3\ARM_GCC_541\Debug\BallPlate.a(CyLib.o)
 .comment       0x0000006e       0x6f .\CortexM3\ARM_GCC_541\Debug\BallPlate.a(cyPm.o)
 .comment       0x0000006e       0x6f .\CortexM3\ARM_GCC_541\Debug\BallPlate.a(LCD_Char.o)
 .comment       0x0000006e       0x6f .\CortexM3\ARM_GCC_541\Debug\BallPlate.a(CyFlash.o)
 .comment       0x0000006e       0x6f .\CortexM3\ARM_GCC_541\Debug\BallPlate.a(CySpc.o)

.debug_weaknames
 *(.debug_weaknames)

.debug_funcnames
 *(.debug_funcnames)

.debug_typenames
 *(.debug_typenames)

.debug_varnames
 *(.debug_varnames)

.note.gnu.arm.ident
 *(.note.gnu.arm.ident)

.ARM.attributes
                0x00000000       0x29
 *(.ARM.attributes)
 .ARM.attributes
                0x00000000       0x1d c:/program files (x86)/cypress/psoc creator/4.1/psoc creator/import/gnu/arm/5.4.1/bin/../lib/gcc/arm-none-eabi/5.4.1/armv7-m/crti.o
 .ARM.attributes
                0x0000001d       0x2d c:/program files (x86)/cypress/psoc creator/4.1/psoc creator/import/gnu/arm/5.4.1/bin/../lib/gcc/arm-none-eabi/5.4.1/armv7-m/crtbegin.o
 .ARM.attributes
                0x0000004a       0x1b c:/program files (x86)/cypress/psoc creator/4.1/psoc creator/import/gnu/arm/5.4.1/bin/../lib/gcc/arm-none-eabi/5.4.1/../../../../arm-none-eabi/lib/armv7-m/crt0.o
 .ARM.attributes
                0x00000065       0x33 .\CortexM3\ARM_GCC_541\Debug\main.o
 .ARM.attributes
                0x00000098       0x33 .\CortexM3\ARM_GCC_541\Debug\cyfitter_cfg.o
 .ARM.attributes
                0x000000cb       0x33 .\CortexM3\ARM_GCC_541\Debug\cymetadata.o
 .ARM.attributes
                0x000000fe       0x33 .\CortexM3\ARM_GCC_541\Debug\Cm3Start.o
 .ARM.attributes
                0x00000131       0x33 .\CortexM3\ARM_GCC_541\Debug\BallPlate.a(PWM_X.o)
 .ARM.attributes
                0x00000164       0x33 .\CortexM3\ARM_GCC_541\Debug\BallPlate.a(PWM_Y.o)
 .ARM.attributes
                0x00000197       0x33 .\CortexM3\ARM_GCC_541\Debug\BallPlate.a(Timer.o)
 .ARM.attributes
                0x000001ca       0x33 .\CortexM3\ARM_GCC_541\Debug\BallPlate.a(ResistiveTouch.o)
 .ARM.attributes
                0x000001fd       0x33 .\CortexM3\ARM_GCC_541\Debug\BallPlate.a(isr_Timer.o)
 .ARM.attributes
                0x00000230       0x33 .\CortexM3\ARM_GCC_541\Debug\BallPlate.a(ResistiveTouch_AMux.o)
 .ARM.attributes
                0x00000263       0x33 .\CortexM3\ARM_GCC_541\Debug\BallPlate.a(ResistiveTouch_ADC.o)
 .ARM.attributes
                0x00000296       0x33 .\CortexM3\ARM_GCC_541\Debug\BallPlate.a(ResistiveTouch_ADC_INT.o)
 .ARM.attributes
                0x000002c9       0x33 .\CortexM3\ARM_GCC_541\Debug\BallPlate.a(ResistiveTouch_ADC_AMux.o)
 .ARM.attributes
                0x000002fc       0x33 .\CortexM3\ARM_GCC_541\Debug\BallPlate.a(ResistiveTouch_ADC_Ext_CP_Clk.o)
 .ARM.attributes
                0x0000032f       0x33 .\CortexM3\ARM_GCC_541\Debug\BallPlate.a(ResistiveTouch_ADC_theACLK.o)
 .ARM.attributes
                0x00000362       0x33 .\CortexM3\ARM_GCC_541\Debug\BallPlate.a(CyLib.o)
 .ARM.attributes
                0x00000395       0x33 .\CortexM3\ARM_GCC_541\Debug\BallPlate.a(cyPm.o)
 .ARM.attributes
                0x000003c8       0x33 .\CortexM3\ARM_GCC_541\Debug\BallPlate.a(LCD_Char.o)
 .ARM.attributes
                0x000003fb       0x21 .\CortexM3\ARM_GCC_541\Debug\BallPlate.a(CyBootAsmGnu.o)
 .ARM.attributes
                0x0000041c       0x33 .\CortexM3\ARM_GCC_541\Debug\BallPlate.a(CyFlash.o)
 .ARM.attributes
                0x0000044f       0x33 .\CortexM3\ARM_GCC_541\Debug\BallPlate.a(CySpc.o)
 .ARM.attributes
                0x00000482       0x1d c:/program files (x86)/cypress/psoc creator/4.1/psoc creator/import/gnu/arm/5.4.1/bin/../lib/gcc/arm-none-eabi/5.4.1/armv7-m\libgcc.a(_arm_addsubdf3.o)
 .ARM.attributes
                0x0000049f       0x1d c:/program files (x86)/cypress/psoc creator/4.1/psoc creator/import/gnu/arm/5.4.1/bin/../lib/gcc/arm-none-eabi/5.4.1/armv7-m\libgcc.a(_arm_muldivdf3.o)
 .ARM.attributes
                0x000004bc       0x1d c:/program files (x86)/cypress/psoc creator/4.1/psoc creator/import/gnu/arm/5.4.1/bin/../lib/gcc/arm-none-eabi/5.4.1/armv7-m\libgcc.a(_arm_cmpdf2.o)
 .ARM.attributes
                0x000004d9       0x1d c:/program files (x86)/cypress/psoc creator/4.1/psoc creator/import/gnu/arm/5.4.1/bin/../lib/gcc/arm-none-eabi/5.4.1/armv7-m\libgcc.a(_arm_fixdfsi.o)
 .ARM.attributes
                0x000004f6       0x1d c:/program files (x86)/cypress/psoc creator/4.1/psoc creator/import/gnu/arm/5.4.1/bin/../lib/gcc/arm-none-eabi/5.4.1/armv7-m\libgcc.a(_arm_addsubsf3.o)
 .ARM.attributes
                0x00000513       0x1d c:/program files (x86)/cypress/psoc creator/4.1/psoc creator/import/gnu/arm/5.4.1/bin/../lib/gcc/arm-none-eabi/5.4.1/armv7-m\libgcc.a(_arm_muldivsf3.o)
 .ARM.attributes
                0x00000530       0x1d c:/program files (x86)/cypress/psoc creator/4.1/psoc creator/import/gnu/arm/5.4.1/bin/../lib/gcc/arm-none-eabi/5.4.1/armv7-m\libgcc.a(_arm_fixunssfsi.o)
 .ARM.attributes
                0x0000054d       0x2d c:/program files (x86)/cypress/psoc creator/4.1/psoc creator/import/gnu/arm/5.4.1/bin/../lib/gcc/arm-none-eabi/5.4.1/../../../../arm-none-eabi/lib/armv7-m\libg_nano.a(lib_a-errno.o)
 .ARM.attributes
                0x0000057a       0x2d c:/program files (x86)/cypress/psoc creator/4.1/psoc creator/import/gnu/arm/5.4.1/bin/../lib/gcc/arm-none-eabi/5.4.1/../../../../arm-none-eabi/lib/armv7-m\libg_nano.a(lib_a-exit.o)
 .ARM.attributes
                0x000005a7       0x2d c:/program files (x86)/cypress/psoc creator/4.1/psoc creator/import/gnu/arm/5.4.1/bin/../lib/gcc/arm-none-eabi/5.4.1/../../../../arm-none-eabi/lib/armv7-m\libg_nano.a(lib_a-impure.o)
 .ARM.attributes
                0x000005d4       0x2d c:/program files (x86)/cypress/psoc creator/4.1/psoc creator/import/gnu/arm/5.4.1/bin/../lib/gcc/arm-none-eabi/5.4.1/../../../../arm-none-eabi/lib/armv7-m\libg_nano.a(lib_a-init.o)
 .ARM.attributes
                0x00000601       0x2d c:/program files (x86)/cypress/psoc creator/4.1/psoc creator/import/gnu/arm/5.4.1/bin/../lib/gcc/arm-none-eabi/5.4.1/../../../../arm-none-eabi/lib/armv7-m\libg_nano.a(lib_a-memcpy-stub.o)
 .ARM.attributes
                0x0000062e       0x2d c:/program files (x86)/cypress/psoc creator/4.1/psoc creator/import/gnu/arm/5.4.1/bin/../lib/gcc/arm-none-eabi/5.4.1/../../../../arm-none-eabi/lib/armv7-m\libg_nano.a(lib_a-memset.o)
 .ARM.attributes
                0x0000065b       0x2d c:/program files (x86)/cypress/psoc creator/4.1/psoc creator/import/gnu/arm/5.4.1/bin/../lib/gcc/arm-none-eabi/5.4.1/../../../../arm-none-eabi/lib/armv7-m\libg_nano.a(lib_a-nano-vfprintf_float.o)
 .ARM.attributes
                0x00000688       0x2d c:/program files (x86)/cypress/psoc creator/4.1/psoc creator/import/gnu/arm/5.4.1/bin/../lib/gcc/arm-none-eabi/5.4.1/../../../../arm-none-eabi/lib/armv7-m\libg_nano.a(lib_a-nano-vfprintf_i.o)
 .ARM.attributes
                0x000006b5       0x2d c:/program files (x86)/cypress/psoc creator/4.1/psoc creator/import/gnu/arm/5.4.1/bin/../lib/gcc/arm-none-eabi/5.4.1/../../../../arm-none-eabi/lib/armv7-m\libg_nano.a(lib_a-sprintf.o)
 .ARM.attributes
                0x000006e2       0x17 c:/program files (x86)/cypress/psoc creator/4.1/psoc creator/import/gnu/arm/5.4.1/bin/../lib/gcc/arm-none-eabi/5.4.1/../../../../arm-none-eabi/lib/armv7-m\libg_nano.a(lib_a-strlen.o)
 .ARM.attributes
                0x000006f9       0x2d c:/program files (x86)/cypress/psoc creator/4.1/psoc creator/import/gnu/arm/5.4.1/bin/../lib/gcc/arm-none-eabi/5.4.1/../../../../arm-none-eabi/lib/armv7-m\libg_nano.a(lib_a-dtoa.o)
 .ARM.attributes
                0x00000726       0x2d c:/program files (x86)/cypress/psoc creator/4.1/psoc creator/import/gnu/arm/5.4.1/bin/../lib/gcc/arm-none-eabi/5.4.1/../../../../arm-none-eabi/lib/armv7-m\libg_nano.a(lib_a-locale.o)
 .ARM.attributes
                0x00000753       0x2d c:/program files (x86)/cypress/psoc creator/4.1/psoc creator/import/gnu/arm/5.4.1/bin/../lib/gcc/arm-none-eabi/5.4.1/../../../../arm-none-eabi/lib/armv7-m\libg_nano.a(lib_a-malloc.o)
 .ARM.attributes
                0x00000780       0x2d c:/program files (x86)/cypress/psoc creator/4.1/psoc creator/import/gnu/arm/5.4.1/bin/../lib/gcc/arm-none-eabi/5.4.1/../../../../arm-none-eabi/lib/armv7-m\libg_nano.a(lib_a-memchr-stub.o)
 .ARM.attributes
                0x000007ad       0x2d c:/program files (x86)/cypress/psoc creator/4.1/psoc creator/import/gnu/arm/5.4.1/bin/../lib/gcc/arm-none-eabi/5.4.1/../../../../arm-none-eabi/lib/armv7-m\libg_nano.a(lib_a-mprec.o)
 .ARM.attributes
                0x000007da       0x2d c:/program files (x86)/cypress/psoc creator/4.1/psoc creator/import/gnu/arm/5.4.1/bin/../lib/gcc/arm-none-eabi/5.4.1/../../../../arm-none-eabi/lib/armv7-m\libg_nano.a(lib_a-nano-callocr.o)
 .ARM.attributes
                0x00000807       0x2d c:/program files (x86)/cypress/psoc creator/4.1/psoc creator/import/gnu/arm/5.4.1/bin/../lib/gcc/arm-none-eabi/5.4.1/../../../../arm-none-eabi/lib/armv7-m\libg_nano.a(lib_a-nano-freer.o)
 .ARM.attributes
                0x00000834       0x2d c:/program files (x86)/cypress/psoc creator/4.1/psoc creator/import/gnu/arm/5.4.1/bin/../lib/gcc/arm-none-eabi/5.4.1/../../../../arm-none-eabi/lib/armv7-m\libg_nano.a(lib_a-nano-mallocr.o)
 .ARM.attributes
                0x00000861       0x2d c:/program files (x86)/cypress/psoc creator/4.1/psoc creator/import/gnu/arm/5.4.1/bin/../lib/gcc/arm-none-eabi/5.4.1/../../../../arm-none-eabi/lib/armv7-m\libg_nano.a(lib_a-nano-svfprintf.o)
 .ARM.attributes
                0x0000088e       0x2d c:/program files (x86)/cypress/psoc creator/4.1/psoc creator/import/gnu/arm/5.4.1/bin/../lib/gcc/arm-none-eabi/5.4.1/../../../../arm-none-eabi/lib/armv7-m\libg_nano.a(lib_a-sbrkr.o)
 .ARM.attributes
                0x000008bb       0x1b c:/program files (x86)/cypress/psoc creator/4.1/psoc creator/import/gnu/arm/5.4.1/bin/../lib/gcc/arm-none-eabi/5.4.1/../../../../arm-none-eabi/lib/armv7-m\libg_nano.a(lib_a-strcmp.o)
 .ARM.attributes
                0x000008d6       0x2d c:/program files (x86)/cypress/psoc creator/4.1/psoc creator/import/gnu/arm/5.4.1/bin/../lib/gcc/arm-none-eabi/5.4.1/../../../../arm-none-eabi/lib/armv7-m\libg_nano.a(lib_a-memmove.o)
 .ARM.attributes
                0x00000903       0x2d c:/program files (x86)/cypress/psoc creator/4.1/psoc creator/import/gnu/arm/5.4.1/bin/../lib/gcc/arm-none-eabi/5.4.1/../../../../arm-none-eabi/lib/armv7-m\libg_nano.a(lib_a-mlock.o)
 .ARM.attributes
                0x00000930       0x2d c:/program files (x86)/cypress/psoc creator/4.1/psoc creator/import/gnu/arm/5.4.1/bin/../lib/gcc/arm-none-eabi/5.4.1/../../../../arm-none-eabi/lib/armv7-m\libg_nano.a(lib_a-nano-reallocr.o)
 .ARM.attributes
                0x0000095d       0x2d c:/program files (x86)/cypress/psoc creator/4.1/psoc creator/import/gnu/arm/5.4.1/bin/../lib/gcc/arm-none-eabi/5.4.1/../../../../arm-none-eabi/lib/armv7-m\libg_nano.a(lib_a-reent.o)
 .ARM.attributes
                0x0000098a       0x2d c:/program files (x86)/cypress/psoc creator/4.1/psoc creator/import/gnu/arm/5.4.1/bin/../lib/gcc/arm-none-eabi/5.4.1/../../../../arm-none-eabi/lib/armv7-m\libg_nano.a(lib_a-nano-msizer.o)
 .ARM.attributes
                0x000009b7       0x1d c:/program files (x86)/cypress/psoc creator/4.1/psoc creator/import/gnu/arm/5.4.1/bin/../lib/gcc/arm-none-eabi/5.4.1/armv7-m\libgcc.a(_arm_unorddf2.o)
 .ARM.attributes
                0x000009d4       0x2d c:/program files (x86)/cypress/psoc creator/4.1/psoc creator/import/gnu/arm/5.4.1/bin/../lib/gcc/arm-none-eabi/5.4.1/armv7-m/crtend.o
 .ARM.attributes
                0x00000a01       0x1d c:/program files (x86)/cypress/psoc creator/4.1/psoc creator/import/gnu/arm/5.4.1/bin/../lib/gcc/arm-none-eabi/5.4.1/armv7-m/crtn.o

/DISCARD/
 *(.note.GNU-stack)
OUTPUT(C:\Users\TOSHIBA\Documents\GitHub\Ball-Plate\PrimerAvance\BallPlate.cydsn\CortexM3\ARM_GCC_541\Debug\BallPlate.elf elf32-littlearm)
