Archive member included to satisfy reference by file (symbol)

.\CortexM3\ARM_GCC_541\Debug\BallPlate.a(PWM_X.o)
                              .\CortexM3\ARM_GCC_541\Debug\main.o (PWM_X_Start)
.\CortexM3\ARM_GCC_541\Debug\BallPlate.a(PWM_Y.o)
                              .\CortexM3\ARM_GCC_541\Debug\main.o (PWM_Y_Start)
.\CortexM3\ARM_GCC_541\Debug\BallPlate.a(Timer.o)
                              .\CortexM3\ARM_GCC_541\Debug\main.o (Timer_Start)
.\CortexM3\ARM_GCC_541\Debug\BallPlate.a(ResistiveTouch.o)
                              .\CortexM3\ARM_GCC_541\Debug\main.o (ResistiveTouch_Start)
.\CortexM3\ARM_GCC_541\Debug\BallPlate.a(isr_Timer.o)
                              .\CortexM3\ARM_GCC_541\Debug\main.o (isr_Timer_StartEx)
.\CortexM3\ARM_GCC_541\Debug\BallPlate.a(ResistiveTouch_AMux.o)
                              .\CortexM3\ARM_GCC_541\Debug\BallPlate.a(ResistiveTouch.o) (ResistiveTouch_AMux_Init)
.\CortexM3\ARM_GCC_541\Debug\BallPlate.a(ResistiveTouch_ADC.o)
                              .\CortexM3\ARM_GCC_541\Debug\BallPlate.a(ResistiveTouch.o) (ResistiveTouch_ADC_Init)
.\CortexM3\ARM_GCC_541\Debug\BallPlate.a(ResistiveTouch_ADC_INT.o)
                              .\CortexM3\ARM_GCC_541\Debug\BallPlate.a(ResistiveTouch_ADC.o) (ResistiveTouch_ADC_ISR1)
.\CortexM3\ARM_GCC_541\Debug\BallPlate.a(ResistiveTouch_ADC_AMux.o)
                              .\CortexM3\ARM_GCC_541\Debug\BallPlate.a(ResistiveTouch_ADC.o) (ResistiveTouch_ADC_AMux_Select)
.\CortexM3\ARM_GCC_541\Debug\BallPlate.a(ResistiveTouch_ADC_Ext_CP_Clk.o)
                              .\CortexM3\ARM_GCC_541\Debug\BallPlate.a(ResistiveTouch_ADC.o) (ResistiveTouch_ADC_Ext_CP_Clk_SetModeRegister)
.\CortexM3\ARM_GCC_541\Debug\BallPlate.a(ResistiveTouch_ADC_theACLK.o)
                              .\CortexM3\ARM_GCC_541\Debug\BallPlate.a(ResistiveTouch_ADC.o) (ResistiveTouch_ADC_theACLK_SetModeRegister)
.\CortexM3\ARM_GCC_541\Debug\BallPlate.a(CyLib.o)
                              .\CortexM3\ARM_GCC_541\Debug\Cm3Start.o (CyHalt)
.\CortexM3\ARM_GCC_541\Debug\BallPlate.a(cyPm.o)
                              .\CortexM3\ARM_GCC_541\Debug\BallPlate.a(CyLib.o) (CyPmReadStatus)
.\CortexM3\ARM_GCC_541\Debug\BallPlate.a(CyBootAsmGnu.o)
                              .\CortexM3\ARM_GCC_541\Debug\cyfitter_cfg.o (CyDelayCycles)
.\CortexM3\ARM_GCC_541\Debug\BallPlate.a(CyFlash.o)
                              .\CortexM3\ARM_GCC_541\Debug\BallPlate.a(cyPm.o) (CyFlash_SetWaitCycles)
.\CortexM3\ARM_GCC_541\Debug\BallPlate.a(CySpc.o)
                              .\CortexM3\ARM_GCC_541\Debug\BallPlate.a(CyFlash.o) (CySpcStart)
c:/program files (x86)/cypress/psoc creator/4.1/psoc creator/import/gnu/arm/5.4.1/bin/../lib/gcc/arm-none-eabi/5.4.1/armv7-m\libgcc.a(_arm_addsubdf3.o)
                              .\CortexM3\ARM_GCC_541\Debug\BallPlate.a(ResistiveTouch_ADC.o) (__aeabi_f2d)
c:/program files (x86)/cypress/psoc creator/4.1/psoc creator/import/gnu/arm/5.4.1/bin/../lib/gcc/arm-none-eabi/5.4.1/armv7-m\libgcc.a(_arm_cmpdf2.o)
                              .\CortexM3\ARM_GCC_541\Debug\BallPlate.a(ResistiveTouch_ADC.o) (__aeabi_dcmpgt)
c:/program files (x86)/cypress/psoc creator/4.1/psoc creator/import/gnu/arm/5.4.1/bin/../lib/gcc/arm-none-eabi/5.4.1/armv7-m\libgcc.a(_arm_addsubsf3.o)
                              .\CortexM3\ARM_GCC_541\Debug\main.o (__aeabi_fsub)
c:/program files (x86)/cypress/psoc creator/4.1/psoc creator/import/gnu/arm/5.4.1/bin/../lib/gcc/arm-none-eabi/5.4.1/armv7-m\libgcc.a(_arm_muldivsf3.o)
                              .\CortexM3\ARM_GCC_541\Debug\main.o (__aeabi_fmul)
c:/program files (x86)/cypress/psoc creator/4.1/psoc creator/import/gnu/arm/5.4.1/bin/../lib/gcc/arm-none-eabi/5.4.1/armv7-m\libgcc.a(_arm_fixunssfsi.o)
                              .\CortexM3\ARM_GCC_541\Debug\BallPlate.a(ResistiveTouch_ADC.o) (__aeabi_f2uiz)
c:/program files (x86)/cypress/psoc creator/4.1/psoc creator/import/gnu/arm/5.4.1/bin/../lib/gcc/arm-none-eabi/5.4.1/../../../../arm-none-eabi/lib/armv7-m\libg_nano.a(lib_a-errno.o)
                              .\CortexM3\ARM_GCC_541\Debug\Cm3Start.o (__errno)
c:/program files (x86)/cypress/psoc creator/4.1/psoc creator/import/gnu/arm/5.4.1/bin/../lib/gcc/arm-none-eabi/5.4.1/../../../../arm-none-eabi/lib/armv7-m\libg_nano.a(lib_a-exit.o)
                              c:/program files (x86)/cypress/psoc creator/4.1/psoc creator/import/gnu/arm/5.4.1/bin/../lib/gcc/arm-none-eabi/5.4.1/../../../../arm-none-eabi/lib/armv7-m/crt0.o (exit)
c:/program files (x86)/cypress/psoc creator/4.1/psoc creator/import/gnu/arm/5.4.1/bin/../lib/gcc/arm-none-eabi/5.4.1/../../../../arm-none-eabi/lib/armv7-m\libg_nano.a(lib_a-impure.o)
                              c:/program files (x86)/cypress/psoc creator/4.1/psoc creator/import/gnu/arm/5.4.1/bin/../lib/gcc/arm-none-eabi/5.4.1/../../../../arm-none-eabi/lib/armv7-m\libg_nano.a(lib_a-exit.o) (_global_impure_ptr)
[...]
Memory Configuration

Name             Origin             Length             Attributes
rom              0x00000000         0x00040000         xr
ram              0x1fff8000         0x00010000         xrw
*default*        0x00000000         0xffffffff

Linker script and memory map

LOAD c:/program files (x86)/cypress/psoc creator/4.1/psoc creator/import/gnu/arm/5.4.1/bin/../lib/gcc/arm-none-eabi/5.4.1/armv7-m/crti.o
LOAD c:/program files (x86)/cypress/psoc creator/4.1/psoc creator/import/gnu/arm/5.4.1/bin/../lib/gcc/arm-none-eabi/5.4.1/armv7-m/crtbegin.o
LOAD c:/program files (x86)/cypress/psoc creator/4.1/psoc creator/import/gnu/arm/5.4.1/bin/../lib/gcc/arm-none-eabi/5.4.1/../../../../arm-none-eabi/lib/armv7-m/crt0.o
START GROUP
LOAD .\CortexM3\ARM_GCC_541\Debug\main.o
LOAD .\CortexM3\ARM_GCC_541\Debug\cyfitter_cfg.o
LOAD .\CortexM3\ARM_GCC_541\Debug\cymetadata.o
LOAD .\CortexM3\ARM_GCC_541\Debug\Cm3Start.o
LOAD .\CortexM3\ARM_GCC_541\Debug\BallPlate.a
LOAD C:\Program Files (x86)\Cypress\PSoC Creator\4.1\PSoC Creator\psoc\content\cycomponentlibrary\CyComponentLibrary.cylib\CortexM3\ARM_GCC_541\Debug\CyComponentLibrary.a
END GROUP
START GROUP
LOAD c:/program files (x86)/cypress/psoc creator/4.1/psoc creator/import/gnu/arm/5.4.1/bin/../lib/gcc/arm-none-eabi/5.4.1/armv7-m\libgcc.a
LOAD c:/program files (x86)/cypress/psoc creator/4.1/psoc creator/import/gnu/arm/5.4.1/bin/../lib/gcc/arm-none-eabi/5.4.1/../../../../arm-none-eabi/lib/armv7-m\libg_nano.a
LOAD c:/program files (x86)/cypress/psoc creator/4.1/psoc creator/import/gnu/arm/5.4.1/bin/../lib/gcc/arm-none-eabi/5.4.1/../../../../arm-none-eabi/lib/armv7-m\libc_nano.a
END GROUP
START GROUP
LOAD c:/program files (x86)/cypress/psoc creator/4.1/psoc creator/import/gnu/arm/5.4.1/bin/../lib/gcc/arm-none-eabi/5.4.1/armv7-m\libgcc.a
LOAD c:/program files (x86)/cypress/psoc creator/4.1/psoc creator/import/gnu/arm/5.4.1/bin/../lib/gcc/arm-none-eabi/5.4.1/../../../../arm-none-eabi/lib/armv7-m\libc_nano.a
END GROUP
LOAD c:/program files (x86)/cypress/psoc creator/4.1/psoc creator/import/gnu/arm/5.4.1/bin/../lib/gcc/arm-none-eabi/5.4.1/armv7-m/crtend.o
LOAD c:/program files (x86)/cypress/psoc creator/4.1/psoc creator/import/gnu/arm/5.4.1/bin/../lib/gcc/arm-none-eabi/5.4.1/armv7-m/crtn.o
START GROUP
LOAD c:/program files (x86)/cypress/psoc creator/4.1/psoc creator/import/gnu/arm/5.4.1/bin/../lib/gcc/arm-none-eabi/5.4.1/armv7-m\libgcc.a
LOAD c:/program files (x86)/cypress/psoc creator/4.1/psoc creator/import/gnu/arm/5.4.1/bin/../lib/gcc/arm-none-eabi/5.4.1/../../../../arm-none-eabi/lib/armv7-m\libc.a
LOAD c:/program files (x86)/cypress/psoc creator/4.1/psoc creator/import/gnu/arm/5.4.1/bin/../lib/gcc/arm-none-eabi/5.4.1/../../../../arm-none-eabi/lib/armv7-m\libnosys.a
END GROUP
                0x00000000                CY_APPL_ORIGIN = 0x0
                0x00000100                CY_FLASH_ROW_SIZE = 0x100
                0x00000020                CY_ECC_ROW_SIZE = 0x20
                0x00000000                CY_EE_IN_BTLDR = 0x0
                0x00000000                CY_APPL_LOADABLE = 0x0
                0x00000800                CY_EE_SIZE = 0x800
                0x00000001                CY_APPL_NUM = 0x1
                0x00000001                CY_APPL_MAX = 0x1
                0x00000040                CY_METADATA_SIZE = 0x40
                0x00000000                CY_APPL_LOADABLE = 0x0
                0x00000000                CY_CHECKSUM_EXCLUDE_SIZE = ALIGN (0x0, CY_FLASH_ROW_SIZE)
                [!provide]                PROVIDE (__cy_heap_start, _end)
                0x00000001                PROVIDE (__cy_region_num, ((__cy_regions_end - __cy_regions) / 0x10))
                0x20008000                PROVIDE (__cy_stack, (ORIGIN (ram) + LENGTH (ram)))
                [!provide]                PROVIDE (__cy_heap_end, (__cy_stack - 0x800))

.cybootloader   0x00000000        0x0
 *(.cybootloader)
                0x00000000                appl1_start = CY_APPL_ORIGIN?CY_APPL_ORIGIN:ALIGN (CY_FLASH_ROW_SIZE)
                0x0001ff00                appl2_start = (appl1_start + ALIGN ((((LENGTH (rom) - appl1_start) - (0x2 * CY_FLASH_ROW_SIZE)) / 0x2), CY_FLASH_ROW_SIZE))
                0x00000000                appl_start = (CY_APPL_NUM == 0x1)?appl1_start:appl2_start
                0x00000000                ecc_offset = ((appl_start / CY_FLASH_ROW_SIZE) * CY_ECC_ROW_SIZE)
                0x00000000                ee_offset = (CY_APPL_LOADABLE && ! (CY_EE_IN_BTLDR))?((CY_EE_SIZE / CY_APPL_MAX) * (CY_APPL_NUM - 0x1)):0x0
                0x00000800                ee_size = (CY_APPL_LOADABLE && ! (CY_EE_IN_BTLDR))?(CY_EE_SIZE / CY_APPL_MAX):CY_EE_SIZE
                [!provide]                PROVIDE (CY_ECC_OFFSET, ecc_offset)

.text           0x00000000     0x161a
 CREATE_OBJECT_SYMBOLS
                0x00000000                PROVIDE (__cy_interrupt_vector, RomVectors)
 *(.romvectors)
 .romvectors    0x00000000       0x10 .\CortexM3\ARM_GCC_541\Debug\Cm3Start.o
                0x00000000                RomVectors
                0x00000001                ASSERT ((. != __cy_interrupt_vector), No interrupt vector)
                0x00000001                ASSERT (CY_APPL_ORIGIN?(SIZEOF (.cybootloader) <= CY_APPL_ORIGIN):0x1, Wrong image location)
                0x00000010                PROVIDE (__cy_reset, Reset)
 *(.text.Reset)
 .text.Reset    0x00000010       0x18 .\CortexM3\ARM_GCC_541\Debug\Cm3Start.o
                0x00000010                Reset
                0x00000001                ASSERT ((. != __cy_reset), No reset code)
 *(.dma_init)
                0x00000001                ASSERT ((((appl_start + .) <= 0x10000) || 0x1), DMA Init must be within the first 64k of flash)
 *(.text .text.* .gnu.linkonce.t.*)
 .text          0x00000028       0x5c c:/program files (x86)/cypress/psoc creator/4.1/psoc creator/import/gnu/arm/5.4.1/bin/../lib/gcc/arm-none-eabi/5.4.1/armv7-m/crtbegin.o
 .text.Control  0x00000084      0x18c .\CortexM3\ARM_GCC_541\Debug\main.o
                0x00000084                Control
 .text.isr_Muestreo
                0x00000210        0x8 .\CortexM3\ARM_GCC_541\Debug\main.o
                0x00000210                isr_Muestreo
 .text.main     0x00000218       0x20 .\CortexM3\ARM_GCC_541\Debug\main.o
                0x00000218                main
 .text.CyClockStartupError
                0x00000238        0x4 .\CortexM3\ARM_GCC_541\Debug\cyfitter_cfg.o
 .text.cfg_write_bytes32
                0x0000023c       0x34 .\CortexM3\ARM_GCC_541\Debug\cyfitter_cfg.o
 .text.AnalogSetDefault
                0x00000270       0x30 .\CortexM3\ARM_GCC_541\Debug\cyfitter_cfg.o
 .text.CYMEMZERO
                0x000002a0        0xc .\CortexM3\ARM_GCC_541\Debug\cyfitter_cfg.o
 .text.CYCONFIGCPY
                0x000002ac        0x8 .\CortexM3\ARM_GCC_541\Debug\cyfitter_cfg.o
 .text.ClockSetup
                0x000002b4       0xf0 .\CortexM3\ARM_GCC_541\Debug\cyfitter_cfg.o
 .text.ResistiveTouch_ADC_AMux_Set
                0x000003a4       0x1c .\CortexM3\ARM_GCC_541\Debug\cyfitter_cfg.o
                0x000003a4                ResistiveTouch_ADC_AMux_Set
 .text.ResistiveTouch_ADC_AMux_Unset
                0x000003c0       0x1c .\CortexM3\ARM_GCC_541\Debug\cyfitter_cfg.o
                0x000003c0                ResistiveTouch_ADC_AMux_Unset
 .text.ResistiveTouch_AMux_DisconnectAll
                0x000003dc       0x1c .\CortexM3\ARM_GCC_541\Debug\cyfitter_cfg.o
                0x000003dc                ResistiveTouch_AMux_DisconnectAll
 .text.ResistiveTouch_AMux_Next
                0x000003f8       0x48 .\CortexM3\ARM_GCC_541\Debug\cyfitter_cfg.o
                0x000003f8                ResistiveTouch_AMux_Next
 .text.cyfitter_cfg
                0x00000440       0xf4 .\CortexM3\ARM_GCC_541\Debug\cyfitter_cfg.o
                0x00000440                cyfitter_cfg
 .text.IntDefaultHandler
                0x00000534       0x10 .\CortexM3\ARM_GCC_541\Debug\Cm3Start.o
                0x00000534                IntDefaultHandler
 .text.Start_c  0x00000544       0x4c .\CortexM3\ARM_GCC_541\Debug\Cm3Start.o
                0x00000544                Start_c
 .text.initialize_psoc
                0x00000590       0x68 .\CortexM3\ARM_GCC_541\Debug\Cm3Start.o
                0x00000590                initialize_psoc
 .text.PWM_X_Enable
                0x000005f8       0x28 .\CortexM3\ARM_GCC_541\Debug\BallPlate.a(PWM_X.o)
                0x000005f8                PWM_X_Enable
 .text.PWM_X_WritePeriod
                0x00000620        0xc .\CortexM3\ARM_GCC_541\Debug\BallPlate.a(PWM_X.o)
                0x00000620                PWM_X_WritePeriod
 .text.PWM_X_WriteCompare
                0x0000062c        0xc .\CortexM3\ARM_GCC_541\Debug\BallPlate.a(PWM_X.o)
                0x0000062c                PWM_X_WriteCompare
 .text.PWM_X_SetInterruptMode
                0x00000638        0xc .\CortexM3\ARM_GCC_541\Debug\BallPlate.a(PWM_X.o)
                0x00000638                PWM_X_SetInterruptMode
 .text.PWM_X_Init
                0x00000644       0x78 .\CortexM3\ARM_GCC_541\Debug\BallPlate.a(PWM_X.o)
                0x00000644                PWM_X_Init
 .text.PWM_X_Start
                0x000006bc       0x1c .\CortexM3\ARM_GCC_541\Debug\BallPlate.a(PWM_X.o)
                0x000006bc                PWM_X_Start
 .text.PWM_Y_Enable
                0x000006d8       0x28 .\CortexM3\ARM_GCC_541\Debug\BallPlate.a(PWM_Y.o)
                0x000006d8                PWM_Y_Enable
 .text.PWM_Y_WritePeriod
                0x00000700        0xc .\CortexM3\ARM_GCC_541\Debug\BallPlate.a(PWM_Y.o)
                0x00000700                PWM_Y_WritePeriod
 .text.PWM_Y_WriteCompare
                0x0000070c        0xc .\CortexM3\ARM_GCC_541\Debug\BallPlate.a(PWM_Y.o)
                0x0000070c                PWM_Y_WriteCompare
 .text.PWM_Y_SetInterruptMode
                0x00000718        0xc .\CortexM3\ARM_GCC_541\Debug\BallPlate.a(PWM_Y.o)
                0x00000718                PWM_Y_SetInterruptMode
 .text.PWM_Y_Init
                0x00000724       0x78 .\CortexM3\ARM_GCC_541\Debug\BallPlate.a(PWM_Y.o)
                0x00000724                PWM_Y_Init
 .text.PWM_Y_Start
                0x0000079c       0x1c .\CortexM3\ARM_GCC_541\Debug\BallPlate.a(PWM_Y.o)
                0x0000079c                PWM_Y_Start
 .text.Timer_Enable
                0x000007b8       0x28 .\CortexM3\ARM_GCC_541\Debug\BallPlate.a(Timer.o)
                0x000007b8                Timer_Enable
 .text.Timer_SetInterruptMode
                0x000007e0        0xc .\CortexM3\ARM_GCC_541\Debug\BallPlate.a(Timer.o)
                0x000007e0                Timer_SetInterruptMode
 .text.Timer_WritePeriod
                0x000007ec        0xc .\CortexM3\ARM_GCC_541\Debug\BallPlate.a(Timer.o)
                0x000007ec                Timer_WritePeriod
 .text.Timer_WriteCounter
                0x000007f8        0xc .\CortexM3\ARM_GCC_541\Debug\BallPlate.a(Timer.o)
                0x000007f8                Timer_WriteCounter
 .text.Timer_Init
                0x00000804       0x68 .\CortexM3\ARM_GCC_541\Debug\BallPlate.a(Timer.o)
                0x00000804                Timer_Init
 .text.Timer_Start
                0x0000086c       0x1c .\CortexM3\ARM_GCC_541\Debug\BallPlate.a(Timer.o)
                0x0000086c                Timer_Start
 .text.ResistiveTouch_Init
                0x00000888        0xc .\CortexM3\ARM_GCC_541\Debug\BallPlate.a(ResistiveTouch.o)
                0x00000888                ResistiveTouch_Init
 .text.ResistiveTouch_Enable
                0x00000894        0x8 .\CortexM3\ARM_GCC_541\Debug\BallPlate.a(ResistiveTouch.o)
                0x00000894                ResistiveTouch_Enable
 .text.ResistiveTouch_Start
                0x0000089c       0x1c .\CortexM3\ARM_GCC_541\Debug\BallPlate.a(ResistiveTouch.o)
                0x0000089c                ResistiveTouch_Start
 .text.ResistiveTouch_ActivateX
                0x000008b8       0x44 .\CortexM3\ARM_GCC_541\Debug\BallPlate.a(ResistiveTouch.o)
                0x000008b8                ResistiveTouch_ActivateX
 .text.ResistiveTouch_ActivateY
                0x000008fc       0x58 .\CortexM3\ARM_GCC_541\Debug\BallPlate.a(ResistiveTouch.o)
                0x000008fc                ResistiveTouch_ActivateY
 .text.ResistiveTouch_Measure
                0x00000954       0x1c .\CortexM3\ARM_GCC_541\Debug\BallPlate.a(ResistiveTouch.o)
                0x00000954                ResistiveTouch_Measure
 .text.isr_Timer_SetVector
                0x00000970        0xc .\CortexM3\ARM_GCC_541\Debug\BallPlate.a(isr_Timer.o)
                0x00000970                isr_Timer_SetVector
 .text.isr_Timer_SetPriority
                0x0000097c       0x10 .\CortexM3\ARM_GCC_541\Debug\BallPlate.a(isr_Timer.o)
                0x0000097c                isr_Timer_SetPriority
 .text.isr_Timer_Enable
                0x0000098c        0xc .\CortexM3\ARM_GCC_541\Debug\BallPlate.a(isr_Timer.o)
                0x0000098c                isr_Timer_Enable
 .text.isr_Timer_Disable
                0x00000998        0xc .\CortexM3\ARM_GCC_541\Debug\BallPlate.a(isr_Timer.o)
                0x00000998                isr_Timer_Disable
 .text.isr_Timer_StartEx
                0x000009a4       0x1c .\CortexM3\ARM_GCC_541\Debug\BallPlate.a(isr_Timer.o)
                0x000009a4                isr_Timer_StartEx
 .text.ResistiveTouch_AMux_Init
                0x000009c0        0x8 .\CortexM3\ARM_GCC_541\Debug\BallPlate.a(ResistiveTouch_AMux.o)
                0x000009c0                ResistiveTouch_AMux_Init
 .text.ResistiveTouch_AMux_GetChannel
                0x000009c8        0xc .\CortexM3\ARM_GCC_541\Debug\BallPlate.a(ResistiveTouch_AMux.o)
                0x000009c8                ResistiveTouch_AMux_GetChannel
 .text.ResistiveTouch_ADC_GainCompensation
                0x000009d4       0xdc .\CortexM3\ARM_GCC_541\Debug\BallPlate.a(ResistiveTouch_ADC.o)
 .text.ResistiveTouch_ADC_SetDSMRef0Reg
                0x00000ab0       0x4c .\CortexM3\ARM_GCC_541\Debug\BallPlate.a(ResistiveTouch_ADC.o)
 .text.ResistiveTouch_ADC_InitConfig
                0x00000afc       0xdc .\CortexM3\ARM_GCC_541\Debug\BallPlate.a(ResistiveTouch_ADC.o)
 .text.ResistiveTouch_ADC_Init
                0x00000bd8       0xc4 .\CortexM3\ARM_GCC_541\Debug\BallPlate.a(ResistiveTouch_ADC.o)
                0x00000bd8                ResistiveTouch_ADC_Init
 .text.ResistiveTouch_ADC_Enable
                0x00000c9c       0xd8 .\CortexM3\ARM_GCC_541\Debug\BallPlate.a(ResistiveTouch_ADC.o)
                0x00000c9c                ResistiveTouch_ADC_Enable
 .text.ResistiveTouch_ADC_StartConvert
                0x00000d74       0x10 .\CortexM3\ARM_GCC_541\Debug\BallPlate.a(ResistiveTouch_ADC.o)
                0x00000d74                ResistiveTouch_ADC_StartConvert
 .text.ResistiveTouch_ADC_IsEndConversion
                0x00000d84       0x30 .\CortexM3\ARM_GCC_541\Debug\BallPlate.a(ResistiveTouch_ADC.o)
                0x00000d84                ResistiveTouch_ADC_IsEndConversion
 .text.ResistiveTouch_ADC_GetResult16
                0x00000db4       0x50 .\CortexM3\ARM_GCC_541\Debug\BallPlate.a(ResistiveTouch_ADC.o)
                0x00000db4                ResistiveTouch_ADC_GetResult16
 .text.ResistiveTouch_ADC_ISR1
                0x00000e04        0x4 .\CortexM3\ARM_GCC_541\Debug\BallPlate.a(ResistiveTouch_ADC_INT.o)
                0x00000e04                ResistiveTouch_ADC_ISR1
 .text.ResistiveTouch_ADC_AMux_Start
                0x00000e08       0x20 .\CortexM3\ARM_GCC_541\Debug\BallPlate.a(ResistiveTouch_ADC_AMux.o)
                0x00000e08                ResistiveTouch_ADC_AMux_Start
 .text.ResistiveTouch_ADC_AMux_Select
                0x00000e28       0x18 .\CortexM3\ARM_GCC_541\Debug\BallPlate.a(ResistiveTouch_ADC_AMux.o)
                0x00000e28                ResistiveTouch_ADC_AMux_Select
 .text.ResistiveTouch_ADC_Ext_CP_Clk_GetDividerRegister
                0x00000e40        0xc .\CortexM3\ARM_GCC_541\Debug\BallPlate.a(ResistiveTouch_ADC_Ext_CP_Clk.o)
                0x00000e40                ResistiveTouch_ADC_Ext_CP_Clk_GetDividerRegister
 .text.ResistiveTouch_ADC_Ext_CP_Clk_SetModeRegister
                0x00000e4c       0x14 .\CortexM3\ARM_GCC_541\Debug\BallPlate.a(ResistiveTouch_ADC_Ext_CP_Clk.o)
                0x00000e4c                ResistiveTouch_ADC_Ext_CP_Clk_SetModeRegister
 .text.ResistiveTouch_ADC_Ext_CP_Clk_GetSourceRegister
                0x00000e60       0x10 .\CortexM3\ARM_GCC_541\Debug\BallPlate.a(ResistiveTouch_ADC_Ext_CP_Clk.o)
                0x00000e60                ResistiveTouch_ADC_Ext_CP_Clk_GetSourceRegister
 .text.ResistiveTouch_ADC_Ext_CP_Clk_SetDividerRegister
                0x00000e70       0xd8 .\CortexM3\ARM_GCC_541\Debug\BallPlate.a(ResistiveTouch_ADC_Ext_CP_Clk.o)
                0x00000e70                ResistiveTouch_ADC_Ext_CP_Clk_SetDividerRegister
 .text.ResistiveTouch_ADC_theACLK_GetDividerRegister
                0x00000f48        0xc .\CortexM3\ARM_GCC_541\Debug\BallPlate.a(ResistiveTouch_ADC_theACLK.o)
                0x00000f48                ResistiveTouch_ADC_theACLK_GetDividerRegister
 .text.ResistiveTouch_ADC_theACLK_SetModeRegister
                0x00000f54       0x14 .\CortexM3\ARM_GCC_541\Debug\BallPlate.a(ResistiveTouch_ADC_theACLK.o)
                0x00000f54                ResistiveTouch_ADC_theACLK_SetModeRegister
 .text.ResistiveTouch_ADC_theACLK_GetSourceRegister
                0x00000f68       0x10 .\CortexM3\ARM_GCC_541\Debug\BallPlate.a(ResistiveTouch_ADC_theACLK.o)
                0x00000f68                ResistiveTouch_ADC_theACLK_GetSourceRegister
 .text.ResistiveTouch_ADC_theACLK_SetDividerRegister
                0x00000f78       0xd8 .\CortexM3\ARM_GCC_541\Debug\BallPlate.a(ResistiveTouch_ADC_theACLK.o)
                0x00000f78                ResistiveTouch_ADC_theACLK_SetDividerRegister
 .text.CyHalt   0x00001050        0x4 .\CortexM3\ARM_GCC_541\Debug\BallPlate.a(CyLib.o)
                0x00001050                CyHalt
 .text.CyDelayUs
                0x00001054       0x14 .\CortexM3\ARM_GCC_541\Debug\BallPlate.a(CyLib.o)
                0x00001054                CyDelayUs
 .text.CyIntSetVector
                0x00001068       0x28 .\CortexM3\ARM_GCC_541\Debug\BallPlate.a(CyLib.o)
                0x00001068                CyIntSetVector
 .text.CyIntSetPriority
                0x00001090       0x30 .\CortexM3\ARM_GCC_541\Debug\BallPlate.a(CyLib.o)
                0x00001090                CyIntSetPriority
 .text          0x000010c0       0x20 .\CortexM3\ARM_GCC_541\Debug\BallPlate.a(CyBootAsmGnu.o)
                0x000010c0                CyDelayCycles
                0x000010d0                CyEnterCriticalSection
                0x000010d8                CyExitCriticalSection
 .text          0x000010e0      0x21c c:/program files (x86)/cypress/psoc creator/4.1/psoc creator/import/gnu/arm/5.4.1/bin/../lib/gcc/arm-none-eabi/5.4.1/armv7-m\libgcc.a(_arm_addsubsf3.o)
                0x000010e0                __aeabi_frsub
                0x000010e8                __subsf3
                0x000010e8                __aeabi_fsub
                0x000010ec                __aeabi_fadd
                0x000010ec                __addsf3
                0x0000124c                __aeabi_ui2f
                0x0000124c                __floatunsisf
                0x00001254                __aeabi_i2f
                0x00001254                __floatsisf
                0x00001270                __aeabi_ul2f
                0x00001270                __floatundisf
                0x00001280                __aeabi_l2f
                0x00001280                __floatdisf
 .text          0x000012fc      0x2a0 c:/program files (x86)/cypress/psoc creator/4.1/psoc creator/import/gnu/arm/5.4.1/bin/../lib/gcc/arm-none-eabi/5.4.1/armv7-m\libgcc.a(_arm_muldivsf3.o)
                0x000012fc                __mulsf3
                0x000012fc                __aeabi_fmul
                0x00001464                __aeabi_fdiv
                0x00001464                __divsf3
 .text.__errno  0x0000159c        0xc c:/program files (x86)/cypress/psoc creator/4.1/psoc creator/import/gnu/arm/5.4.1/bin/../lib/gcc/arm-none-eabi/5.4.1/../../../../arm-none-eabi/lib/armv7-m\libg_nano.a(lib_a-errno.o)
                0x0000159c                __errno
 .text.__libc_init_array
                0x000015a8       0x4c c:/program files (x86)/cypress/psoc creator/4.1/psoc creator/import/gnu/arm/5.4.1/bin/../lib/gcc/arm-none-eabi/5.4.1/../../../../arm-none-eabi/lib/armv7-m\libg_nano.a(lib_a-init.o)
                0x000015a8                __libc_init_array
 .text.memcpy   0x000015f4       0x16 c:/program files (x86)/cypress/psoc creator/4.1/psoc creator/import/gnu/arm/5.4.1/bin/../lib/gcc/arm-none-eabi/5.4.1/../../../../arm-none-eabi/lib/armv7-m\libg_nano.a(lib_a-memcpy-stub.o)
                0x000015f4                memcpy
 .text.memset   0x0000160a       0x10 c:/program files (x86)/cypress/psoc creator/4.1/psoc creator/import/gnu/arm/5.4.1/bin/../lib/gcc/arm-none-eabi/5.4.1/../../../../arm-none-eabi/lib/armv7-m\libg_nano.a(lib_a-memset.o)
                0x0000160a                memset
 *(.plt)
 *(.gnu.warning)
 *(.glue_7t)
 .glue_7t       0x0000161a        0x0 linker stubs
 *(.glue_7)
 .glue_7        0x0000161a        0x0 linker stubs
 *(.vfp11_veneer)
 .vfp11_veneer  0x0000161a        0x0 linker stubs
 *(.bootloader)
 *(.ARM.extab* .gnu.linkonce.armextab.*)
 *(.gcc_except_table)

.v4_bx          0x0000161c        0x0
 .v4_bx         0x0000161c        0x0 linker stubs

.iplt           0x0000161c        0x0
 .iplt          0x0000161c        0x0 c:/program files (x86)/cypress/psoc creator/4.1/psoc creator/import/gnu/arm/5.4.1/bin/../lib/gcc/arm-none-eabi/5.4.1/armv7-m/crtbegin.o

.eh_frame_hdr
 *(.eh_frame_hdr)

.eh_frame       0x0000161c        0x4
 *(.eh_frame)
 .eh_frame      0x0000161c        0x0 c:/program files (x86)/cypress/psoc creator/4.1/psoc creator/import/gnu/arm/5.4.1/bin/../lib/gcc/arm-none-eabi/5.4.1/armv7-m/crtbegin.o
 .eh_frame      0x0000161c        0x4 c:/program files (x86)/cypress/psoc creator/4.1/psoc creator/import/gnu/arm/5.4.1/bin/../lib/gcc/arm-none-eabi/5.4.1/armv7-m/crtend.o
                [!provide]                PROVIDE (__exidx_start, .)

.ARM.exidx
 *(.ARM.exidx* .gnu.linkonce.armexidx.*)
                0x00001620                __exidx_end = .

.rodata         0x00001620       0x80
 *(.rodata .rodata.* .gnu.linkonce.r.*)
 .rodata        0x00001620       0x48 .\CortexM3\ARM_GCC_541\Debug\cyfitter_cfg.o
                0x00001620                ResistiveTouch_ADC_AMux__addrTable
                0x00001628                ResistiveTouch_ADC_AMux__maskTable
 .rodata.str1.1
                0x00001668        0x2 c:/program files (x86)/cypress/psoc creator/4.1/psoc creator/import/gnu/arm/5.4.1/bin/../lib/gcc/arm-none-eabi/5.4.1/../../../../arm-none-eabi/lib/armv7-m\libg_nano.a(lib_a-impure.o)
                0x0000166c                . = ALIGN (0x4)
 *fill*         0x0000166a        0x2 
 *(.init)
 .init          0x0000166c        0x4 c:/program files (x86)/cypress/psoc creator/4.1/psoc creator/import/gnu/arm/5.4.1/bin/../lib/gcc/arm-none-eabi/5.4.1/armv7-m/crti.o
                0x0000166c                _init
 .init          0x00001670        0x8 c:/program files (x86)/cypress/psoc creator/4.1/psoc creator/import/gnu/arm/5.4.1/bin/../lib/gcc/arm-none-eabi/5.4.1/armv7-m/crtn.o
                0x00001678                . = ALIGN (0x4)
                0x00001678                __preinit_array_start = .
 *(.preinit_array)
                0x00001678                __preinit_array_end = .
                0x00001678                . = ALIGN (0x4)
                0x00001678                __init_array_start = .
 *(SORT(.init_array.*))
 *(.init_array)
 .init_array    0x00001678        0x4 c:/program files (x86)/cypress/psoc creator/4.1/psoc creator/import/gnu/arm/5.4.1/bin/../lib/gcc/arm-none-eabi/5.4.1/armv7-m/crtbegin.o
 .init_array    0x0000167c        0x4 .\CortexM3\ARM_GCC_541\Debug\Cm3Start.o
                0x00001680                __init_array_end = .
                0x00001680                . = ALIGN (0x4)
 *(.fini)
 .fini          0x00001680        0x4 c:/program files (x86)/cypress/psoc creator/4.1/psoc creator/import/gnu/arm/5.4.1/bin/../lib/gcc/arm-none-eabi/5.4.1/armv7-m/crti.o
                0x00001680                _fini
 .fini          0x00001684        0x8 c:/program files (x86)/cypress/psoc creator/4.1/psoc creator/import/gnu/arm/5.4.1/bin/../lib/gcc/arm-none-eabi/5.4.1/armv7-m/crtn.o
                0x0000168c                . = ALIGN (0x4)
                0x0000168c                __fini_array_start = .
 *(.fini_array)
 .fini_array    0x0000168c        0x4 c:/program files (x86)/cypress/psoc creator/4.1/psoc creator/import/gnu/arm/5.4.1/bin/../lib/gcc/arm-none-eabi/5.4.1/armv7-m/crtbegin.o
 *(SORT(.fini_array.*))
                0x00001690                __fini_array_end = .
                0x00001690                . = ALIGN (0x4)
 *crtbegin.o(.ctors)
 *(EXCLUDE_FILE(*crtend.o) .ctors)
 *(SORT(.ctors.*))
 *crtend.o(.ctors)
                0x00001690                . = ALIGN (0x4)
 *crtbegin.o(.dtors)
 *(EXCLUDE_FILE(*crtend.o) .dtors)
 *(SORT(.dtors.*))
 *crtend.o(.dtors)
                0x00001690                . = ALIGN (0x4)
                0x00001690                __cy_regions = .
                0x00001690        0x4 LONG 0x16a0 __cy_region_init_ram
                0x00001694        0x4 LONG 0x1fff80c8 __cy_region_start_data
                0x00001698        0x4 LONG 0x80 __cy_region_init_size_ram
                0x0000169c        0x4 LONG 0x80 __cy_region_zero_size_ram
                0x000016a0                __cy_regions_end = .
                0x000016a0                . = ALIGN (0x8)
                0x000016a0                _etext = .

.cy_checksum_exclude
                0x000016a0        0x0
 *(.cy_checksum_exclude)

.ramvectors     0x1fff8000       0xc0
                0x1fff8000                __cy_region_start_ram = .
 *(.ramvectors)
 .ramvectors    0x1fff8000       0xc0 .\CortexM3\ARM_GCC_541\Debug\Cm3Start.o
                0x1fff8000                CyRamVectors

.noinit         0x1fff80c0        0x1
 *(.noinit)
 .noinit        0x1fff80c0        0x1 .\CortexM3\ARM_GCC_541\Debug\BallPlate.a(CyLib.o)
                0x1fff80c0                CyResetStatus

.data           0x1fff80c8       0x80 load address 0x000016a0
                0x1fff80c8                __cy_region_start_data = .
 *(.jcr)
 .jcr           0x1fff80c8        0x0 c:/program files (x86)/cypress/psoc creator/4.1/psoc creator/import/gnu/arm/5.4.1/bin/../lib/gcc/arm-none-eabi/5.4.1/armv7-m/crtbegin.o
 .jcr           0x1fff80c8        0x4 c:/program files (x86)/cypress/psoc creator/4.1/psoc creator/import/gnu/arm/5.4.1/bin/../lib/gcc/arm-none-eabi/5.4.1/armv7-m/crtend.o
 *(.got.plt)
 *(.got)
 *(.shdata)
 *(.data .data.* .gnu.linkonce.d.*)
 .data          0x1fff80cc        0x1 .\CortexM3\ARM_GCC_541\Debug\cyfitter_cfg.o
                0x1fff80cc                ResistiveTouch_AMux_curChannel
 .data          0x1fff80cd        0x1 .\CortexM3\ARM_GCC_541\Debug\BallPlate.a(ResistiveTouch_ADC.o)
                0x1fff80cd                ResistiveTouch_ADC_Config
 .data          0x1fff80ce        0x1 .\CortexM3\ARM_GCC_541\Debug\BallPlate.a(ResistiveTouch_ADC_AMux.o)
 *fill*         0x1fff80cf        0x1 
 .data          0x1fff80d0       0x10 .\CortexM3\ARM_GCC_541\Debug\BallPlate.a(CyLib.o)
                0x1fff80d0                cydelay_32k_ms
                0x1fff80d4                cydelay_freq_khz
                0x1fff80d8                cydelay_freq_mhz
                0x1fff80dc                cydelay_freq_hz
 .data.impure_data
                0x1fff80e0       0x60 c:/program files (x86)/cypress/psoc creator/4.1/psoc creator/import/gnu/arm/5.4.1/bin/../lib/gcc/arm-none-eabi/5.4.1/../../../../arm-none-eabi/lib/armv7-m\libg_nano.a(lib_a-impure.o)
 .data._impure_ptr
                0x1fff8140        0x4 c:/program files (x86)/cypress/psoc creator/4.1/psoc creator/import/gnu/arm/5.4.1/bin/../lib/gcc/arm-none-eabi/5.4.1/../../../../arm-none-eabi/lib/armv7-m\libg_nano.a(lib_a-impure.o)
                0x1fff8140                _impure_ptr
                0x1fff8148                . = ALIGN (0x8)
 *fill*         0x1fff8144        0x4 
 *(.ram)
                0x1fff8148                _edata = .

.igot.plt       0x1fff8148        0x0 load address 0x00001720
 .igot.plt      0x1fff8148        0x0 c:/program files (x86)/cypress/psoc creator/4.1/psoc creator/import/gnu/arm/5.4.1/bin/../lib/gcc/arm-none-eabi/5.4.1/armv7-m/crtbegin.o

.bss            0x1fff8148       0x80 load address 0x00001720
                0x1fff8148                PROVIDE (__bss_start__, .)
 *(.shbss)
 *(.bss .bss.* .gnu.linkonce.b.*)
 .bss           0x1fff8148       0x1c c:/program files (x86)/cypress/psoc creator/4.1/psoc creator/import/gnu/arm/5.4.1/bin/../lib/gcc/arm-none-eabi/5.4.1/armv7-m/crtbegin.o
 .bss           0x1fff8164        0x1 .\CortexM3\ARM_GCC_541\Debug\BallPlate.a(PWM_X.o)
                0x1fff8164                PWM_X_initVar
 .bss           0x1fff8165        0x1 .\CortexM3\ARM_GCC_541\Debug\BallPlate.a(PWM_Y.o)
                0x1fff8165                PWM_Y_initVar
 .bss           0x1fff8166        0x1 .\CortexM3\ARM_GCC_541\Debug\BallPlate.a(Timer.o)
                0x1fff8166                Timer_initVar
 .bss           0x1fff8167        0x2 .\CortexM3\ARM_GCC_541\Debug\BallPlate.a(ResistiveTouch.o)
                0x1fff8167                ResistiveTouch_initVar
 *fill*         0x1fff8169        0x3 
 .bss           0x1fff816c        0x8 .\CortexM3\ARM_GCC_541\Debug\BallPlate.a(ResistiveTouch_ADC.o)
                0x1fff8170                ResistiveTouch_ADC_stopConversion
                0x1fff8171                ResistiveTouch_ADC_convDone
                0x1fff8172                ResistiveTouch_ADC_initVar
                0x1fff8173                ResistiveTouch_ADC_started
 *(COMMON)
 COMMON         0x1fff8174       0x48 .\CortexM3\ARM_GCC_541\Debug\main.o
                0x1fff8174                adx
                0x1fff8178                accy1
                0x1fff817c                ex1
                0x1fff8180                ex
                0x1fff8184                Kpy
                0x1fff8188                accy
                0x1fff818c                Ny
                0x1fff8190                coordy
                0x1fff8194                ady
                0x1fff8198                Kpx
                0x1fff819c                Kdy
                0x1fff81a0                accx1
                0x1fff81a4                ey1
                0x1fff81a8                coordx
                0x1fff81ac                Kdx
                0x1fff81b0                Nx
                0x1fff81b4                ey
                0x1fff81b8                accx
 COMMON         0x1fff81bc        0x8 .\CortexM3\ARM_GCC_541\Debug\BallPlate.a(ResistiveTouch_ADC.o)
                0x1fff81bc                ResistiveTouch_ADC_Offset
                0x1fff81c0                ResistiveTouch_ADC_CountsPerVolt
                0x1fff81c8                . = ALIGN (0x8)
 *fill*         0x1fff81c4        0x4 
 *(.ram.b)
                0x1fff81c8                _end = .
                0x1fff81c8                __end = .
                0x1fff81c8                PROVIDE (end, .)
                0x1fff81c8                PROVIDE (__bss_end__, .)
                0x000016a0                __cy_region_init_ram = LOADADDR (.data)
                0x00000080                __cy_region_init_size_ram = (_edata - ADDR (.data))
                0x00000080                __cy_region_zero_size_ram = (_end - _edata)

.heap           0x1fff81c8       0x80 load address 0x00001720
                0x1fff81c8                . = _end
                0x1fff8248                . = (. + 0x80)
 *fill*         0x1fff81c8       0x80 
                0x1fff8248                __cy_heap_limit = .

.stack          0x20007800      0x800
                0x20007800                __cy_stack_limit = .
                0x20008000                . = (. + 0x800)
 *fill*         0x20007800      0x800 
                0x00000001                ASSERT ((__cy_stack_limit >= __cy_heap_limit), region RAM overflowed with stack)
                0x00000000                cy_checksum_exclude_size = (CY_APPL_LOADABLE == 0x1)?SIZEOF (.cy_checksum_exclude):0x0
                0x00000001                ASSERT ((cy_checksum_exclude_size <= CY_CHECKSUM_EXCLUDE_SIZE), CY_BOOT: Section .cy_checksum_exclude size exceedes specified limit.)

.cyloadermeta
 *(.cyloadermeta)

.cyloadablemeta
 *(.cyloadablemeta)

.cyconfigecc    0x80000000       0xf8
 *(.cyconfigecc)
 .cyconfigecc   0x80000000       0xf8 .\CortexM3\ARM_GCC_541\Debug\cymetadata.o
                0x80000000                cy_meta_configecc

.cycustnvl      0x90000000        0x4
 *(.cycustnvl)
 .cycustnvl     0x90000000        0x4 .\CortexM3\ARM_GCC_541\Debug\cymetadata.o
                0x90000000                cy_meta_custnvl

.cywolatch      0x90100000        0x4
 *(.cywolatch)
 .cywolatch     0x90100000        0x4 .\CortexM3\ARM_GCC_541\Debug\cymetadata.o
                0x90100000                cy_meta_wonvl

.cyeeprom       0x90200000        0x0
 *(.cyeeprom)
                0x00000001                ASSERT ((. <= ((0x90200000 + ee_offset) + ee_size)), .cyeeprom data will not fit in EEPROM)

.cyflashprotect
                0x90400000      0x100
 *(.cyflashprotect)
 .cyflashprotect
                0x90400000      0x100 .\CortexM3\ARM_GCC_541\Debug\cymetadata.o
                0x90400000                cy_meta_flashprotect

.cymeta         0x90500000        0xc
 *(.cymeta)
 .cymeta        0x90500000        0xc .\CortexM3\ARM_GCC_541\Debug\cymetadata.o
                0x90500000                cy_metadata

.rel.dyn        0x00001720        0x0 load address 0x9050000c
 .rel.iplt      0x00001720        0x0 c:/program files (x86)/cypress/psoc creator/4.1/psoc creator/import/gnu/arm/5.4.1/bin/../lib/gcc/arm-none-eabi/5.4.1/armv7-m/crtbegin.o

.stab
 *(.stab)

.stabstr
 *(.stabstr)

.debug
 *(.debug)

.line
 *(.line)

.debug_srcinfo
 *(.debug_srcinfo)

.debug_sfnames
 *(.debug_sfnames)

.debug_aranges  0x00000000      0xa20
 *(.debug_aranges)
 .debug_aranges
                0x00000000       0x30 .\CortexM3\ARM_GCC_541\Debug\main.o
 .debug_aranges
                0x00000030       0x78 .\CortexM3\ARM_GCC_541\Debug\cyfitter_cfg.o
 .debug_aranges
                0x000000a8       0x18 .\CortexM3\ARM_GCC_541\Debug\cymetadata.o
 .debug_aranges
                0x000000c0       0x48 .\CortexM3\ARM_GCC_541\Debug\Cm3Start.o
 .debug_aranges
                0x00000108       0x78 .\CortexM3\ARM_GCC_541\Debug\BallPlate.a(PWM_X.o)
 .debug_aranges
                0x00000180       0x78 .\CortexM3\ARM_GCC_541\Debug\BallPlate.a(PWM_Y.o)
 .debug_aranges
                0x000001f8       0x88 .\CortexM3\ARM_GCC_541\Debug\BallPlate.a(Timer.o)
 .debug_aranges
                0x00000280       0x58 .\CortexM3\ARM_GCC_541\Debug\BallPlate.a(ResistiveTouch.o)
 .debug_aranges
                0x000002d8       0x80 .\CortexM3\ARM_GCC_541\Debug\BallPlate.a(isr_Timer.o)
 .debug_aranges
                0x00000358       0x38 .\CortexM3\ARM_GCC_541\Debug\BallPlate.a(ResistiveTouch_AMux.o)
 .debug_aranges
                0x00000390       0xe8 .\CortexM3\ARM_GCC_541\Debug\BallPlate.a(ResistiveTouch_ADC.o)
 .debug_aranges
                0x00000478       0x38 .\CortexM3\ARM_GCC_541\Debug\BallPlate.a(ResistiveTouch_ADC_INT.o)
 .debug_aranges
                0x000004b0       0x30 .\CortexM3\ARM_GCC_541\Debug\BallPlate.a(ResistiveTouch_ADC_AMux.o)
 .debug_aranges
                0x000004e0       0x70 .\CortexM3\ARM_GCC_541\Debug\BallPlate.a(ResistiveTouch_ADC_Ext_CP_Clk.o)
 .debug_aranges
                0x00000550       0x80 .\CortexM3\ARM_GCC_541\Debug\BallPlate.a(ResistiveTouch_ADC_theACLK.o)
 .debug_aranges
                0x000005d0      0x2a0 .\CortexM3\ARM_GCC_541\Debug\BallPlate.a(CyLib.o)
 .debug_aranges
                0x00000870       0x98 .\CortexM3\ARM_GCC_541\Debug\BallPlate.a(cyPm.o)
 .debug_aranges
                0x00000908       0x20 .\CortexM3\ARM_GCC_541\Debug\BallPlate.a(CyBootAsmGnu.o)
 .debug_aranges
                0x00000928       0x80 .\CortexM3\ARM_GCC_541\Debug\BallPlate.a(CyFlash.o)
 .debug_aranges
                0x000009a8       0x78 .\CortexM3\ARM_GCC_541\Debug\BallPlate.a(CySpc.o)

.debug_pubnames
 *(.debug_pubnames)

.debug_info     0x00000000     0x570c
 *(.debug_info .gnu.linkonce.wi.*)
 .debug_info    0x00000000      0x324 .\CortexM3\ARM_GCC_541\Debug\main.o
 .debug_info    0x00000324      0x5df .\CortexM3\ARM_GCC_541\Debug\cyfitter_cfg.o
 .debug_info    0x00000903      0x134 .\CortexM3\ARM_GCC_541\Debug\cymetadata.o
 .debug_info    0x00000a37      0x3bb .\CortexM3\ARM_GCC_541\Debug\Cm3Start.o
 .debug_info    0x00000df2      0x281 .\CortexM3\ARM_GCC_541\Debug\BallPlate.a(PWM_X.o)
 .debug_info    0x00001073      0x281 .\CortexM3\ARM_GCC_541\Debug\BallPlate.a(PWM_Y.o)
 .debug_info    0x000012f4      0x295 .\CortexM3\ARM_GCC_541\Debug\BallPlate.a(Timer.o)
 .debug_info    0x00001589      0x311 .\CortexM3\ARM_GCC_541\Debug\BallPlate.a(ResistiveTouch.o)
 .debug_info    0x0000189a      0x2d2 .\CortexM3\ARM_GCC_541\Debug\BallPlate.a(isr_Timer.o)
 .debug_info    0x00001b6c      0x132 .\CortexM3\ARM_GCC_541\Debug\BallPlate.a(ResistiveTouch_AMux.o)
 .debug_info    0x00001c9e      0xa1d .\CortexM3\ARM_GCC_541\Debug\BallPlate.a(ResistiveTouch_ADC.o)
 .debug_info    0x000026bb       0xd3 .\CortexM3\ARM_GCC_541\Debug\BallPlate.a(ResistiveTouch_ADC_INT.o)
 .debug_info    0x0000278e      0x165 .\CortexM3\ARM_GCC_541\Debug\BallPlate.a(ResistiveTouch_ADC_AMux.o)
 .debug_info    0x000028f3      0x283 .\CortexM3\ARM_GCC_541\Debug\BallPlate.a(ResistiveTouch_ADC_Ext_CP_Clk.o)
 .debug_info    0x00002b76      0x2c4 .\CortexM3\ARM_GCC_541\Debug\BallPlate.a(ResistiveTouch_ADC_theACLK.o)
 .debug_info    0x00002e3a     0x1374 .\CortexM3\ARM_GCC_541\Debug\BallPlate.a(CyLib.o)
 .debug_info    0x000041ae      0xa2a .\CortexM3\ARM_GCC_541\Debug\BallPlate.a(cyPm.o)
 .debug_info    0x00004bd8       0x93 .\CortexM3\ARM_GCC_541\Debug\BallPlate.a(CyBootAsmGnu.o)
 .debug_info    0x00004c6b      0x5b8 .\CortexM3\ARM_GCC_541\Debug\BallPlate.a(CyFlash.o)
 .debug_info    0x00005223      0x4e9 .\CortexM3\ARM_GCC_541\Debug\BallPlate.a(CySpc.o)

.debug_abbrev   0x00000000     0x1865
 *(.debug_abbrev)
 .debug_abbrev  0x00000000      0x10d .\CortexM3\ARM_GCC_541\Debug\main.o
 .debug_abbrev  0x0000010d      0x236 .\CortexM3\ARM_GCC_541\Debug\cyfitter_cfg.o
 .debug_abbrev  0x00000343       0x5d .\CortexM3\ARM_GCC_541\Debug\cymetadata.o
 .debug_abbrev  0x000003a0      0x1e8 .\CortexM3\ARM_GCC_541\Debug\Cm3Start.o
 .debug_abbrev  0x00000588      0x12d .\CortexM3\ARM_GCC_541\Debug\BallPlate.a(PWM_X.o)
 .debug_abbrev  0x000006b5      0x12d .\CortexM3\ARM_GCC_541\Debug\BallPlate.a(PWM_Y.o)
 .debug_abbrev  0x000007e2      0x11a .\CortexM3\ARM_GCC_541\Debug\BallPlate.a(Timer.o)
 .debug_abbrev  0x000008fc       0xf4 .\CortexM3\ARM_GCC_541\Debug\BallPlate.a(ResistiveTouch.o)
 .debug_abbrev  0x000009f0      0x173 .\CortexM3\ARM_GCC_541\Debug\BallPlate.a(isr_Timer.o)
 .debug_abbrev  0x00000b63       0xa9 .\CortexM3\ARM_GCC_541\Debug\BallPlate.a(ResistiveTouch_AMux.o)
 .debug_abbrev  0x00000c0c      0x1cd .\CortexM3\ARM_GCC_541\Debug\BallPlate.a(ResistiveTouch_ADC.o)
 .debug_abbrev  0x00000dd9       0x42 .\CortexM3\ARM_GCC_541\Debug\BallPlate.a(ResistiveTouch_ADC_INT.o)
 .debug_abbrev  0x00000e1b       0xb1 .\CortexM3\ARM_GCC_541\Debug\BallPlate.a(ResistiveTouch_ADC_AMux.o)
 .debug_abbrev  0x00000ecc      0x139 .\CortexM3\ARM_GCC_541\Debug\BallPlate.a(ResistiveTouch_ADC_Ext_CP_Clk.o)
 .debug_abbrev  0x00001005      0x121 .\CortexM3\ARM_GCC_541\Debug\BallPlate.a(ResistiveTouch_ADC_theACLK.o)
 .debug_abbrev  0x00001126      0x254 .\CortexM3\ARM_GCC_541\Debug\BallPlate.a(CyLib.o)
 .debug_abbrev  0x0000137a      0x1ab .\CortexM3\ARM_GCC_541\Debug\BallPlate.a(cyPm.o)
 .debug_abbrev  0x00001525       0x14 .\CortexM3\ARM_GCC_541\Debug\BallPlate.a(CyBootAsmGnu.o)
 .debug_abbrev  0x00001539      0x198 .\CortexM3\ARM_GCC_541\Debug\BallPlate.a(CyFlash.o)
 .debug_abbrev  0x000016d1      0x194 .\CortexM3\ARM_GCC_541\Debug\BallPlate.a(CySpc.o)

.debug_line     0x00000000     0x269b
 *(.debug_line)
 .debug_line    0x00000000      0x1d4 .\CortexM3\ARM_GCC_541\Debug\main.o
 .debug_line    0x000001d4      0x230 .\CortexM3\ARM_GCC_541\Debug\cyfitter_cfg.o
 .debug_line    0x00000404      0x141 .\CortexM3\ARM_GCC_541\Debug\cymetadata.o
 .debug_line    0x00000545      0x234 .\CortexM3\ARM_GCC_541\Debug\Cm3Start.o
 .debug_line    0x00000779      0x133 .\CortexM3\ARM_GCC_541\Debug\BallPlate.a(PWM_X.o)
 .debug_line    0x000008ac      0x133 .\CortexM3\ARM_GCC_541\Debug\BallPlate.a(PWM_Y.o)
 .debug_line    0x000009df      0x153 .\CortexM3\ARM_GCC_541\Debug\BallPlate.a(Timer.o)
 .debug_line    0x00000b32      0x14d .\CortexM3\ARM_GCC_541\Debug\BallPlate.a(ResistiveTouch.o)
 .debug_line    0x00000c7f      0x136 .\CortexM3\ARM_GCC_541\Debug\BallPlate.a(isr_Timer.o)
 .debug_line    0x00000db5       0xaf .\CortexM3\ARM_GCC_541\Debug\BallPlate.a(ResistiveTouch_AMux.o)
 .debug_line    0x00000e64      0x3ad .\CortexM3\ARM_GCC_541\Debug\BallPlate.a(ResistiveTouch_ADC.o)
 .debug_line    0x00001211       0x8f .\CortexM3\ARM_GCC_541\Debug\BallPlate.a(ResistiveTouch_ADC_INT.o)
 .debug_line    0x000012a0       0xbb .\CortexM3\ARM_GCC_541\Debug\BallPlate.a(ResistiveTouch_ADC_AMux.o)
 .debug_line    0x0000135b      0x18c .\CortexM3\ARM_GCC_541\Debug\BallPlate.a(ResistiveTouch_ADC_Ext_CP_Clk.o)
 .debug_line    0x000014e7      0x1ac .\CortexM3\ARM_GCC_541\Debug\BallPlate.a(ResistiveTouch_ADC_theACLK.o)
 .debug_line    0x00001693      0x816 .\CortexM3\ARM_GCC_541\Debug\BallPlate.a(CyLib.o)
 .debug_line    0x00001ea9      0x367 .\CortexM3\ARM_GCC_541\Debug\BallPlate.a(cyPm.o)
 .debug_line    0x00002210       0x66 .\CortexM3\ARM_GCC_541\Debug\BallPlate.a(CyBootAsmGnu.o)
 .debug_line    0x00002276      0x1e9 .\CortexM3\ARM_GCC_541\Debug\BallPlate.a(CyFlash.o)
 .debug_line    0x0000245f      0x23c .\CortexM3\ARM_GCC_541\Debug\BallPlate.a(CySpc.o)

.debug_frame    0x00000000     0x197c
 *(.debug_frame)
 .debug_frame   0x00000000       0x80 .\CortexM3\ARM_GCC_541\Debug\main.o
 .debug_frame   0x00000080      0x124 .\CortexM3\ARM_GCC_541\Debug\cyfitter_cfg.o
 .debug_frame   0x000001a4       0xb8 .\CortexM3\ARM_GCC_541\Debug\Cm3Start.o
 .debug_frame   0x0000025c       0xe8 .\CortexM3\ARM_GCC_541\Debug\BallPlate.a(PWM_X.o)
 .debug_frame   0x00000344       0xe8 .\CortexM3\ARM_GCC_541\Debug\BallPlate.a(PWM_Y.o)
 .debug_frame   0x0000042c      0x108 .\CortexM3\ARM_GCC_541\Debug\BallPlate.a(Timer.o)
 .debug_frame   0x00000534       0xf0 .\CortexM3\ARM_GCC_541\Debug\BallPlate.a(ResistiveTouch.o)
 .debug_frame   0x00000624      0x104 .\CortexM3\ARM_GCC_541\Debug\BallPlate.a(isr_Timer.o)
 .debug_frame   0x00000728       0x74 .\CortexM3\ARM_GCC_541\Debug\BallPlate.a(ResistiveTouch_AMux.o)
 .debug_frame   0x0000079c      0x28c .\CortexM3\ARM_GCC_541\Debug\BallPlate.a(ResistiveTouch_ADC.o)
 .debug_frame   0x00000a28       0x50 .\CortexM3\ARM_GCC_541\Debug\BallPlate.a(ResistiveTouch_ADC_INT.o)
 .debug_frame   0x00000a78       0x64 .\CortexM3\ARM_GCC_541\Debug\BallPlate.a(ResistiveTouch_ADC_AMux.o)
 .debug_frame   0x00000adc       0xe0 .\CortexM3\ARM_GCC_541\Debug\BallPlate.a(ResistiveTouch_ADC_Ext_CP_Clk.o)
 .debug_frame   0x00000bbc      0x100 .\CortexM3\ARM_GCC_541\Debug\BallPlate.a(ResistiveTouch_ADC_theACLK.o)
 .debug_frame   0x00000cbc      0x738 .\CortexM3\ARM_GCC_541\Debug\BallPlate.a(CyLib.o)
 .debug_frame   0x000013f4      0x1f8 .\CortexM3\ARM_GCC_541\Debug\BallPlate.a(cyPm.o)
 .debug_frame   0x000015ec      0x174 .\CortexM3\ARM_GCC_541\Debug\BallPlate.a(CyFlash.o)
 .debug_frame   0x00001760      0x160 .\CortexM3\ARM_GCC_541\Debug\BallPlate.a(CySpc.o)
 .debug_frame   0x000018c0       0x20 c:/program files (x86)/cypress/psoc creator/4.1/psoc creator/import/gnu/arm/5.4.1/bin/../lib/gcc/arm-none-eabi/5.4.1/../../../../arm-none-eabi/lib/armv7-m\libg_nano.a(lib_a-errno.o)
 .debug_frame   0x000018e0       0x28 c:/program files (x86)/cypress/psoc creator/4.1/psoc creator/import/gnu/arm/5.4.1/bin/../lib/gcc/arm-none-eabi/5.4.1/../../../../arm-none-eabi/lib/armv7-m\libg_nano.a(lib_a-exit.o)
 .debug_frame   0x00001908       0x2c c:/program files (x86)/cypress/psoc creator/4.1/psoc creator/import/gnu/arm/5.4.1/bin/../lib/gcc/arm-none-eabi/5.4.1/../../../../arm-none-eabi/lib/armv7-m\libg_nano.a(lib_a-init.o)
 .debug_frame   0x00001934       0x28 c:/program files (x86)/cypress/psoc creator/4.1/psoc creator/import/gnu/arm/5.4.1/bin/../lib/gcc/arm-none-eabi/5.4.1/../../../../arm-none-eabi/lib/armv7-m\libg_nano.a(lib_a-memcpy-stub.o)
 .debug_frame   0x0000195c       0x20 c:/program files (x86)/cypress/psoc creator/4.1/psoc creator/import/gnu/arm/5.4.1/bin/../lib/gcc/arm-none-eabi/5.4.1/../../../../arm-none-eabi/lib/armv7-m\libg_nano.a(lib_a-memset.o)

.debug_str      0x00000000     0x252f
 *(.debug_str)
 .debug_str     0x00000000      0x228 .\CortexM3\ARM_GCC_541\Debug\main.o
                                0x27c (size before relaxing)
 .debug_str     0x00000228      0x269 .\CortexM3\ARM_GCC_541\Debug\cyfitter_cfg.o
                                0x3f9 (size before relaxing)
 .debug_str     0x00000491       0x7f .\CortexM3\ARM_GCC_541\Debug\cymetadata.o
                                0x1e7 (size before relaxing)
 .debug_str     0x00000510      0x144 .\CortexM3\ARM_GCC_541\Debug\Cm3Start.o
                                0x30d (size before relaxing)
 .debug_str     0x00000654      0x12e .\CortexM3\ARM_GCC_541\Debug\BallPlate.a(PWM_X.o)
                                0x2d0 (size before relaxing)
 .debug_str     0x00000782       0xfd .\CortexM3\ARM_GCC_541\Debug\BallPlate.a(PWM_Y.o)
                                0x2d0 (size before relaxing)
 .debug_str     0x0000087f      0x121 .\CortexM3\ARM_GCC_541\Debug\BallPlate.a(Timer.o)
                                0x2f8 (size before relaxing)
 .debug_str     0x000009a0      0x1be .\CortexM3\ARM_GCC_541\Debug\BallPlate.a(ResistiveTouch.o)
                                0x3cb (size before relaxing)
 .debug_str     0x00000b5e      0x124 .\CortexM3\ARM_GCC_541\Debug\BallPlate.a(isr_Timer.o)
                                0x2e1 (size before relaxing)
 .debug_str     0x00000c82       0x63 .\CortexM3\ARM_GCC_541\Debug\BallPlate.a(ResistiveTouch_AMux.o)
                                0x269 (size before relaxing)
 .debug_str     0x00000ce5      0x587 .\CortexM3\ARM_GCC_541\Debug\BallPlate.a(ResistiveTouch_ADC.o)
                                0x833 (size before relaxing)
 .debug_str     0x0000126c       0x90 .\CortexM3\ARM_GCC_541\Debug\BallPlate.a(ResistiveTouch_ADC_INT.o)
                                0x20e (size before relaxing)
 .debug_str     0x000012fc       0x9b .\CortexM3\ARM_GCC_541\Debug\BallPlate.a(ResistiveTouch_ADC_AMux.o)
                                0x26b (size before relaxing)
 .debug_str     0x00001397      0x209 .\CortexM3\ARM_GCC_541\Debug\BallPlate.a(ResistiveTouch_ADC_Ext_CP_Clk.o)
                                0x3f9 (size before relaxing)
 .debug_str     0x000015a0      0x203 .\CortexM3\ARM_GCC_541\Debug\BallPlate.a(ResistiveTouch_ADC_theACLK.o)
                                0x436 (size before relaxing)
 .debug_str     0x000017a3      0x7df .\CortexM3\ARM_GCC_541\Debug\BallPlate.a(CyLib.o)
                                0xa4a (size before relaxing)
 .debug_str     0x00001f82      0x365 .\CortexM3\ARM_GCC_541\Debug\BallPlate.a(cyPm.o)
                                0x736 (size before relaxing)
 .debug_str     0x000022e7      0x19c .\CortexM3\ARM_GCC_541\Debug\BallPlate.a(CyFlash.o)
                                0x3a4 (size before relaxing)
 .debug_str     0x00002483       0xac .\CortexM3\ARM_GCC_541\Debug\BallPlate.a(CySpc.o)
                                0x32d (size before relaxing)

.debug_loc      0x00000000     0x22a8
 *(.debug_loc)
 .debug_loc     0x00000000      0x219 .\CortexM3\ARM_GCC_541\Debug\cyfitter_cfg.o
 .debug_loc     0x00000219      0x144 .\CortexM3\ARM_GCC_541\Debug\Cm3Start.o
 .debug_loc     0x0000035d       0x13 .\CortexM3\ARM_GCC_541\Debug\BallPlate.a(PWM_X.o)
 .debug_loc     0x00000370       0x13 .\CortexM3\ARM_GCC_541\Debug\BallPlate.a(PWM_Y.o)
 .debug_loc     0x00000383       0x56 .\CortexM3\ARM_GCC_541\Debug\BallPlate.a(isr_Timer.o)
 .debug_loc     0x000003d9      0x6b6 .\CortexM3\ARM_GCC_541\Debug\BallPlate.a(ResistiveTouch_ADC.o)
 .debug_loc     0x00000a8f       0x6c .\CortexM3\ARM_GCC_541\Debug\BallPlate.a(ResistiveTouch_ADC_AMux.o)
 .debug_loc     0x00000afb      0x12c .\CortexM3\ARM_GCC_541\Debug\BallPlate.a(ResistiveTouch_ADC_Ext_CP_Clk.o)
 .debug_loc     0x00000c27      0x14d .\CortexM3\ARM_GCC_541\Debug\BallPlate.a(ResistiveTouch_ADC_theACLK.o)
 .debug_loc     0x00000d74      0xa11 .\CortexM3\ARM_GCC_541\Debug\BallPlate.a(CyLib.o)
 .debug_loc     0x00001785      0x1e4 .\CortexM3\ARM_GCC_541\Debug\BallPlate.a(cyPm.o)
 .debug_loc     0x00001969      0x2f2 .\CortexM3\ARM_GCC_541\Debug\BallPlate.a(CyFlash.o)
 .debug_loc     0x00001c5b      0x64d .\CortexM3\ARM_GCC_541\Debug\BallPlate.a(CySpc.o)

.debug_macinfo
 *(.debug_macinfo)

.debug_ranges   0x00000000      0x8c8
 *(.debug_ranges)
 .debug_ranges  0x00000000       0x20 .\CortexM3\ARM_GCC_541\Debug\main.o
 .debug_ranges  0x00000020       0x68 .\CortexM3\ARM_GCC_541\Debug\cyfitter_cfg.o
 .debug_ranges  0x00000088       0x38 .\CortexM3\ARM_GCC_541\Debug\Cm3Start.o
 .debug_ranges  0x000000c0       0x68 .\CortexM3\ARM_GCC_541\Debug\BallPlate.a(PWM_X.o)
 .debug_ranges  0x00000128       0x68 .\CortexM3\ARM_GCC_541\Debug\BallPlate.a(PWM_Y.o)
 .debug_ranges  0x00000190       0x78 .\CortexM3\ARM_GCC_541\Debug\BallPlate.a(Timer.o)
 .debug_ranges  0x00000208       0x48 .\CortexM3\ARM_GCC_541\Debug\BallPlate.a(ResistiveTouch.o)
 .debug_ranges  0x00000250       0x70 .\CortexM3\ARM_GCC_541\Debug\BallPlate.a(isr_Timer.o)
 .debug_ranges  0x000002c0       0x28 .\CortexM3\ARM_GCC_541\Debug\BallPlate.a(ResistiveTouch_AMux.o)
 .debug_ranges  0x000002e8       0xd8 .\CortexM3\ARM_GCC_541\Debug\BallPlate.a(ResistiveTouch_ADC.o)
 .debug_ranges  0x000003c0       0x28 .\CortexM3\ARM_GCC_541\Debug\BallPlate.a(ResistiveTouch_ADC_INT.o)
 .debug_ranges  0x000003e8       0x20 .\CortexM3\ARM_GCC_541\Debug\BallPlate.a(ResistiveTouch_ADC_AMux.o)
 .debug_ranges  0x00000408       0x60 .\CortexM3\ARM_GCC_541\Debug\BallPlate.a(ResistiveTouch_ADC_Ext_CP_Clk.o)
 .debug_ranges  0x00000468       0x70 .\CortexM3\ARM_GCC_541\Debug\BallPlate.a(ResistiveTouch_ADC_theACLK.o)
 .debug_ranges  0x000004d8      0x290 .\CortexM3\ARM_GCC_541\Debug\BallPlate.a(CyLib.o)
 .debug_ranges  0x00000768       0x88 .\CortexM3\ARM_GCC_541\Debug\BallPlate.a(cyPm.o)
 .debug_ranges  0x000007f0       0x70 .\CortexM3\ARM_GCC_541\Debug\BallPlate.a(CyFlash.o)
 .debug_ranges  0x00000860       0x68 .\CortexM3\ARM_GCC_541\Debug\BallPlate.a(CySpc.o)

.comment        0x00000000       0x6e
 .comment       0x00000000       0x6e .\CortexM3\ARM_GCC_541\Debug\main.o
                                 0x6f (size before relaxing)
 .comment       0x0000006e       0x6f .\CortexM3\ARM_GCC_541\Debug\cyfitter_cfg.o
 .comment       0x0000006e       0x6f .\CortexM3\ARM_GCC_541\Debug\cymetadata.o
 .comment       0x0000006e       0x6f .\CortexM3\ARM_GCC_541\Debug\Cm3Start.o
 .comment       0x0000006e       0x6f .\CortexM3\ARM_GCC_541\Debug\BallPlate.a(PWM_X.o)
 .comment       0x0000006e       0x6f .\CortexM3\ARM_GCC_541\Debug\BallPlate.a(PWM_Y.o)
 .comment       0x0000006e       0x6f .\CortexM3\ARM_GCC_541\Debug\BallPlate.a(Timer.o)
 .comment       0x0000006e       0x6f .\CortexM3\ARM_GCC_541\Debug\BallPlate.a(ResistiveTouch.o)
 .comment       0x0000006e       0x6f .\CortexM3\ARM_GCC_541\Debug\BallPlate.a(isr_Timer.o)
 .comment       0x0000006e       0x6f .\CortexM3\ARM_GCC_541\Debug\BallPlate.a(ResistiveTouch_AMux.o)
 .comment       0x0000006e       0x6f .\CortexM3\ARM_GCC_541\Debug\BallPlate.a(ResistiveTouch_ADC.o)
 .comment       0x0000006e       0x6f .\CortexM3\ARM_GCC_541\Debug\BallPlate.a(ResistiveTouch_ADC_INT.o)
 .comment       0x0000006e       0x6f .\CortexM3\ARM_GCC_541\Debug\BallPlate.a(ResistiveTouch_ADC_AMux.o)
 .comment       0x0000006e       0x6f .\CortexM3\ARM_GCC_541\Debug\BallPlate.a(ResistiveTouch_ADC_Ext_CP_Clk.o)
 .comment       0x0000006e       0x6f .\CortexM3\ARM_GCC_541\Debug\BallPlate.a(ResistiveTouch_ADC_theACLK.o)
 .comment       0x0000006e       0x6f .\CortexM3\ARM_GCC_541\Debug\BallPlate.a(CyLib.o)
 .comment       0x0000006e       0x6f .\CortexM3\ARM_GCC_541\Debug\BallPlate.a(cyPm.o)
 .comment       0x0000006e       0x6f .\CortexM3\ARM_GCC_541\Debug\BallPlate.a(CyFlash.o)
 .comment       0x0000006e       0x6f .\CortexM3\ARM_GCC_541\Debug\BallPlate.a(CySpc.o)

.debug_weaknames
 *(.debug_weaknames)

.debug_funcnames
 *(.debug_funcnames)

.debug_typenames
 *(.debug_typenames)

.debug_varnames
 *(.debug_varnames)

.note.gnu.arm.ident
 *(.note.gnu.arm.ident)

.ARM.attributes
                0x00000000       0x29
 *(.ARM.attributes)
 .ARM.attributes
                0x00000000       0x1d c:/program files (x86)/cypress/psoc creator/4.1/psoc creator/import/gnu/arm/5.4.1/bin/../lib/gcc/arm-none-eabi/5.4.1/armv7-m/crti.o
 .ARM.attributes
                0x0000001d       0x2d c:/program files (x86)/cypress/psoc creator/4.1/psoc creator/import/gnu/arm/5.4.1/bin/../lib/gcc/arm-none-eabi/5.4.1/armv7-m/crtbegin.o
 .ARM.attributes
                0x0000004a       0x1b c:/program files (x86)/cypress/psoc creator/4.1/psoc creator/import/gnu/arm/5.4.1/bin/../lib/gcc/arm-none-eabi/5.4.1/../../../../arm-none-eabi/lib/armv7-m/crt0.o
 .ARM.attributes
                0x00000065       0x33 .\CortexM3\ARM_GCC_541\Debug\main.o
 .ARM.attributes
                0x00000098       0x33 .\CortexM3\ARM_GCC_541\Debug\cyfitter_cfg.o
 .ARM.attributes
                0x000000cb       0x33 .\CortexM3\ARM_GCC_541\Debug\cymetadata.o
 .ARM.attributes
                0x000000fe       0x33 .\CortexM3\ARM_GCC_541\Debug\Cm3Start.o
 .ARM.attributes
                0x00000131       0x33 .\CortexM3\ARM_GCC_541\Debug\BallPlate.a(PWM_X.o)
 .ARM.attributes
                0x00000164       0x33 .\CortexM3\ARM_GCC_541\Debug\BallPlate.a(PWM_Y.o)
 .ARM.attributes
                0x00000197       0x33 .\CortexM3\ARM_GCC_541\Debug\BallPlate.a(Timer.o)
 .ARM.attributes
                0x000001ca       0x33 .\CortexM3\ARM_GCC_541\Debug\BallPlate.a(ResistiveTouch.o)
 .ARM.attributes
                0x000001fd       0x33 .\CortexM3\ARM_GCC_541\Debug\BallPlate.a(isr_Timer.o)
 .ARM.attributes
                0x00000230       0x33 .\CortexM3\ARM_GCC_541\Debug\BallPlate.a(ResistiveTouch_AMux.o)
 .ARM.attributes
                0x00000263       0x33 .\CortexM3\ARM_GCC_541\Debug\BallPlate.a(ResistiveTouch_ADC.o)
 .ARM.attributes
                0x00000296       0x33 .\CortexM3\ARM_GCC_541\Debug\BallPlate.a(ResistiveTouch_ADC_INT.o)
 .ARM.attributes
                0x000002c9       0x33 .\CortexM3\ARM_GCC_541\Debug\BallPlate.a(ResistiveTouch_ADC_AMux.o)
 .ARM.attributes
                0x000002fc       0x33 .\CortexM3\ARM_GCC_541\Debug\BallPlate.a(ResistiveTouch_ADC_Ext_CP_Clk.o)
 .ARM.attributes
                0x0000032f       0x33 .\CortexM3\ARM_GCC_541\Debug\BallPlate.a(ResistiveTouch_ADC_theACLK.o)
 .ARM.attributes
                0x00000362       0x33 .\CortexM3\ARM_GCC_541\Debug\BallPlate.a(CyLib.o)
 .ARM.attributes
                0x00000395       0x33 .\CortexM3\ARM_GCC_541\Debug\BallPlate.a(cyPm.o)
 .ARM.attributes
                0x000003c8       0x21 .\CortexM3\ARM_GCC_541\Debug\BallPlate.a(CyBootAsmGnu.o)
 .ARM.attributes
                0x000003e9       0x33 .\CortexM3\ARM_GCC_541\Debug\BallPlate.a(CyFlash.o)
 .ARM.attributes
                0x0000041c       0x33 .\CortexM3\ARM_GCC_541\Debug\BallPlate.a(CySpc.o)
 .ARM.attributes
                0x0000044f       0x1d c:/program files (x86)/cypress/psoc creator/4.1/psoc creator/import/gnu/arm/5.4.1/bin/../lib/gcc/arm-none-eabi/5.4.1/armv7-m\libgcc.a(_arm_addsubdf3.o)
 .ARM.attributes
                0x0000046c       0x1d c:/program files (x86)/cypress/psoc creator/4.1/psoc creator/import/gnu/arm/5.4.1/bin/../lib/gcc/arm-none-eabi/5.4.1/armv7-m\libgcc.a(_arm_cmpdf2.o)
 .ARM.attributes
                0x00000489       0x1d c:/program files (x86)/cypress/psoc creator/4.1/psoc creator/import/gnu/arm/5.4.1/bin/../lib/gcc/arm-none-eabi/5.4.1/armv7-m\libgcc.a(_arm_addsubsf3.o)
 .ARM.attributes
                0x000004a6       0x1d c:/program files (x86)/cypress/psoc creator/4.1/psoc creator/import/gnu/arm/5.4.1/bin/../lib/gcc/arm-none-eabi/5.4.1/armv7-m\libgcc.a(_arm_muldivsf3.o)
 .ARM.attributes
                0x000004c3       0x1d c:/program files (x86)/cypress/psoc creator/4.1/psoc creator/import/gnu/arm/5.4.1/bin/../lib/gcc/arm-none-eabi/5.4.1/armv7-m\libgcc.a(_arm_fixunssfsi.o)
 .ARM.attributes
                0x000004e0       0x2d c:/program files (x86)/cypress/psoc creator/4.1/psoc creator/import/gnu/arm/5.4.1/bin/../lib/gcc/arm-none-eabi/5.4.1/../../../../arm-none-eabi/lib/armv7-m\libg_nano.a(lib_a-errno.o)
 .ARM.attributes
                0x0000050d       0x2d c:/program files (x86)/cypress/psoc creator/4.1/psoc creator/import/gnu/arm/5.4.1/bin/../lib/gcc/arm-none-eabi/5.4.1/../../../../arm-none-eabi/lib/armv7-m\libg_nano.a(lib_a-exit.o)
 .ARM.attributes
                0x0000053a       0x2d c:/program files (x86)/cypress/psoc creator/4.1/psoc creator/import/gnu/arm/5.4.1/bin/../lib/gcc/arm-none-eabi/5.4.1/../../../../arm-none-eabi/lib/armv7-m\libg_nano.a(lib_a-impure.o)
 .ARM.attributes
                0x00000567       0x2d c:/program files (x86)/cypress/psoc creator/4.1/psoc creator/import/gnu/arm/5.4.1/bin/../lib/gcc/arm-none-eabi/5.4.1/../../../../arm-none-eabi/lib/armv7-m\libg_nano.a(lib_a-init.o)
 .ARM.attributes
                0x00000594       0x2d c:/program files (x86)/cypress/psoc creator/4.1/psoc creator/import/gnu/arm/5.4.1/bin/../lib/gcc/arm-none-eabi/5.4.1/../../../../arm-none-eabi/lib/armv7-m\libg_nano.a(lib_a-memcpy-stub.o)
 .ARM.attributes
                0x000005c1       0x2d c:/program files (x86)/cypress/psoc creator/4.1/psoc creator/import/gnu/arm/5.4.1/bin/../lib/gcc/arm-none-eabi/5.4.1/../../../../arm-none-eabi/lib/armv7-m\libg_nano.a(lib_a-memset.o)
 .ARM.attributes
                0x000005ee       0x2d c:/program files (x86)/cypress/psoc creator/4.1/psoc creator/import/gnu/arm/5.4.1/bin/../lib/gcc/arm-none-eabi/5.4.1/armv7-m/crtend.o
 .ARM.attributes
                0x0000061b       0x1d c:/program files (x86)/cypress/psoc creator/4.1/psoc creator/import/gnu/arm/5.4.1/bin/../lib/gcc/arm-none-eabi/5.4.1/armv7-m/crtn.o

/DISCARD/
 *(.note.GNU-stack)
OUTPUT(C:\Users\TOSHIBA\Documents\PSoC Creator\PrimerAvance\BallPlate.cydsn\CortexM3\ARM_GCC_541\Debug\BallPlate.elf elf32-littlearm)
